Component: ARM Compiler 5.06 update 7 (build 960) Tool: armlink [4d3601]

==============================================================================

Section Cross References

    main.o(i.main) refers to bts_sys.o(i.BTS_Sys_Init) for BTS_Sys_Init
    main.o(i.main) refers to bts_uart3.o(i.SmartBTS_USART3_Init) for SmartBTS_USART3_Init
    main.o(i.main) refers to bts_uart.o(i.SmartBTS_USART0_Init) for SmartBTS_USART0_Init
    main.o(i.main) refers to tasks.o(i.xTaskCreate) for xTaskCreate
    main.o(i.main) refers to tasks.o(i.vTaskStartScheduler) for vTaskStartScheduler
    main.o(i.main) refers to bts_task_sys.o(i.BTS_RTOS_Task_SYS) for BTS_RTOS_Task_SYS
    main.o(i.main) refers to bts_task_io.o(i.BTS_RTOS_Task_IO) for BTS_RTOS_Task_IO
    main.o(i.main) refers to bts_task_msg_transmission.o(i.BTS_RTOS_Task_Msg) for BTS_RTOS_Task_Msg
    bts_uart.o(i.SmartBTS_USART0_Init) refers to gd32f30x_rcu.o(i.rcu_periph_clock_enable) for rcu_periph_clock_enable
    bts_uart.o(i.SmartBTS_USART0_Init) refers to gd32f30x_gpio.o(i.gpio_init) for gpio_init
    bts_uart.o(i.SmartBTS_USART0_Init) refers to gd32f30x_usart.o(i.usart_baudrate_set) for usart_baudrate_set
    bts_uart.o(i.SmartBTS_USART0_Init) refers to gd32f30x_usart.o(i.usart_transmit_config) for usart_transmit_config
    bts_uart.o(i.SmartBTS_USART0_Init) refers to gd32f30x_usart.o(i.usart_receive_config) for usart_receive_config
    bts_uart.o(i.SmartBTS_USART0_Init) refers to gd32f30x_usart.o(i.usart_interrupt_enable) for usart_interrupt_enable
    bts_uart.o(i.SmartBTS_USART0_Init) refers to gd32f30x_misc.o(i.nvic_priority_group_set) for nvic_priority_group_set
    bts_uart.o(i.SmartBTS_USART0_Init) refers to gd32f30x_misc.o(i.nvic_irq_enable) for nvic_irq_enable
    bts_uart.o(i.SmartBTS_USART0_Init) refers to gd32f30x_usart.o(i.usart_enable) for usart_enable
    bts_uart.o(i.SmartBTS_USART0_SendArrayByte) refers to bts_uart.o(i.SmartBTS_USART0_SendOneByte) for SmartBTS_USART0_SendOneByte
    bts_uart.o(i.SmartBTS_USART0_SendChar) refers to gd32f30x_usart.o(i.usart_data_transmit) for usart_data_transmit
    bts_uart.o(i.SmartBTS_USART0_SendChar) refers to gd32f30x_usart.o(i.usart_flag_get) for usart_flag_get
    bts_uart.o(i.SmartBTS_USART0_SendOneByte) refers to gd32f30x_usart.o(i.usart_data_transmit) for usart_data_transmit
    bts_uart.o(i.SmartBTS_USART0_SendOneByte) refers to gd32f30x_usart.o(i.usart_flag_get) for usart_flag_get
    bts_uart.o(i.SmartBTS_USART0_SendString) refers to bts_uart.o(i.SmartBTS_USART0_SendChar) for SmartBTS_USART0_SendChar
    bts_uart.o(i.USART0_IRQHandler) refers to gd32f30x_usart.o(i.usart_interrupt_flag_get) for usart_interrupt_flag_get
    bts_uart.o(i.USART0_IRQHandler) refers to gd32f30x_usart.o(i.usart_data_receive) for usart_data_receive
    bts_uart.o(i.USART0_IRQHandler) refers to bts_uart.o(.bss) for uart0_rxbuffer
    bts_uart.o(i.USART0_IRQHandler) refers to bts_uart.o(.data) for uart0_rxcount
    bts_uart.o(i.fputc) refers to bts_uart.o(i.SmartBTS_USART0_SendChar) for SmartBTS_USART0_SendChar
    bts_sys.o(i.BTS_SysMutexInit) refers to queue.o(i.xQueueCreateMutex) for xQueueCreateMutex
    bts_sys.o(i.BTS_SysMutexInit) refers to bts_sys.o(.bss) for MutexTask
    bts_sys.o(i.BTS_Sys_Debug) refers to _printf_percent.o(.ARM.Collect$$_printf_percent$$00000000) for _printf_percent
    bts_sys.o(i.BTS_Sys_Debug) refers to _printf_d.o(.ARM.Collect$$_printf_percent$$00000009) for _printf_d
    bts_sys.o(i.BTS_Sys_Debug) refers to _printf_dec.o(.text) for _printf_int_dec
    bts_sys.o(i.BTS_Sys_Debug) refers to _printf_s.o(.ARM.Collect$$_printf_percent$$00000014) for _printf_s
    bts_sys.o(i.BTS_Sys_Debug) refers to _printf_str.o(.text) for _printf_str
    bts_sys.o(i.BTS_Sys_Debug) refers to _printf_f.o(.ARM.Collect$$_printf_percent$$00000003) for _printf_f
    bts_sys.o(i.BTS_Sys_Debug) refers to printf1.o(x$fpl$printf1) for _printf_fp_dec
    bts_sys.o(i.BTS_Sys_Debug) refers to _printf_x.o(.ARM.Collect$$_printf_percent$$0000000C) for _printf_x
    bts_sys.o(i.BTS_Sys_Debug) refers to _printf_hex_int.o(.text) for _printf_longlong_hex
    bts_sys.o(i.BTS_Sys_Debug) refers to noretval__2sprintf.o(.text) for __2sprintf
    bts_sys.o(i.BTS_Sys_Debug) refers to bts_sys.o(i.BTS_Sys_SendString) for BTS_Sys_SendString
    bts_sys.o(i.BTS_Sys_Debug) refers to bts_sys.o(i.BTS_Sys_SendChar) for BTS_Sys_SendChar
    bts_sys.o(i.BTS_Sys_EventInit) refers to event_groups.o(i.xEventGroupCreate) for xEventGroupCreate
    bts_sys.o(i.BTS_Sys_EventInit) refers to bts_sys.o(.bss) for EventTask
    bts_sys.o(i.BTS_Sys_Init) refers to bts_sys.o(i.BTS_SysMutexInit) for BTS_SysMutexInit
    bts_sys.o(i.BTS_Sys_Init) refers to bts_sys.o(i.BTS_Sys_EventInit) for BTS_Sys_EventInit
    bts_sys.o(i.BTS_Sys_Init) refers to bts_sys.o(i.BTS_Sys_QueueInit) for BTS_Sys_QueueInit
    bts_sys.o(i.BTS_Sys_QueueInit) refers to queue.o(i.xQueueGenericCreate) for xQueueGenericCreate
[...]
    i.vListInsert                            0x0800386e   Section        0  list.o(i.vListInsert)
    i.vPortEnterCritical                     0x080038a4   Section        0  port.o(i.vPortEnterCritical)
    i.vPortExitCritical                      0x080038c8   Section        0  port.o(i.vPortExitCritical)
    i.vPortFree                              0x080038e8   Section        0  heap_4.o(i.vPortFree)
    i.vPortSetupTimerInterrupt               0x08003934   Section        0  port.o(i.vPortSetupTimerInterrupt)
    i.vQueueDelete                           0x0800395c   Section        0  queue.o(i.vQueueDelete)
    i.vQueueWaitForMessageRestricted         0x08003970   Section        0  queue.o(i.vQueueWaitForMessageRestricted)
    i.vTaskDelay                             0x080039bc   Section        0  tasks.o(i.vTaskDelay)
    i.vTaskInternalSetTimeOutState           0x080039f0   Section        0  tasks.o(i.vTaskInternalSetTimeOutState)
    i.vTaskMissedYield                       0x08003a08   Section        0  tasks.o(i.vTaskMissedYield)
    i.vTaskPlaceOnEventList                  0x08003a14   Section        0  tasks.o(i.vTaskPlaceOnEventList)
    i.vTaskPlaceOnEventListRestricted        0x08003a34   Section        0  tasks.o(i.vTaskPlaceOnEventListRestricted)
    i.vTaskPlaceOnUnorderedEventList         0x08003a80   Section        0  tasks.o(i.vTaskPlaceOnUnorderedEventList)
    i.vTaskPriorityDisinheritAfterTimeout    0x08003ad0   Section        0  tasks.o(i.vTaskPriorityDisinheritAfterTimeout)
    i.vTaskRemoveFromUnorderedEventList      0x08003b90   Section        0  tasks.o(i.vTaskRemoveFromUnorderedEventList)
    i.vTaskStartScheduler                    0x08003c5c   Section        0  tasks.o(i.vTaskStartScheduler)
    i.vTaskSuspendAll                        0x08003cf8   Section        0  tasks.o(i.vTaskSuspendAll)
    i.vTaskSwitchContext                     0x08003d08   Section        0  tasks.o(i.vTaskSwitchContext)
    i.xEventGroupCreate                      0x08003db8   Section        0  event_groups.o(i.xEventGroupCreate)
    i.xEventGroupSetBits                     0x08003dd6   Section        0  event_groups.o(i.xEventGroupSetBits)
    i.xEventGroupWaitBits                    0x08003e68   Section        0  event_groups.o(i.xEventGroupWaitBits)
    i.xPortStartScheduler                    0x08003f34   Section        0  port.o(i.xPortStartScheduler)
    i.xPortSysTickHandler                    0x08003f7c   Section        0  port.o(i.xPortSysTickHandler)
    i.xQueueCreateMutex                      0x08003fb0   Section        0  queue.o(i.xQueueCreateMutex)
    i.xQueueCreateMutexStatic                0x08003fd2   Section        0  queue.o(i.xQueueCreateMutexStatic)
    i.xQueueGenericCreate                    0x08003ffc   Section        0  queue.o(i.xQueueGenericCreate)
    i.xQueueGenericCreateStatic              0x0800404e   Section        0  queue.o(i.xQueueGenericCreateStatic)
    i.xQueueGenericReset                     0x0800408c   Section        0  queue.o(i.xQueueGenericReset)
    i.xQueueGenericSend                      0x0800412c   Section        0  queue.o(i.xQueueGenericSend)
    i.xQueueReceive                          0x08004244   Section        0  queue.o(i.xQueueReceive)
    i.xQueueSemaphoreTake                    0x08004348   Section        0  queue.o(i.xQueueSemaphoreTake)
    i.xTaskCheckForTimeOut                   0x08004478   Section        0  tasks.o(i.xTaskCheckForTimeOut)
    i.xTaskCreate                            0x080044d8   Section        0  tasks.o(i.xTaskCreate)
    i.xTaskCreateStatic                      0x08004544   Section        0  tasks.o(i.xTaskCreateStatic)
    i.xTaskGetSchedulerState                 0x0800459c   Section        0  tasks.o(i.xTaskGetSchedulerState)
    i.xTaskGetTickCount                      0x080045bc   Section        0  tasks.o(i.xTaskGetTickCount)
    i.xTaskIncrementTick                     0x080045c8   Section        0  tasks.o(i.xTaskIncrementTick)
    i.xTaskPriorityDisinherit                0x08004758   Section        0  tasks.o(i.xTaskPriorityDisinherit)
    i.xTaskPriorityInherit                   0x080047ec   Section        0  tasks.o(i.xTaskPriorityInherit)
    i.xTaskRemoveFromEventList               0x080048c4   Section        0  tasks.o(i.xTaskRemoveFromEventList)
    i.xTaskResumeAll                         0x080049cc   Section        0  tasks.o(i.xTaskResumeAll)
    i.xTimerCreateTimerTask                  0x08004b24   Section        0  timers.o(i.xTimerCreateTimerTask)
    locale$$code                             0x08004b84   Section       44  lc_numeric_c.o(locale$$code)
    x$fpl$d2f                                0x08004bb0   Section       98  d2f.o(x$fpl$d2f)
    $v0                                      0x08004bb0   Number         0  d2f.o(x$fpl$d2f)
    x$fpl$dadd                               0x08004c14   Section      336  daddsub_clz.o(x$fpl$dadd)
    $v0                                      0x08004c14   Number         0  daddsub_clz.o(x$fpl$dadd)
    _dadd1                                   0x08004c25   Thumb Code     0  daddsub_clz.o(x$fpl$dadd)
    x$fpl$dfltu                              0x08004d64   Section       38  dflt_clz.o(x$fpl$dfltu)
    $v0                                      0x08004d64   Number         0  dflt_clz.o(x$fpl$dfltu)
    x$fpl$dnaninf                            0x08004d8a   Section      156  dnaninf.o(x$fpl$dnaninf)
    $v0                                      0x08004d8a   Number         0  dnaninf.o(x$fpl$dnaninf)
    x$fpl$dretinf                            0x08004e26   Section       12  dretinf.o(x$fpl$dretinf)
    $v0                                      0x08004e26   Number         0  dretinf.o(x$fpl$dretinf)
    x$fpl$dsub                               0x08004e34   Section      468  daddsub_clz.o(x$fpl$dsub)
    $v0                                      0x08004e34   Number         0  daddsub_clz.o(x$fpl$dsub)
    _dsub1                                   0x08004e45   Thumb Code     0  daddsub_clz.o(x$fpl$dsub)
    x$fpl$fpinit                             0x08005008   Section       10  fpinit.o(x$fpl$fpinit)
    $v0                                      0x08005008   Number         0  fpinit.o(x$fpl$fpinit)
    x$fpl$fretinf                            0x08005012   Section       10  fretinf.o(x$fpl$fretinf)
    $v0                                      0x08005012   Number         0  fretinf.o(x$fpl$fretinf)
    x$fpl$printf1                            0x0800501c   Section        4  printf1.o(x$fpl$printf1)
    $v0                                      0x0800501c   Number         0  printf1.o(x$fpl$printf1)
    .constdata                               0x08005020   Section       40  _printf_hex_int.o(.constdata)
    x$fpl$usenofp                            0x08005020   Section        0  usenofp.o(x$fpl$usenofp)
    uc_hextab                                0x08005020   Data          20  _printf_hex_int.o(.constdata)
    lc_hextab                                0x08005034   Data          20  _printf_hex_int.o(.constdata)
    .constdata                               0x08005048   Section       17  __printf_flags_ss_wp.o(.constdata)
    maptable                                 0x08005048   Data          17  __printf_flags_ss_wp.o(.constdata)
    .constdata                               0x0800505c   Section      148  bigflt0.o(.constdata)
    tenpwrs_x                                0x0800505c   Data          60  bigflt0.o(.constdata)
    tenpwrs_i                                0x08005098   Data          64  bigflt0.o(.constdata)
    locale$$data                             0x08005110   Section       28  lc_numeric_c.o(locale$$data)
    __lcnum_c_name                           0x08005114   Data           2  lc_numeric_c.o(locale$$data)
    __lcnum_c_start                          0x0800511c   Data           0  lc_numeric_c.o(locale$$data)
    __lcnum_c_point                          0x08005128   Data           0  lc_numeric_c.o(locale$$data)
    __lcnum_c_thousands                      0x0800512a   Data           0  lc_numeric_c.o(locale$$data)
    __lcnum_c_grouping                       0x0800512b   Data           0  lc_numeric_c.o(locale$$data)
    __lcnum_c_end                            0x0800512c   Data           0  lc_numeric_c.o(locale$$data)
    .data                                    0x20000000   Section        8  bts_uart.o(.data)
    .data                                    0x20000008   Section       17  bts_get_message.o(.data)
    .data                                    0x2000001c   Section        4  system_gd32f30x.o(.data)
    .data                                    0x20000020   Section       28  heap_4.o(.data)
    xStart                                   0x20000020   Data           8  heap_4.o(.data)
    pxEnd                                    0x20000028   Data           4  heap_4.o(.data)
    xFreeBytesRemaining                      0x2000002c   Data           4  heap_4.o(.data)
    xMinimumEverFreeBytesRemaining           0x20000030   Data           4  heap_4.o(.data)
    xNumberOfSuccessfulAllocations           0x20000034   Data           4  heap_4.o(.data)
    xNumberOfSuccessfulFrees                 0x20000038   Data           4  heap_4.o(.data)
    .data                                    0x2000003c   Section        4  port.o(.data)
    uxCriticalNesting                        0x2000003c   Data           4  port.o(.data)
    .data                                    0x20000040   Section       64  tasks.o(.data)
    pxDelayedTaskList                        0x20000044   Data           4  tasks.o(.data)
    pxOverflowDelayedTaskList                0x20000048   Data           4  tasks.o(.data)
    uxDeletedTasksWaitingCleanUp             0x2000004c   Data           4  tasks.o(.data)
    uxCurrentNumberOfTasks                   0x20000050   Data           4  tasks.o(.data)
    xTickCount                               0x20000054   Data           4  tasks.o(.data)
    uxTopReadyPriority                       0x20000058   Data           4  tasks.o(.data)
    xSchedulerRunning                        0x2000005c   Data           4  tasks.o(.data)
    xPendedTicks                             0x20000060   Data           4  tasks.o(.data)
    xYieldPending                            0x20000064   Data           4  tasks.o(.data)
    xNumOfOverflows                          0x20000068   Data           4  tasks.o(.data)
    uxTaskNumber                             0x2000006c   Data           4  tasks.o(.data)
    xNextTaskUnblockTime                     0x20000070   Data           4  tasks.o(.data)
    xIdleTaskHandle                          0x20000074   Data           4  tasks.o(.data)
    uxSchedulerSuspended                     0x2000007c   Data           4  tasks.o(.data)
    .data                                    0x20000080   Section       20  timers.o(.data)
    pxCurrentTimerList                       0x20000080   Data           4  timers.o(.data)
    pxOverflowTimerList                      0x20000084   Data           4  timers.o(.data)
    xTimerQueue                              0x20000088   Data           4  timers.o(.data)
    xTimerTaskHandle                         0x2000008c   Data           4  timers.o(.data)
    xLastTime                                0x20000090   Data           4  timers.o(.data)
    .bss                                     0x20000094   Section      100  bts_uart.o(.bss)
    .bss                                     0x200000f8   Section       68  bts_sys.o(.bss)
    .bss                                     0x2000013c   Section      150  bts_uart3.o(.bss)
    .bss                                     0x200001d4   Section      916  clib_arm.o(.bss)
    os_libspace                              0x200001d4   Data         480  clib_arm.o(.bss)
    os_libspace_id                           0x200003b4   Data          16  clib_arm.o(.bss)
    clib_mutex_cb                            0x200003c4   Data         400  clib_arm.o(.bss)
    clib_mutex_id                            0x20000554   Data          20  clib_arm.o(.bss)
    .bss                                     0x20000568   Section     1016  cmsis_os2.o(.bss)
    Idle_TCB                                 0x20000568   Data          92  cmsis_os2.o(.bss)
    Idle_Stack                               0x200005c4   Data         512  cmsis_os2.o(.bss)
    Timer_TCB                                0x200007c4   Data          92  cmsis_os2.o(.bss)
    Timer_Stack                              0x20000820   Data         320  cmsis_os2.o(.bss)
    .bss                                     0x20000960   Section     8192  heap_4.o(.bss)
    ucHeap                                   0x20000960   Data        8192  heap_4.o(.bss)
    .bss                                     0x20002960   Section     1220  tasks.o(.bss)
    pxReadyTasksLists                        0x20002960   Data        1120  tasks.o(.bss)
    xDelayedTaskList1                        0x20002dc0   Data          20  tasks.o(.bss)
    xDelayedTaskList2                        0x20002dd4   Data          20  tasks.o(.bss)
    xPendingReadyList                        0x20002de8   Data          20  tasks.o(.bss)
    xTasksWaitingTermination                 0x20002dfc   Data          20  tasks.o(.bss)
    xSuspendedTaskList                       0x20002e10   Data          20  tasks.o(.bss)
    .bss                                     0x20002e24   Section      200  timers.o(.bss)
    xActiveTimerList1                        0x20002e24   Data          20  timers.o(.bss)
    xActiveTimerList2                        0x20002e38   Data          20  timers.o(.bss)
    xStaticTimerQueue                        0x20002e4c   Data          80  timers.o(.bss)
    ucStaticTimerQueueStorage                0x20002e9c   Data          80  timers.o(.bss)
    .bss                                     0x20002eec   Section       96  libspace.o(.bss)
    HEAP                                     0x20002f50   Section     1024  startup_gd32f30x_hd.o(HEAP)
    Heap_Mem                                 0x20002f50   Data        1024  startup_gd32f30x_hd.o(HEAP)
    STACK                                    0x20003350   Section     1024  startup_gd32f30x_hd.o(STACK)
    Stack_Mem                                0x20003350   Data        1024  startup_gd32f30x_hd.o(STACK)
    __initial_sp                             0x20003750   Data           0  startup_gd32f30x_hd.o(STACK)

    Global Symbols

    Symbol Name                              Value     Ov Type        Size  Object(Section)

    BuildAttributes$$THM_ISAv4$E$P$D$K$B$S$7EM$VFPi3$EXTD16$VFPS$VFMA$PE$A:L22UL41UL21$X:L11$S22US41US21$IEEE1$IW$USESV6$~STKCKD$USESV7$~SHL$OTIME$ROPI$IEEEJ$EBA8$UX$STANDARDLIB$REQ8$PRES8$EABIv2 0x00000000   Number         0  anon$$obj.o ABSOLUTE
    __ARM_use_no_argv                        0x00000000   Number         0  main.o ABSOLUTE
    _printf_flags                            0x00000000   Number         0  printf_stubs.o ABSOLUTE
    _printf_return_value                     0x00000000   Number         0  printf_stubs.o ABSOLUTE
    _printf_sizespec                         0x00000000   Number         0  printf_stubs.o ABSOLUTE
    _printf_widthprec                        0x00000000   Number         0  printf_stubs.o ABSOLUTE
    __ARM_exceptions_init                     - Undefined Weak Reference
    __alloca_initialize                       - Undefined Weak Reference
    __arm_fini_                               - Undefined Weak Reference
    __arm_preinit_                            - Undefined Weak Reference
    __cpp_initialize__aeabi_                  - Undefined Weak Reference
    __cxa_finalize                            - Undefined Weak Reference
    __sigvec_lookup                           - Undefined Weak Reference
    _atexit_init                              - Undefined Weak Reference
    _call_atexit_fns                          - Undefined Weak Reference
    _clock_init                               - Undefined Weak Reference
    _fp_trap_init                             - Undefined Weak Reference
    _fp_trap_shutdown                         - Undefined Weak Reference
    _get_lc_collate                           - Undefined Weak Reference
    _get_lc_ctype                             - Undefined Weak Reference
    _get_lc_monetary                          - Undefined Weak Reference
    _get_lc_time                              - Undefined Weak Reference
    _getenv_init                              - Undefined Weak Reference
    _handle_redirection                       - Undefined Weak Reference
    _init_alloc                               - Undefined Weak Reference
    _init_user_alloc                          - Undefined Weak Reference
    _initio                                   - Undefined Weak Reference
    _printf_mbtowc                            - Undefined Weak Reference
    _printf_post_padding                      - Undefined Weak Reference
    _printf_pre_padding                       - Undefined Weak Reference
    _printf_truncate_signed                   - Undefined Weak Reference
    _printf_truncate_unsigned                 - Undefined Weak Reference
    _rand_init                                - Undefined Weak Reference
    _signal_finish                            - Undefined Weak Reference
    _signal_init                              - Undefined Weak Reference
    _terminate_alloc                          - Undefined Weak Reference
    _terminate_user_alloc                     - Undefined Weak Reference
    _terminateio                              - Undefined Weak Reference
    __Vectors_Size                           0x00000130   Number         0  startup_gd32f30x_hd.o ABSOLUTE
    __Vectors                                0x08000000   Data           4  startup_gd32f30x_hd.o(RESET)
    __Vectors_End                            0x08000130   Data           0  startup_gd32f30x_hd.o(RESET)
    __main                                   0x08000131   Thumb Code     8  __main.o(!!!main)
    __scatterload                            0x08000139   Thumb Code     0  __scatter.o(!!!scatter)
    __scatterload_rt2                        0x08000139   Thumb Code    44  __scatter.o(!!!scatter)
    __scatterload_rt2_thumb_only             0x08000139   Thumb Code     0  __scatter.o(!!!scatter)
    __scatterload_null                       0x08000147   Thumb Code     0  __scatter.o(!!!scatter)
    __scatterload_copy                       0x0800016d   Thumb Code    26  __scatter_copy.o(!!handler_copy)
    __scatterload_zeroinit                   0x08000189   Thumb Code    28  __scatter_zi.o(!!handler_zi)
    _printf_f                                0x080001a5   Thumb Code     0  _printf_f.o(.ARM.Collect$$_printf_percent$$00000003)
    _printf_percent                          0x080001a5   Thumb Code     0  _printf_percent.o(.ARM.Collect$$_printf_percent$$00000000)
    _printf_d                                0x080001ab   Thumb Code     0  _printf_d.o(.ARM.Collect$$_printf_percent$$00000009)
    _printf_x                                0x080001b1   Thumb Code     0  _printf_x.o(.ARM.Collect$$_printf_percent$$0000000C)
    _printf_s                                0x080001b7   Thumb Code     0  _printf_s.o(.ARM.Collect$$_printf_percent$$00000014)
    _printf_percent_end                      0x080001bd   Thumb Code     0  _printf_percent_end.o(.ARM.Collect$$_printf_percent$$00000017)
    __rt_lib_init                            0x080001c1   Thumb Code     0  libinit.o(.ARM.Collect$$libinit$$00000000)
    __rt_lib_init_fp_1                       0x080001c3   Thumb Code     0  libinit2.o(.ARM.Collect$$libinit$$00000001)
    __rt_lib_init_heap_1                     0x080001c7   Thumb Code     0  libinit2.o(.ARM.Collect$$libinit$$0000000A)
    __rt_lib_init_lc_common                  0x080001c7   Thumb Code     0  libinit2.o(.ARM.Collect$$libinit$$0000000F)
    __rt_lib_init_preinit_1                  0x080001c7   Thumb Code     0  libinit2.o(.ARM.Collect$$libinit$$00000004)
    __rt_lib_init_rand_1                     0x080001c7   Thumb Code     0  libinit2.o(.ARM.Collect$$libinit$$0000000E)
    __rt_lib_init_user_alloc_1               0x080001c7   Thumb Code     0  libinit2.o(.ARM.Collect$$libinit$$0000000C)
    __rt_lib_init_lc_collate_1               0x080001cd   Thumb Code     0  libinit2.o(.ARM.Collect$$libinit$$00000011)
    __rt_lib_init_lc_ctype_1                 0x080001cd   Thumb Code     0  libinit2.o(.ARM.Collect$$libinit$$00000013)
    __rt_lib_init_lc_monetary_1              0x080001cd   Thumb Code     0  libinit2.o(.ARM.Collect$$libinit$$00000015)
    __rt_lib_init_lc_numeric_2               0x080001cd   Thumb Code     0  libinit2.o(.ARM.Collect$$libinit$$00000016)
    __rt_lib_init_alloca_1                   0x080001d7   Thumb Code     0  libinit2.o(.ARM.Collect$$libinit$$0000002E)
    __rt_lib_init_argv_1                     0x080001d7   Thumb Code     0  libinit2.o(.ARM.Collect$$libinit$$0000002C)
    __rt_lib_init_atexit_1                   0x080001d7   Thumb Code     0  libinit2.o(.ARM.Collect$$libinit$$0000001B)
    __rt_lib_init_clock_1                    0x080001d7   Thumb Code     0  libinit2.o(.ARM.Collect$$libinit$$00000021)
    __rt_lib_init_cpp_1                      0x080001d7   Thumb Code     0  libinit2.o(.ARM.Collect$$libinit$$00000032)
    __rt_lib_init_exceptions_1               0x080001d7   Thumb Code     0  libinit2.o(.ARM.Collect$$libinit$$00000030)
    __rt_lib_init_fp_trap_1                  0x080001d7   Thumb Code     0  libinit2.o(.ARM.Collect$$libinit$$0000001F)
    __rt_lib_init_getenv_1                   0x080001d7   Thumb Code     0  libinit2.o(.ARM.Collect$$libinit$$00000023)
    __rt_lib_init_lc_numeric_1               0x080001d7   Thumb Code     0  libinit2.o(.ARM.Collect$$libinit$$00000017)
    __rt_lib_init_lc_time_1                  0x080001d7   Thumb Code     0  libinit2.o(.ARM.Collect$$libinit$$00000019)
    __rt_lib_init_return                     0x080001d7   Thumb Code     0  libinit2.o(.ARM.Collect$$libinit$$00000033)
    __rt_lib_init_signal_1                   0x080001d7   Thumb Code     0  libinit2.o(.ARM.Collect$$libinit$$0000001D)
    __rt_lib_init_stdio_1                    0x080001d7   Thumb Code     0  libinit2.o(.ARM.Collect$$libinit$$00000025)
    __rt_lib_shutdown                        0x080001d9   Thumb Code     0  libshutdown.o(.ARM.Collect$$libshutdown$$00000000)
    __rt_lib_shutdown_cpp_1                  0x080001db   Thumb Code     0  libshutdown2.o(.ARM.Collect$$libshutdown$$00000004)
    __rt_lib_shutdown_fini_1                 0x080001db   Thumb Code     0  libshutdown2.o(.ARM.Collect$$libshutdown$$00000002)
    __rt_lib_shutdown_fp_trap_1              0x080001db   Thumb Code     0  libshutdown2.o(.ARM.Collect$$libshutdown$$00000009)
    __rt_lib_shutdown_heap_1                 0x080001db   Thumb Code     0  libshutdown2.o(.ARM.Collect$$libshutdown$$00000011)
    __rt_lib_shutdown_return                 0x080001db   Thumb Code     0  libshutdown2.o(.ARM.Collect$$libshutdown$$00000012)
    __rt_lib_shutdown_signal_1               0x080001db   Thumb Code     0  libshutdown2.o(.ARM.Collect$$libshutdown$$0000000C)
    __rt_lib_shutdown_stdio_1                0x080001db   Thumb Code     0  libshutdown2.o(.ARM.Collect$$libshutdown$$00000006)
    __rt_lib_shutdown_user_alloc_1           0x080001db   Thumb Code     0  libshutdown2.o(.ARM.Collect$$libshutdown$$0000000E)
    __rt_entry                               0x080001dd   Thumb Code     0  __rtentry.o(.ARM.Collect$$rtentry$$00000000)
    __rt_entry_presh_1                       0x080001dd   Thumb Code     0  __rtentry2.o(.ARM.Collect$$rtentry$$00000002)
    __rt_entry_sh                            0x080001dd   Thumb Code     0  __rtentry4.o(.ARM.Collect$$rtentry$$00000004)
    __rt_entry_postsh_1                      0x080001e3   Thumb Code     0  __rtentry2.o(.ARM.Collect$$rtentry$$00000008)
    __rt_entry_li                            0x080001eb   Thumb Code     0  __rtentry2.o(.ARM.Collect$$rtentry$$0000000A)
    __rt_entry_main                          0x080001ef   Thumb Code     0  __rtentry2.o(.ARM.Collect$$rtentry$$0000000D)
    __rt_entry_postli_1                      0x080001ef   Thumb Code     0  __rtentry2.o(.ARM.Collect$$rtentry$$0000000C)
    __rt_exit                                0x080001f7   Thumb Code     0  rtexit.o(.ARM.Collect$$rtexit$$00000000)
    __rt_exit_ls                             0x080001f9   Thumb Code     0  rtexit2.o(.ARM.Collect$$rtexit$$00000003)
    __rt_exit_prels_1                        0x080001f9   Thumb Code     0  rtexit2.o(.ARM.Collect$$rtexit$$00000002)
    __rt_exit_exit                           0x080001fd   Thumb Code     0  rtexit2.o(.ARM.Collect$$rtexit$$00000004)
    SVC_Handler                              0x08000205   Thumb Code    28  port.o(.emb_text)
    __asm___6_port_c_39a90d8d__prvStartFirstTask 0x08000225   Thumb Code    36  port.o(.emb_text)
    __asm___6_port_c_39a90d8d__prvEnableVFP  0x0800024d   Thumb Code    16  port.o(.emb_text)
    PendSV_Handler                           0x08000261   Thumb Code    88  port.o(.emb_text)
    vPortGetIPSR                             0x080002bd   Thumb Code     6  port.o(.emb_text)
    Reset_Handler                            0x080002c5   Thumb Code     8  startup_gd32f30x_hd.o(.text)
    NMI_Handler                              0x080002cd   Thumb Code     2  startup_gd32f30x_hd.o(.text)
    HardFault_Handler                        0x080002cf   Thumb Code     2  startup_gd32f30x_hd.o(.text)
    MemManage_Handler                        0x080002d1   Thumb Code     2  startup_gd32f30x_hd.o(.text)
    BusFault_Handler                         0x080002d3   Thumb Code     2  startup_gd32f30x_hd.o(.text)
    UsageFault_Handler                       0x080002d5   Thumb Code     2  startup_gd32f30x_hd.o(.text)
    DebugMon_Handler                         0x080002d9   Thumb Code     2  startup_gd32f30x_hd.o(.text)
    ADC0_1_IRQHandler                        0x080002df   Thumb Code     0  startup_gd32f30x_hd.o(.text)
    ADC2_IRQHandler                          0x080002df   Thumb Code     0  startup_gd32f30x_hd.o(.text)
    CAN0_EWMC_IRQHandler                     0x080002df   Thumb Code     0  startup_gd32f30x_hd.o(.text)
    CAN0_RX1_IRQHandler                      0x080002df   Thumb Code     0  startup_gd32f30x_hd.o(.text)
    DMA0_Channel0_IRQHandler                 0x080002df   Thumb Code     0  startup_gd32f30x_hd.o(.text)
    DMA0_Channel1_IRQHandler                 0x080002df   Thumb Code     0  startup_gd32f30x_hd.o(.text)
    DMA0_Channel2_IRQHandler                 0x080002df   Thumb Code     0  startup_gd32f30x_hd.o(.text)
    DMA0_Channel3_IRQHandler                 0x080002df   Thumb Code     0  startup_gd32f30x_hd.o(.text)
    DMA0_Channel4_IRQHandler                 0x080002df   Thumb Code     0  startup_gd32f30x_hd.o(.text)
    DMA0_Channel5_IRQHandler                 0x080002df   Thumb Code     0  startup_gd32f30x_hd.o(.text)
    DMA0_Channel6_IRQHandler                 0x080002df   Thumb Code     0  startup_gd32f30x_hd.o(.text)
    DMA1_Channel0_IRQHandler                 0x080002df   Thumb Code     0  startup_gd32f30x_hd.o(.text)
    DMA1_Channel1_IRQHandler                 0x080002df   Thumb Code     0  startup_gd32f30x_hd.o(.text)
    DMA1_Channel2_IRQHandler                 0x080002df   Thumb Code     0  startup_gd32f30x_hd.o(.text)
    DMA1_Channel3_4_IRQHandler               0x080002df   Thumb Code     0  startup_gd32f30x_hd.o(.text)
    EXMC_IRQHandler                          0x080002df   Thumb Code     0  startup_gd32f30x_hd.o(.text)
    EXTI0_IRQHandler                         0x080002df   Thumb Code     0  startup_gd32f30x_hd.o(.text)
    EXTI10_15_IRQHandler                     0x080002df   Thumb Code     0  startup_gd32f30x_hd.o(.text)
    EXTI1_IRQHandler                         0x080002df   Thumb Code     0  startup_gd32f30x_hd.o(.text)
    EXTI2_IRQHandler                         0x080002df   Thumb Code     0  startup_gd32f30x_hd.o(.text)
    EXTI3_IRQHandler                         0x080002df   Thumb Code     0  startup_gd32f30x_hd.o(.text)
    EXTI4_IRQHandler                         0x080002df   Thumb Code     0  startup_gd32f30x_hd.o(.text)
    EXTI5_9_IRQHandler                       0x080002df   Thumb Code     0  startup_gd32f30x_hd.o(.text)
    FMC_IRQHandler                           0x080002df   Thumb Code     0  startup_gd32f30x_hd.o(.text)
    I2C0_ER_IRQHandler                       0x080002df   Thumb Code     0  startup_gd32f30x_hd.o(.text)
    I2C0_EV_IRQHandler                       0x080002df   Thumb Code     0  startup_gd32f30x_hd.o(.text)
    I2C1_ER_IRQHandler                       0x080002df   Thumb Code     0  startup_gd32f30x_hd.o(.text)
    I2C1_EV_IRQHandler                       0x080002df   Thumb Code     0  startup_gd32f30x_hd.o(.text)
    LVD_IRQHandler                           0x080002df   Thumb Code     0  startup_gd32f30x_hd.o(.text)
    RCU_CTC_IRQHandler                       0x080002df   Thumb Code     0  startup_gd32f30x_hd.o(.text)
    RTC_Alarm_IRQHandler                     0x080002df   Thumb Code     0  startup_gd32f30x_hd.o(.text)
    RTC_IRQHandler                           0x080002df   Thumb Code     0  startup_gd32f30x_hd.o(.text)
    SDIO_IRQHandler                          0x080002df   Thumb Code     0  startup_gd32f30x_hd.o(.text)
    SPI0_IRQHandler                          0x080002df   Thumb Code     0  startup_gd32f30x_hd.o(.text)
    SPI1_IRQHandler                          0x080002df   Thumb Code     0  startup_gd32f30x_hd.o(.text)
    SPI2_IRQHandler                          0x080002df   Thumb Code     0  startup_gd32f30x_hd.o(.text)
    TAMPER_IRQHandler                        0x080002df   Thumb Code     0  startup_gd32f30x_hd.o(.text)
    TIMER0_BRK_IRQHandler                    0x080002df   Thumb Code     0  startup_gd32f30x_hd.o(.text)
    TIMER0_Channel_IRQHandler                0x080002df   Thumb Code     0  startup_gd32f30x_hd.o(.text)
    TIMER0_TRG_CMT_IRQHandler                0x080002df   Thumb Code     0  startup_gd32f30x_hd.o(.text)
    TIMER0_UP_IRQHandler                     0x080002df   Thumb Code     0  startup_gd32f30x_hd.o(.text)
    TIMER1_IRQHandler                        0x080002df   Thumb Code     0  startup_gd32f30x_hd.o(.text)
    TIMER2_IRQHandler                        0x080002df   Thumb Code     0  startup_gd32f30x_hd.o(.text)
    TIMER3_IRQHandler                        0x080002df   Thumb Code     0  startup_gd32f30x_hd.o(.text)
    TIMER4_IRQHandler                        0x080002df   Thumb Code     0  startup_gd32f30x_hd.o(.text)
    TIMER5_IRQHandler                        0x080002df   Thumb Code     0  startup_gd32f30x_hd.o(.text)
    TIMER6_IRQHandler                        0x080002df   Thumb Code     0  startup_gd32f30x_hd.o(.text)
    TIMER7_BRK_IRQHandler                    0x080002df   Thumb Code     0  startup_gd32f30x_hd.o(.text)
    TIMER7_Channel_IRQHandler                0x080002df   Thumb Code     0  startup_gd32f30x_hd.o(.text)
    TIMER7_TRG_CMT_IRQHandler                0x080002df   Thumb Code     0  startup_gd32f30x_hd.o(.text)
    TIMER7_UP_IRQHandler                     0x080002df   Thumb Code     0  startup_gd32f30x_hd.o(.text)
    UART4_IRQHandler                         0x080002df   Thumb Code     0  startup_gd32f30x_hd.o(.text)
    USART1_IRQHandler                        0x080002df   Thumb Code     0  startup_gd32f30x_hd.o(.text)
    USART2_IRQHandler                        0x080002df   Thumb Code     0  startup_gd32f30x_hd.o(.text)
    USBD_HP_CAN0_TX_IRQHandler               0x080002df   Thumb Code     0  startup_gd32f30x_hd.o(.text)
    USBD_LP_CAN0_RX0_IRQHandler              0x080002df   Thumb Code     0  startup_gd32f30x_hd.o(.text)
    USBD_WKUP_IRQHandler                     0x080002df   Thumb Code     0  startup_gd32f30x_hd.o(.text)
    WWDGT_IRQHandler                         0x080002df   Thumb Code     0  startup_gd32f30x_hd.o(.text)
    __user_initial_stackheap                 0x080002e1   Thumb Code    10  startup_gd32f30x_hd.o(.text)
    __2sprintf                               0x08000305   Thumb Code    34  noretval__2sprintf.o(.text)
    _printf_str                              0x0800032d   Thumb Code    82  _printf_str.o(.text)
    _printf_int_dec                          0x08000381   Thumb Code   104  _printf_dec.o(.text)
    _printf_int_hex                          0x080003f9   Thumb Code    84  _printf_hex_int.o(.text)
    _printf_longlong_hex                     0x080003f9   Thumb Code     0  _printf_hex_int.o(.text)
    __printf                                 0x08000451   Thumb Code   388  __printf_flags_ss_wp.o(.text)
    __aeabi_memcpy                           0x080005d9   Thumb Code     0  rt_memcpy_v6.o(.text)
    __rt_memcpy                              0x080005d9   Thumb Code   138  rt_memcpy_v6.o(.text)
    _memcpy_lastbytes                        0x0800063f   Thumb Code     0  rt_memcpy_v6.o(.text)
    __aeabi_memset                           0x08000663   Thumb Code    16  aeabi_memset.o(.text)
    __aeabi_memclr                           0x08000673   Thumb Code     0  rt_memclr.o(.text)
    __rt_memclr                              0x08000673   Thumb Code    68  rt_memclr.o(.text)
    _memset                                  0x08000677   Thumb Code     0  rt_memclr.o(.text)
    __aeabi_memclr4                          0x080006b7   Thumb Code     0  rt_memclr_w.o(.text)
    __aeabi_memclr8                          0x080006b7   Thumb Code     0  rt_memclr_w.o(.text)
    __rt_memclr_w                            0x080006b7   Thumb Code    78  rt_memclr_w.o(.text)
    _memset_w                                0x080006bb   Thumb Code     0  rt_memclr_w.o(.text)
    __use_two_region_memory                  0x08000705   Thumb Code     2  heapauxi.o(.text)
    __rt_heap_escrow$2region                 0x08000707   Thumb Code     2  heapauxi.o(.text)
    __rt_heap_expand$2region                 0x08000709   Thumb Code     2  heapauxi.o(.text)
    _printf_int_common                       0x0800070b   Thumb Code   178  _printf_intcommon.o(.text)
    __lib_sel_fp_printf                      0x080007bd   Thumb Code     2  _printf_fp_dec.o(.text)
    _printf_fp_dec_real                      0x0800096f   Thumb Code   620  _printf_fp_dec.o(.text)
    _printf_char_common                      0x08000be7   Thumb Code    32  _printf_char_common.o(.text)
    _sputc                                   0x08000c0d   Thumb Code    10  _sputc.o(.text)
    _printf_cs_common                        0x08000c17   Thumb Code    20  _printf_char.o(.text)
    _printf_char                             0x08000c2b   Thumb Code    16  _printf_char.o(.text)
    _printf_string                           0x08000c3b   Thumb Code     8  _printf_char.o(.text)
    __aeabi_memcpy4                          0x08000c43   Thumb Code     0  rt_memcpy_w.o(.text)
    __aeabi_memcpy8                          0x08000c43   Thumb Code     0  rt_memcpy_w.o(.text)
    __rt_memcpy_w                            0x08000c43   Thumb Code   100  rt_memcpy_w.o(.text)
    _memcpy_lastbytes_aligned                0x08000c8b   Thumb Code     0  rt_memcpy_w.o(.text)
    __rt_locale                              0x08000ca7   Thumb Code    10  rt_locale_twolibspace.o(.text)
    _ll_udiv10                               0x08000cb1   Thumb Code   138  lludiv10.o(.text)
    _printf_fp_infnan                        0x08000d3d   Thumb Code   112  _printf_fp_infnan.o(.text)
    _btod_etento                             0x08000dbd   Thumb Code   224  bigflt0.o(.text)
    __user_libspace                          0x08000ea1   Thumb Code     8  libspace.o(.text)
    __user_perproc_libspace                  0x08000ea1   Thumb Code     0  libspace.o(.text)
    __user_setup_stackheap                   0x08000ea9   Thumb Code    74  sys_stackheap_outer.o(.text)
    exit                                     0x08000ef3   Thumb Code    18  exit.o(.text)
    strcmp                                   0x08000f05   Thumb Code   128  strcmpv7m.o(.text)
    _sys_exit                                0x08000f85   Thumb Code     8  sys_exit.o(.text)
    __I$use$semihosting                      0x08000f91   Thumb Code     0  use_no_semi.o(.text)
    __use_no_semihosting_swi                 0x08000f91   Thumb Code     2  use_no_semi.o(.text)
    __semihosting_library_function           0x08000f93   Thumb Code     0  indicate_semi.o(.text)
    _btod_d2e                                0x08000f93   Thumb Code    62  btod.o(CL$$btod_d2e)
    _d2e_denorm_low                          0x08000fd1   Thumb Code    70  btod.o(CL$$btod_d2e_denorm_low)
    _d2e_norm_op1                            0x08001017   Thumb Code    96  btod.o(CL$$btod_d2e_norm_op1)
    __btod_div_common                        0x08001077   Thumb Code   696  btod.o(CL$$btod_div_common)
    _e2e                                     0x080013af   Thumb Code   220  btod.o(CL$$btod_e2e)
    _btod_ediv                               0x0800148b   Thumb Code    42  btod.o(CL$$btod_ediv)
    _btod_emul                               0x080014b5   Thumb Code    42  btod.o(CL$$btod_emul)
    __btod_mult_common                       0x080014df   Thumb Code   580  btod.o(CL$$btod_mult_common)
    BTS_Frame_Creat_Device                   0x08001723   Thumb Code   116  bts_frame_message.o(i.BTS_Frame_Creat_Device)
    BTS_Frame_Creat_Sensor                   0x08001799   Thumb Code   192  bts_frame_message.o(i.BTS_Frame_Creat_Sensor)
    BTS_Get_Message                          0x08001861   Thumb Code   188  bts_get_message.o(i.BTS_Get_Message)
    BTS_RTOS_Task_IO                         0x08001939   Thumb Code    38  bts_task_io.o(i.BTS_RTOS_Task_IO)
    BTS_RTOS_Task_Msg                        0x0800195f   Thumb Code    26  bts_task_msg_transmission.o(i.BTS_RTOS_Task_Msg)
    BTS_RTOS_Task_SYS                        0x08001979   Thumb Code    28  bts_task_sys.o(i.BTS_RTOS_Task_SYS)
    BTS_SysMutexInit                         0x08001995   Thumb Code    34  bts_sys.o(i.BTS_SysMutexInit)
    BTS_Sys_Debug                            0x080019bd   Thumb Code   198  bts_sys.o(i.BTS_Sys_Debug)
    BTS_Sys_EventInit                        0x08001aad   Thumb Code    66  bts_sys.o(i.BTS_Sys_EventInit)
    BTS_Sys_Init                             0x08001af5   Thumb Code    16  bts_sys.o(i.BTS_Sys_Init)
    BTS_Sys_QueueInit                        0x08001b05   Thumb Code    32  bts_sys.o(i.BTS_Sys_QueueInit)
    BTS_Sys_SendChar                         0x08001b29   Thumb Code    38  bts_sys.o(i.BTS_Sys_SendChar)
    BTS_Sys_SendString                       0x08001b55   Thumb Code    22  bts_sys.o(i.BTS_Sys_SendString)
    Bts_Convert_From_Bytes_To_Float          0x08001b6b   Thumb Code    24  bts_convert.o(i.Bts_Convert_From_Bytes_To_Float)
    Bts_Convert_From_Bytes_To_Uint16         0x08001b83   Thumb Code    18  bts_convert.o(i.Bts_Convert_From_Bytes_To_Uint16)
    CheckSum                                 0x08001b95   Thumb Code    62  bts_frame_message.o(i.CheckSum)
    DebugMessage                             0x08001c19   Thumb Code   248  bts_frame_message.o(i.DebugMessage)
    DetectMessage                            0x08001d7d   Thumb Code   234  bts_frame_message.o(i.DetectMessage)
    Is_Message                               0x080021b5   Thumb Code    34  bts_get_message.o(i.Is_Message)
    SmartBTS_USART0_Init                     0x080023a9   Thumb Code   116  bts_uart.o(i.SmartBTS_USART0_Init)
    SmartBTS_USART0_SendChar                 0x08002425   Thumb Code    28  bts_uart.o(i.SmartBTS_USART0_SendChar)
    SmartBTS_USART3_Get_Array_Data           0x08002445   Thumb Code     4  bts_uart3.o(i.SmartBTS_USART3_Get_Array_Data)
    SmartBTS_USART3_Init                     0x0800244d   Thumb Code   116  bts_uart3.o(i.SmartBTS_USART3_Init)
    SmartBTS_USART3_SendArrayByte            0x080024c9   Thumb Code    26  bts_uart3.o(i.SmartBTS_USART3_SendArrayByte)
    SmartBTS_USART3_SendOneByte              0x080024e5   Thumb Code    28  bts_uart3.o(i.SmartBTS_USART3_SendOneByte)
    SysTick_Handler                          0x08002505   Thumb Code    22  cmsis_os2.o(i.SysTick_Handler)
    SystemInit                               0x0800251d   Thumb Code    66  system_gd32f30x.o(i.SystemInit)
    Time_Out_Get_Message                     0x0800256d   Thumb Code    46  bts_get_message.o(i.Time_Out_Get_Message)
    UART3_IRQHandler                         0x080025a9   Thumb Code    30  bts_uart3.o(i.UART3_IRQHandler)
    USART0_IRQHandler                        0x080025d5   Thumb Code    68  bts_uart.o(i.USART0_IRQHandler)
    __ARM_fpclassify                         0x0800262d   Thumb Code    48  fpclassify.o(i.__ARM_fpclassify)
    _is_digit                                0x0800265d   Thumb Code    14  __printf_wp.o(i._is_digit)
    _mutex_acquire                           0x0800266b   Thumb Code    28  clib_arm.o(i._mutex_acquire)
    _mutex_free                              0x08002689   Thumb Code    46  clib_arm.o(i._mutex_free)
    _mutex_initialize                        0x080026bd   Thumb Code    98  clib_arm.o(i._mutex_initialize)
    _mutex_release                           0x08002729   Thumb Code    30  clib_arm.o(i._mutex_release)
    _platform_post_stackheap_init            0x08002747   Thumb Code     2  clib_arm.o(i._platform_post_stackheap_init)
    gpio_init                                0x08002749   Thumb Code   164  gd32f30x_gpio.o(i.gpio_init)
    main                                     0x080027fd   Thumb Code    82  main.o(i.main)
    nvic_irq_enable                          0x08002891   Thumb Code   186  gd32f30x_misc.o(i.nvic_irq_enable)
    nvic_priority_group_set                  0x08002955   Thumb Code    10  gd32f30x_misc.o(i.nvic_priority_group_set)
    pvPortMalloc                             0x080032dd   Thumb Code   208  heap_4.o(i.pvPortMalloc)
    pvTaskIncrementMutexHeldCount            0x080033c1   Thumb Code    26  tasks.o(i.pvTaskIncrementMutexHeldCount)
    pxPortInitialiseStack                    0x080033e1   Thumb Code    38  port.o(i.pxPortInitialiseStack)
    rcu_clock_freq_get                       0x0800340d   Thumb Code   310  gd32f30x_rcu.o(i.rcu_clock_freq_get)
    rcu_periph_clock_enable                  0x08003565   Thumb Code    28  gd32f30x_rcu.o(i.rcu_periph_clock_enable)
    usart_baudrate_set                       0x0800369d   Thumb Code   136  gd32f30x_usart.o(i.usart_baudrate_set)
    usart_data_receive                       0x0800372d   Thumb Code    10  gd32f30x_usart.o(i.usart_data_receive)
    usart_data_transmit                      0x08003737   Thumb Code     8  gd32f30x_usart.o(i.usart_data_transmit)
    usart_enable                             0x0800373f   Thumb Code    10  gd32f30x_usart.o(i.usart_enable)
    usart_flag_get                           0x08003749   Thumb Code    30  gd32f30x_usart.o(i.usart_flag_get)
    usart_interrupt_enable                   0x08003767   Thumb Code    26  gd32f30x_usart.o(i.usart_interrupt_enable)
    usart_interrupt_flag_get                 0x08003781   Thumb Code    56  gd32f30x_usart.o(i.usart_interrupt_flag_get)
    usart_receive_config                     0x080037b9   Thumb Code    16  gd32f30x_usart.o(i.usart_receive_config)
    usart_transmit_config                    0x080037c9   Thumb Code    16  gd32f30x_usart.o(i.usart_transmit_config)
    uxListRemove                             0x080037d9   Thumb Code    40  list.o(i.uxListRemove)
    uxTaskResetEventItemValue                0x08003801   Thumb Code    24  tasks.o(i.uxTaskResetEventItemValue)
    vApplicationGetIdleTaskMemory            0x0800381d   Thumb Code    14  cmsis_os2.o(i.vApplicationGetIdleTaskMemory)
    vApplicationGetTimerTaskMemory           0x08003835   Thumb Code    14  cmsis_os2.o(i.vApplicationGetTimerTaskMemory)
    vApplicationStackOverflowHook            0x0800384d   Thumb Code     2  cmsis_os2.o(i.vApplicationStackOverflowHook)
    vListInitialise                          0x0800384f   Thumb Code    26  list.o(i.vListInitialise)
    vListInitialiseItem                      0x08003869   Thumb Code     6  list.o(i.vListInitialiseItem)
    vListInsert                              0x0800386f   Thumb Code    52  list.o(i.vListInsert)
    vPortEnterCritical                       0x080038a5   Thumb Code    30  port.o(i.vPortEnterCritical)
    vPortExitCritical                        0x080038c9   Thumb Code    28  port.o(i.vPortExitCritical)
    vPortFree                                0x080038e9   Thumb Code    68  heap_4.o(i.vPortFree)
    vPortSetupTimerInterrupt                 0x08003935   Thumb Code    36  port.o(i.vPortSetupTimerInterrupt)
    vQueueDelete                             0x0800395d   Thumb Code    20  queue.o(i.vQueueDelete)
    vQueueWaitForMessageRestricted           0x08003971   Thumb Code    74  queue.o(i.vQueueWaitForMessageRestricted)
    vTaskDelay                               0x080039bd   Thumb Code    46  tasks.o(i.vTaskDelay)
    vTaskInternalSetTimeOutState             0x080039f1   Thumb Code    14  tasks.o(i.vTaskInternalSetTimeOutState)
    vTaskMissedYield                         0x08003a09   Thumb Code     8  tasks.o(i.vTaskMissedYield)
    vTaskPlaceOnEventList                    0x08003a15   Thumb Code    28  tasks.o(i.vTaskPlaceOnEventList)
    vTaskPlaceOnEventListRestricted          0x08003a35   Thumb Code    70  tasks.o(i.vTaskPlaceOnEventListRestricted)
    vTaskPlaceOnUnorderedEventList           0x08003a81   Thumb Code    74  tasks.o(i.vTaskPlaceOnUnorderedEventList)
    vTaskPriorityDisinheritAfterTimeout      0x08003ad1   Thumb Code   182  tasks.o(i.vTaskPriorityDisinheritAfterTimeout)
    vTaskRemoveFromUnorderedEventList        0x08003b91   Thumb Code   188  tasks.o(i.vTaskRemoveFromUnorderedEventList)
    vTaskStartScheduler                      0x08003c5d   Thumb Code   124  tasks.o(i.vTaskStartScheduler)
    vTaskSuspendAll                          0x08003cf9   Thumb Code    12  tasks.o(i.vTaskSuspendAll)
    vTaskSwitchContext                       0x08003d09   Thumb Code   154  tasks.o(i.vTaskSwitchContext)
    xEventGroupCreate                        0x08003db9   Thumb Code    30  event_groups.o(i.xEventGroupCreate)
    xEventGroupSetBits                       0x08003dd7   Thumb Code   146  event_groups.o(i.xEventGroupSetBits)
    xEventGroupWaitBits                      0x08003e69   Thumb Code   198  event_groups.o(i.xEventGroupWaitBits)
    xPortStartScheduler                      0x08003f35   Thumb Code    58  port.o(i.xPortStartScheduler)
    xPortSysTickHandler                      0x08003f7d   Thumb Code    46  port.o(i.xPortSysTickHandler)
    xQueueCreateMutex                        0x08003fb1   Thumb Code    34  queue.o(i.xQueueCreateMutex)
    xQueueCreateMutexStatic                  0x08003fd3   Thumb Code    42  queue.o(i.xQueueCreateMutexStatic)
    xQueueGenericCreate                      0x08003ffd   Thumb Code    82  queue.o(i.xQueueGenericCreate)
    xQueueGenericCreateStatic                0x0800404f   Thumb Code    62  queue.o(i.xQueueGenericCreateStatic)
    xQueueGenericReset                       0x0800408d   Thumb Code   156  queue.o(i.xQueueGenericReset)
    xQueueGenericSend                        0x0800412d   Thumb Code   276  queue.o(i.xQueueGenericSend)
    xQueueReceive                            0x08004245   Thumb Code   256  queue.o(i.xQueueReceive)
    xQueueSemaphoreTake                      0x08004349   Thumb Code   300  queue.o(i.xQueueSemaphoreTake)
    xTaskCheckForTimeOut                     0x08004479   Thumb Code    88  tasks.o(i.xTaskCheckForTimeOut)
    xTaskCreate                              0x080044d9   Thumb Code   108  tasks.o(i.xTaskCreate)
    xTaskCreateStatic                        0x08004545   Thumb Code    86  tasks.o(i.xTaskCreateStatic)
    xTaskGetSchedulerState                   0x0800459d   Thumb Code    24  tasks.o(i.xTaskGetSchedulerState)
    xTaskGetTickCount                        0x080045bd   Thumb Code     6  tasks.o(i.xTaskGetTickCount)
    xTaskIncrementTick                       0x080045c9   Thumb Code   354  tasks.o(i.xTaskIncrementTick)
    xTaskPriorityDisinherit                  0x08004759   Thumb Code   138  tasks.o(i.xTaskPriorityDisinherit)
    xTaskPriorityInherit                     0x080047ed   Thumb Code   202  tasks.o(i.xTaskPriorityInherit)
    xTaskRemoveFromEventList                 0x080048c5   Thumb Code   238  tasks.o(i.xTaskRemoveFromEventList)
    xTaskResumeAll                           0x080049cd   Thumb Code   308  tasks.o(i.xTaskResumeAll)
    xTimerCreateTimerTask                    0x08004b25   Thumb Code    76  timers.o(i.xTimerCreateTimerTask)
    _get_lc_numeric                          0x08004b85   Thumb Code    44  lc_numeric_c.o(locale$$code)
    __aeabi_d2f                              0x08004bb1   Thumb Code     0  d2f.o(x$fpl$d2f)
    _d2f                                     0x08004bb1   Thumb Code    98  d2f.o(x$fpl$d2f)
    __aeabi_dadd                             0x08004c15   Thumb Code     0  daddsub_clz.o(x$fpl$dadd)
    _dadd                                    0x08004c15   Thumb Code   332  daddsub_clz.o(x$fpl$dadd)
    __aeabi_ui2d                             0x08004d65   Thumb Code     0  dflt_clz.o(x$fpl$dfltu)
    _dfltu                                   0x08004d65   Thumb Code    38  dflt_clz.o(x$fpl$dfltu)
    __fpl_dnaninf                            0x08004d8b   Thumb Code   156  dnaninf.o(x$fpl$dnaninf)
    __fpl_dretinf                            0x08004e27   Thumb Code    12  dretinf.o(x$fpl$dretinf)
    __aeabi_dsub                             0x08004e35   Thumb Code     0  daddsub_clz.o(x$fpl$dsub)
    _dsub                                    0x08004e35   Thumb Code   464  daddsub_clz.o(x$fpl$dsub)
    _fp_init                                 0x08005009   Thumb Code    10  fpinit.o(x$fpl$fpinit)
    __fplib_config_fpu_vfp                   0x08005011   Thumb Code     0  fpinit.o(x$fpl$fpinit)
    __fplib_config_pureend_doubles           0x08005011   Thumb Code     0  fpinit.o(x$fpl$fpinit)
    __fpl_fretinf                            0x08005013   Thumb Code    10  fretinf.o(x$fpl$fretinf)
    _printf_fp_dec                           0x0800501d   Thumb Code     4  printf1.o(x$fpl$printf1)
    __I$use$fp                               0x08005020   Number         0  usenofp.o(x$fpl$usenofp)
    Region$$Table$$Base                      0x080050f0   Number         0  anon$$obj.o(Region$$Table)
    Region$$Table$$Limit                     0x08005110   Number         0  anon$$obj.o(Region$$Table)
    uart0_rxcount                            0x20000000   Data           2  bts_uart.o(.data)
    uart0_flag_rx                            0x20000002   Data           1  bts_uart.o(.data)
    __stdout                                 0x20000004   Data           4  bts_uart.o(.data)
    length_message                           0x20000008   Data           2  bts_get_message.o(.data)
    flag_new_message                         0x2000000a   Data           1  bts_get_message.o(.data)
    count_element_arr                        0x2000000c   Data           2  bts_get_message.o(.data)
    data_after_length                        0x2000000e   Data           2  bts_get_message.o(.data)
    timeout_start                            0x20000010   Data           4  bts_get_message.o(.data)
    timeout_wait                             0x20000014   Data           4  bts_get_message.o(.data)
    fsm_state                                0x20000018   Data           1  bts_get_message.o(.data)
    SystemCoreClock                          0x2000001c   Data           4  system_gd32f30x.o(.data)
    pxCurrentTCB                             0x20000040   Data           4  tasks.o(.data)
    uxTopUsedPriority                        0x20000078   Data           4  tasks.o(.data)
    uart0_rxbuffer                           0x20000094   Data         100  bts_uart.o(.bss)
    EventTask                                0x200000f8   Data          32  bts_sys.o(.bss)
    MutexTask                                0x20000118   Data          16  bts_sys.o(.bss)
    QueueTask                                0x20000128   Data          20  bts_sys.o(.bss)
    array_out                                0x2000013c   Data          50  bts_uart3.o(.bss)
    uart3_rxbuffer                           0x2000016e   Data         100  bts_uart3.o(.bss)
    __libspace_start                         0x20002eec   Data          96  libspace.o(.bss)
    __temporary_stack_top$libspace           0x20002f4c   Data           0  libspace.o(.bss)



==============================================================================

Memory Map of the image

  Image Entry point : 0x08000131

  Load Region LR_IROM1 (Base: 0x08000000, Size: 0x000051c0, Max: 0x00040000, ABSOLUTE)

    Execution Region ER_IROM1 (Exec base: 0x08000000, Load base: 0x08000000, Size: 0x0000512c, Max: 0x00040000, ABSOLUTE)

    Exec Addr    Load Addr    Size         Type   Attr      Idx    E Section Name        Object

    0x08000000   0x08000000   0x00000130   Data   RO         2494    RESET               startup_gd32f30x_hd.o
    0x08000130   0x08000130   0x00000008   Code   RO         3969  * !!!main             c_w.l(__main.o)
    0x08000138   0x08000138   0x00000034   Code   RO         4209    !!!scatter          c_w.l(__scatter.o)
    0x0800016c   0x0800016c   0x0000001a   Code   RO         4211    !!handler_copy      c_w.l(__scatter_copy.o)
    0x08000186   0x08000186   0x00000002   PAD
    0x08000188   0x08000188   0x0000001c   Code   RO         4213    !!handler_zi        c_w.l(__scatter_zi.o)
    0x080001a4   0x080001a4   0x00000000   Code   RO         3958    .ARM.Collect$$_printf_percent$$00000000  c_w.l(_printf_percent.o)
    0x080001a4   0x080001a4   0x00000006   Code   RO         3957    .ARM.Collect$$_printf_percent$$00000003  c_w.l(_printf_f.o)
    0x080001aa   0x080001aa   0x00000006   Code   RO         3956    .ARM.Collect$$_printf_percent$$00000009  c_w.l(_printf_d.o)
    0x080001b0   0x080001b0   0x00000006   Code   RO         3955    .ARM.Collect$$_printf_percent$$0000000C  c_w.l(_printf_x.o)
    0x080001b6   0x080001b6   0x00000006   Code   RO         3954    .ARM.Collect$$_printf_percent$$00000014  c_w.l(_printf_s.o)
    0x080001bc   0x080001bc   0x00000004   Code   RO         3998    .ARM.Collect$$_printf_percent$$00000017  c_w.l(_printf_percent_end.o)
    0x080001c0   0x080001c0   0x00000002   Code   RO         4080    .ARM.Collect$$libinit$$00000000  c_w.l(libinit.o)
    0x080001c2   0x080001c2   0x00000004   Code   RO         4081    .ARM.Collect$$libinit$$00000001  c_w.l(libinit2.o)
    0x080001c6   0x080001c6   0x00000000   Code   RO         4084    .ARM.Collect$$libinit$$00000004  c_w.l(libinit2.o)
    0x080001c6   0x080001c6   0x00000000   Code   RO         4087    .ARM.Collect$$libinit$$0000000A  c_w.l(libinit2.o)
    0x080001c6   0x080001c6   0x00000000   Code   RO         4089    .ARM.Collect$$libinit$$0000000C  c_w.l(libinit2.o)
    0x080001c6   0x080001c6   0x00000000   Code   RO         4091    .ARM.Collect$$libinit$$0000000E  c_w.l(libinit2.o)
    0x080001c6   0x080001c6   0x00000006   Code   RO         4092    .ARM.Collect$$libinit$$0000000F  c_w.l(libinit2.o)
    0x080001cc   0x080001cc   0x00000000   Code   RO         4094    .ARM.Collect$$libinit$$00000011  c_w.l(libinit2.o)
    0x080001cc   0x080001cc   0x00000000   Code   RO         4096    .ARM.Collect$$libinit$$00000013  c_w.l(libinit2.o)
    0x080001cc   0x080001cc   0x00000000   Code   RO         4098    .ARM.Collect$$libinit$$00000015  c_w.l(libinit2.o)
    0x080001cc   0x080001cc   0x0000000a   Code   RO         4099    .ARM.Collect$$libinit$$00000016  c_w.l(libinit2.o)
    0x080001d6   0x080001d6   0x00000000   Code   RO         4100    .ARM.Collect$$libinit$$00000017  c_w.l(libinit2.o)
    0x080001d6   0x080001d6   0x00000000   Code   RO         4102    .ARM.Collect$$libinit$$00000019  c_w.l(libinit2.o)
    0x080001d6   0x080001d6   0x00000000   Code   RO         4104    .ARM.Collect$$libinit$$0000001B  c_w.l(libinit2.o)
    0x080001d6   0x080001d6   0x00000000   Code   RO         4106    .ARM.Collect$$libinit$$0000001D  c_w.l(libinit2.o)
    0x080001d6   0x080001d6   0x00000000   Code   RO         4108    .ARM.Collect$$libinit$$0000001F  c_w.l(libinit2.o)
    0x080001d6   0x080001d6   0x00000000   Code   RO         4110    .ARM.Collect$$libinit$$00000021  c_w.l(libinit2.o)
    0x080001d6   0x080001d6   0x00000000   Code   RO         4112    .ARM.Collect$$libinit$$00000023  c_w.l(libinit2.o)
    0x080001d6   0x080001d6   0x00000000   Code   RO         4114    .ARM.Collect$$libinit$$00000025  c_w.l(libinit2.o)
    0x080001d6   0x080001d6   0x00000000   Code   RO         4118    .ARM.Collect$$libinit$$0000002C  c_w.l(libinit2.o)
    0x080001d6   0x080001d6   0x00000000   Code   RO         4120    .ARM.Collect$$libinit$$0000002E  c_w.l(libinit2.o)
    0x080001d6   0x080001d6   0x00000000   Code   RO         4122    .ARM.Collect$$libinit$$00000030  c_w.l(libinit2.o)
    0x080001d6   0x080001d6   0x00000000   Code   RO         4124    .ARM.Collect$$libinit$$00000032  c_w.l(libinit2.o)
    0x080001d6   0x080001d6   0x00000002   Code   RO         4125    .ARM.Collect$$libinit$$00000033  c_w.l(libinit2.o)
    0x080001d8   0x080001d8   0x00000002   Code   RO         4155    .ARM.Collect$$libshutdown$$00000000  c_w.l(libshutdown.o)
    0x080001da   0x080001da   0x00000000   Code   RO         4166    .ARM.Collect$$libshutdown$$00000002  c_w.l(libshutdown2.o)
    0x080001da   0x080001da   0x00000000   Code   RO         4168    .ARM.Collect$$libshutdown$$00000004  c_w.l(libshutdown2.o)
    0x080001da   0x080001da   0x00000000   Code   RO         4170    .ARM.Collect$$libshutdown$$00000006  c_w.l(libshutdown2.o)
    0x080001da   0x080001da   0x00000000   Code   RO         4173    .ARM.Collect$$libshutdown$$00000009  c_w.l(libshutdown2.o)
    0x080001da   0x080001da   0x00000000   Code   RO         4176    .ARM.Collect$$libshutdown$$0000000C  c_w.l(libshutdown2.o)
    0x080001da   0x080001da   0x00000000   Code   RO         4178    .ARM.Collect$$libshutdown$$0000000E  c_w.l(libshutdown2.o)
    0x080001da   0x080001da   0x00000000   Code   RO         4181    .ARM.Collect$$libshutdown$$00000011  c_w.l(libshutdown2.o)
    0x080001da   0x080001da   0x00000002   Code   RO         4182    .ARM.Collect$$libshutdown$$00000012  c_w.l(libshutdown2.o)
    0x080001dc   0x080001dc   0x00000000   Code   RO         3987    .ARM.Collect$$rtentry$$00000000  c_w.l(__rtentry.o)
    0x080001dc   0x080001dc   0x00000000   Code   RO         4009    .ARM.Collect$$rtentry$$00000002  c_w.l(__rtentry2.o)
    0x080001dc   0x080001dc   0x00000006   Code   RO         4021    .ARM.Collect$$rtentry$$00000004  c_w.l(__rtentry4.o)
    0x080001e2   0x080001e2   0x00000008   Code   RO         4010    .ARM.Collect$$rtentry$$00000008  c_w.l(__rtentry2.o)
    0x080001ea   0x080001ea   0x00000004   Code   RO         4012    .ARM.Collect$$rtentry$$0000000A  c_w.l(__rtentry2.o)
    0x080001ee   0x080001ee   0x00000000   Code   RO         4014    .ARM.Collect$$rtentry$$0000000C  c_w.l(__rtentry2.o)
    0x080001ee   0x080001ee   0x00000008   Code   RO         4015    .ARM.Collect$$rtentry$$0000000D  c_w.l(__rtentry2.o)
    0x080001f6   0x080001f6   0x00000002   Code   RO         4126    .ARM.Collect$$rtexit$$00000000  c_w.l(rtexit.o)
    0x080001f8   0x080001f8   0x00000000   Code   RO         4133    .ARM.Collect$$rtexit$$00000002  c_w.l(rtexit2.o)
    0x080001f8   0x080001f8   0x00000004   Code   RO         4134    .ARM.Collect$$rtexit$$00000003  c_w.l(rtexit2.o)
    0x080001fc   0x080001fc   0x00000006   Code   RO         4135    .ARM.Collect$$rtexit$$00000004  c_w.l(rtexit2.o)
    0x08000202   0x08000202   0x00000002   PAD
    0x08000204   0x08000204   0x000000be   Code   RO         2836    .emb_text           port.o
    0x080002c2   0x080002c2   0x00000002   PAD
    0x080002c4   0x080002c4   0x00000040   Code   RO         2495    .text               startup_gd32f30x_hd.o
    0x08000304   0x08000304   0x00000028   Code   RO         3905    .text               c_w.l(noretval__2sprintf.o)
    0x0800032c   0x0800032c   0x00000052   Code   RO         3909    .text               c_w.l(_printf_str.o)
    0x0800037e   0x0800037e   0x00000002   PAD
    0x08000380   0x08000380   0x00000078   Code   RO         3911    .text               c_w.l(_printf_dec.o)
    0x080003f8   0x080003f8   0x00000058   Code   RO         3916    .text               c_w.l(_printf_hex_int.o)
    0x08000450   0x08000450   0x00000188   Code   RO         3951    .text               c_w.l(__printf_flags_ss_wp.o)
    0x080005d8   0x080005d8   0x0000008a   Code   RO         3959    .text               c_w.l(rt_memcpy_v6.o)
    0x08000662   0x08000662   0x00000010   Code   RO         3961    .text               c_w.l(aeabi_memset.o)
    0x08000672   0x08000672   0x00000044   Code   RO         3963    .text               c_w.l(rt_memclr.o)
    0x080006b6   0x080006b6   0x0000004e   Code   RO         3965    .text               c_w.l(rt_memclr_w.o)
    0x08000704   0x08000704   0x00000006   Code   RO         3967    .text               c_w.l(heapauxi.o)
    0x0800070a   0x0800070a   0x000000b2   Code   RO         3988    .text               c_w.l(_printf_intcommon.o)
    0x080007bc   0x080007bc   0x0000041e   Code   RO         3990    .text               c_w.l(_printf_fp_dec.o)
    0x08000bda   0x08000bda   0x00000002   PAD
    0x08000bdc   0x08000bdc   0x00000030   Code   RO         3992    .text               c_w.l(_printf_char_common.o)
    0x08000c0c   0x08000c0c   0x0000000a   Code   RO         3994    .text               c_w.l(_sputc.o)
    0x08000c16   0x08000c16   0x0000002c   Code   RO         3996    .text               c_w.l(_printf_char.o)
    0x08000c42   0x08000c42   0x00000064   Code   RO         3999    .text               c_w.l(rt_memcpy_w.o)
    0x08000ca6   0x08000ca6   0x0000000a   Code   RO         4028    .text               c_w.l(rt_locale_twolibspace.o)
    0x08000cb0   0x08000cb0   0x0000008a   Code   RO         4030    .text               c_w.l(lludiv10.o)
    0x08000d3a   0x08000d3a   0x00000002   PAD
    0x08000d3c   0x08000d3c   0x00000080   Code   RO         4032    .text               c_w.l(_printf_fp_infnan.o)
    0x08000dbc   0x08000dbc   0x000000e4   Code   RO         4036    .text               c_w.l(bigflt0.o)
    0x08000ea0   0x08000ea0   0x00000008   Code   RO         4068    .text               c_w.l(libspace.o)
    0x08000ea8   0x08000ea8   0x0000004a   Code   RO         4071    .text               c_w.l(sys_stackheap_outer.o)
    0x08000ef2   0x08000ef2   0x00000012   Code   RO         4073    .text               c_w.l(exit.o)
    0x08000f04   0x08000f04   0x00000080   Code   RO         4075    .text               c_w.l(strcmpv7m.o)
    0x08000f84   0x08000f84   0x0000000c   Code   RO         4145    .text               c_w.l(sys_exit.o)
    0x08000f90   0x08000f90   0x00000002   Code   RO         4156    .text               c_w.l(use_no_semi.o)
    0x08000f92   0x08000f92   0x00000000   Code   RO         4158    .text               c_w.l(indicate_semi.o)
    0x08000f92   0x08000f92   0x0000003e   Code   RO         4039    CL$$btod_d2e        c_w.l(btod.o)
    0x08000fd0   0x08000fd0   0x00000046   Code   RO         4041    CL$$btod_d2e_denorm_low  c_w.l(btod.o)
    0x08001016   0x08001016   0x00000060   Code   RO         4040    CL$$btod_d2e_norm_op1  c_w.l(btod.o)
    0x08001076   0x08001076   0x00000338   Code   RO         4049    CL$$btod_div_common  c_w.l(btod.o)
    0x080013ae   0x080013ae   0x000000dc   Code   RO         4046    CL$$btod_e2e        c_w.l(btod.o)
    0x0800148a   0x0800148a   0x0000002a   Code   RO         4043    CL$$btod_ediv       c_w.l(btod.o)
    0x080014b4   0x080014b4   0x0000002a   Code   RO         4042    CL$$btod_emul       c_w.l(btod.o)
    0x080014de   0x080014de   0x00000244   Code   RO         4048    CL$$btod_mult_common  c_w.l(btod.o)
    0x08001722   0x08001722   0x00000074   Code   RO          637    i.BTS_Frame_Creat_Device  bts_frame_message.o
    0x08001796   0x08001796   0x00000002   PAD
    0x08001798   0x08001798   0x000000c8   Code   RO          638    i.BTS_Frame_Creat_Sensor  bts_frame_message.o
    0x08001860   0x08001860   0x000000d8   Code   RO          693    i.BTS_Get_Message   bts_get_message.o
    0x08001938   0x08001938   0x00000026   Code   RO          338    i.BTS_RTOS_Task_IO  bts_task_io.o
    0x0800195e   0x0800195e   0x0000001a   Code   RO          397    i.BTS_RTOS_Task_Msg  bts_task_msg_transmission.o
    0x08001978   0x08001978   0x0000001c   Code   RO          472    i.BTS_RTOS_Task_SYS  bts_task_sys.o
    0x08001994   0x08001994   0x00000028   Code   RO          259    i.BTS_SysMutexInit  bts_sys.o
    0x080019bc   0x080019bc   0x000000f0   Code   RO          260    i.BTS_Sys_Debug     bts_sys.o
    0x08001aac   0x08001aac   0x00000048   Code   RO          261    i.BTS_Sys_EventInit  bts_sys.o
    0x08001af4   0x08001af4   0x00000010   Code   RO          262    i.BTS_Sys_Init      bts_sys.o
    0x08001b04   0x08001b04   0x00000024   Code   RO          263    i.BTS_Sys_QueueInit  bts_sys.o
    0x08001b28   0x08001b28   0x0000002c   Code   RO          264    i.BTS_Sys_SendChar  bts_sys.o
    0x08001b54   0x08001b54   0x00000016   Code   RO          265    i.BTS_Sys_SendString  bts_sys.o
    0x08001b6a   0x08001b6a   0x00000018   Code   RO          523    i.Bts_Convert_From_Bytes_To_Float  bts_convert.o
    0x08001b82   0x08001b82   0x00000012   Code   RO          525    i.Bts_Convert_From_Bytes_To_Uint16  bts_convert.o
    0x08001b94   0x08001b94   0x0000003e   Code   RO          639    i.CheckSum          bts_frame_message.o
    0x08001bd2   0x08001bd2   0x00000002   PAD
    0x08001bd4   0x08001bd4   0x0000002c   Code   RO          694    i.ClearState        bts_get_message.o
    0x08001c00   0x08001c00   0x00000016   Code   RO          339    i.Counter_Send_Data  bts_task_io.o
    0x08001c16   0x08001c16   0x00000002   PAD
    0x08001c18   0x08001c18   0x00000164   Code   RO          640    i.DebugMessage      bts_frame_message.o
    0x08001d7c   0x08001d7c   0x000000ea   Code   RO          641    i.DetectMessage     bts_frame_message.o
    0x08001e66   0x08001e66   0x00000002   PAD
    0x08001e68   0x08001e68   0x00000054   Code   RO          473    i.GetEventControl_IoToSys  bts_task_sys.o
    0x08001ebc   0x08001ebc   0x00000058   Code   RO          340    i.GetEventControl_SysToIo  bts_task_io.o
    0x08001f14   0x08001f14   0x0000006c   Code   RO          401    i.GetEventControl_SysToUart  bts_task_msg_transmission.o
    0x08001f80   0x08001f80   0x00000054   Code   RO          474    i.GetEventControl_UartToSys  bts_task_sys.o
    0x08001fd4   0x08001fd4   0x00000050   Code   RO          475    i.GetEventUpdate_IoToSys  bts_task_sys.o
    0x08002024   0x08002024   0x0000005c   Code   RO          402    i.GetEventUpdate_SysToUart  bts_task_msg_transmission.o
    0x08002080   0x08002080   0x00000054   Code   RO          403    i.GetNewMessage     bts_task_msg_transmission.o
    0x080020d4   0x080020d4   0x0000004c   Code   RO          404    i.GetQueueDevice_IoToUart  bts_task_msg_transmission.o
    0x08002120   0x08002120   0x00000058   Code   RO          405    i.GetQueueSensor_IoToUart  bts_task_msg_transmission.o
    0x08002178   0x08002178   0x0000003c   Code   RO          341    i.GetQueue_UartToIo  bts_task_io.o
    0x080021b4   0x080021b4   0x00000030   Code   RO          695    i.Is_Message        bts_get_message.o
    0x080021e4   0x080021e4   0x0000001c   Code   RO          342    i.SendEventControl_SysToIo  bts_task_io.o
    0x08002200   0x08002200   0x00000014   Code   RO          476    i.SendEventControl_SysToIo  bts_task_sys.o
    0x08002214   0x08002214   0x00000014   Code   RO          477    i.SendEventControl_SysToUart  bts_task_sys.o
    0x08002228   0x08002228   0x00000014   Code   RO          406    i.SendEventControl_UartToSys  bts_task_msg_transmission.o
    0x0800223c   0x0800223c   0x0000001c   Code   RO          343    i.SendEventUpdate_SysToIo  bts_task_io.o
    0x08002258   0x08002258   0x00000014   Code   RO          478    i.SendEventUpdate_SysToUart  bts_task_sys.o
    0x0800226c   0x0800226c   0x00000060   Code   RO          344    i.SendQueueDevice_IoToUart  bts_task_io.o
    0x080022cc   0x080022cc   0x0000009c   Code   RO          345    i.SendQueueSensor_IoToUart  bts_task_io.o
    0x08002368   0x08002368   0x00000040   Code   RO          407    i.SendQueue_UartToIO  bts_task_msg_transmission.o
    0x080023a8   0x080023a8   0x0000007c   Code   RO          182    i.SmartBTS_USART0_Init  bts_uart.o
    0x08002424   0x08002424   0x00000020   Code   RO          184    i.SmartBTS_USART0_SendChar  bts_uart.o
    0x08002444   0x08002444   0x00000008   Code   RO          569    i.SmartBTS_USART3_Get_Array_Data  bts_uart3.o
    0x0800244c   0x0800244c   0x0000007c   Code   RO          570    i.SmartBTS_USART3_Init  bts_uart3.o
    0x080024c8   0x080024c8   0x0000001a   Code   RO          571    i.SmartBTS_USART3_SendArrayByte  bts_uart3.o
    0x080024e2   0x080024e2   0x00000002   PAD
    0x080024e4   0x080024e4   0x00000020   Code   RO          573    i.SmartBTS_USART3_SendOneByte  bts_uart3.o
    0x08002504   0x08002504   0x00000016   Code   RO          834    i.SysTick_Handler   cmsis_os2.o
    0x0800251a   0x0800251a   0x00000002   PAD
    0x0800251c   0x0800251c   0x00000050   Code   RO         2503    i.SystemInit        system_gd32f30x.o
    0x0800256c   0x0800256c   0x0000003c   Code   RO          696    i.Time_Out_Get_Message  bts_get_message.o
    0x080025a8   0x080025a8   0x0000002c   Code   RO          575    i.UART3_IRQHandler  bts_uart3.o
    0x080025d4   0x080025d4   0x00000058   Code   RO          187    i.USART0_IRQHandler  bts_uart.o
    0x0800262c   0x0800262c   0x00000030   Code   RO         4066    i.__ARM_fpclassify  m_wm.l(fpclassify.o)
    0x0800265c   0x0800265c   0x0000000e   Code   RO         3944    i._is_digit         c_w.l(__printf_wp.o)
    0x0800266a   0x0800266a   0x0000001c   Code   RO          741    i._mutex_acquire    clib_arm.o
    0x08002686   0x08002686   0x00000002   PAD
    0x08002688   0x08002688   0x00000034   Code   RO          742    i._mutex_free       clib_arm.o
    0x080026bc   0x080026bc   0x0000006c   Code   RO          743    i._mutex_initialize  clib_arm.o
    0x08002728   0x08002728   0x0000001e   Code   RO          744    i._mutex_release    clib_arm.o
    0x08002746   0x08002746   0x00000002   Code   RO          745    i._platform_post_stackheap_init  clib_arm.o
    0x08002748   0x08002748   0x000000a4   Code   RO         1606    i.gpio_init         gd32f30x_gpio.o
    0x080027ec   0x080027ec   0x00000010   Code   RO          746    i.is_thread_mode    clib_arm.o
    0x080027fc   0x080027fc   0x00000094   Code   RO            4    i.main              main.o
    0x08002890   0x08002890   0x000000c4   Code   RO         1728    i.nvic_irq_enable   gd32f30x_misc.o
    0x08002954   0x08002954   0x00000014   Code   RO         1729    i.nvic_priority_group_set  gd32f30x_misc.o
    0x08002968   0x08002968   0x00000012   Code   RO          747    i.os_kernel_is_active  clib_arm.o
    0x0800297a   0x0800297a   0x00000002   PAD
    0x0800297c   0x0800297c   0x000000a4   Code   RO         3321    i.prvAddCurrentTaskToDelayedList  tasks.o
    0x08002a20   0x08002a20   0x000000e8   Code   RO         3322    i.prvAddNewTaskToReadyList  tasks.o
    0x08002b08   0x08002b08   0x0000005c   Code   RO         3718    i.prvCheckForValidListAndQueue  timers.o
    0x08002b64   0x08002b64   0x00000048   Code   RO         3323    i.prvCheckTasksWaitingTermination  tasks.o
    0x08002bac   0x08002bac   0x0000002a   Code   RO         2919    i.prvCopyDataFromQueue  queue.o
    0x08002bd6   0x08002bd6   0x0000007e   Code   RO         2920    i.prvCopyDataToQueue  queue.o
    0x08002c54   0x08002c54   0x00000028   Code   RO         3324    i.prvDeleteTCB      tasks.o
    0x08002c7c   0x08002c7c   0x00000014   Code   RO         2921    i.prvGetDisinheritPriorityAfterTimeout  queue.o
    0x08002c90   0x08002c90   0x00000028   Code   RO         3719    i.prvGetNextExpireTime  timers.o
    0x08002cb8   0x08002cb8   0x00000070   Code   RO         2763    i.prvHeapInit       heap_4.o
    0x08002d28   0x08002d28   0x00000028   Code   RO         3325    i.prvIdleTask       tasks.o
    0x08002d50   0x08002d50   0x0000001e   Code   RO         2922    i.prvInitialiseMutex  queue.o
    0x08002d6e   0x08002d6e   0x0000002a   Code   RO         2923    i.prvInitialiseNewQueue  queue.o
    0x08002d98   0x08002d98   0x00000086   Code   RO         3326    i.prvInitialiseNewTask  tasks.o
    0x08002e1e   0x08002e1e   0x00000002   PAD
    0x08002e20   0x08002e20   0x00000068   Code   RO         3327    i.prvInitialiseTaskLists  tasks.o
    0x08002e88   0x08002e88   0x00000068   Code   RO         2764    i.prvInsertBlockIntoFreeList  heap_4.o
    0x08002ef0   0x08002ef0   0x00000058   Code   RO         3721    i.prvInsertTimerInActiveList  timers.o
    0x08002f48   0x08002f48   0x0000001a   Code   RO         2924    i.prvIsQueueEmpty   queue.o
    0x08002f62   0x08002f62   0x0000001e   Code   RO         2925    i.prvIsQueueFull    queue.o
    0x08002f80   0x08002f80   0x00000044   Code   RO         3722    i.prvProcessExpiredTimer  timers.o
    0x08002fc4   0x08002fc4   0x00000110   Code   RO         3723    i.prvProcessReceivedCommands  timers.o
    0x080030d4   0x080030d4   0x00000074   Code   RO         3724    i.prvProcessTimerOrBlockTask  timers.o
    0x08003148   0x08003148   0x00000028   Code   RO         3725    i.prvReloadTimer    timers.o
    0x08003170   0x08003170   0x00000030   Code   RO         3329    i.prvResetNextTaskUnblockTime  tasks.o
    0x080031a0   0x080031a0   0x0000002c   Code   RO         3726    i.prvSampleTimeNow  timers.o
    0x080031cc   0x080031cc   0x00000044   Code   RO         3727    i.prvSwitchTimerLists  timers.o
    0x08003210   0x08003210   0x00000016   Code   RO         2837    i.prvTaskExitError  port.o
    0x08003226   0x08003226   0x0000001e   Code   RO         2587    i.prvTestWaitCondition  event_groups.o
    0x08003244   0x08003244   0x0000001a   Code   RO         3728    i.prvTimerTask      timers.o
    0x0800325e   0x0800325e   0x0000007e   Code   RO         2926    i.prvUnlockQueue    queue.o
    0x080032dc   0x080032dc   0x000000e4   Code   RO         2766    i.pvPortMalloc      heap_4.o
    0x080033c0   0x080033c0   0x00000020   Code   RO         3332    i.pvTaskIncrementMutexHeldCount  tasks.o
    0x080033e0   0x080033e0   0x0000002c   Code   RO         2838    i.pxPortInitialiseStack  port.o
    0x0800340c   0x0800340c   0x00000158   Code   RO         1934    i.rcu_clock_freq_get  gd32f30x_rcu.o
    0x08003564   0x08003564   0x00000020   Code   RO         1952    i.rcu_periph_clock_enable  gd32f30x_rcu.o
    0x08003584   0x08003584   0x00000110   Code   RO         2504    i.system_clock_120m_hxtal  system_gd32f30x.o
    0x08003694   0x08003694   0x00000008   Code   RO         2505    i.system_clock_config  system_gd32f30x.o
    0x0800369c   0x0800369c   0x00000090   Code   RO         2178    i.usart_baudrate_set  gd32f30x_usart.o
    0x0800372c   0x0800372c   0x0000000a   Code   RO         2181    i.usart_data_receive  gd32f30x_usart.o
    0x08003736   0x08003736   0x00000008   Code   RO         2182    i.usart_data_transmit  gd32f30x_usart.o
    0x0800373e   0x0800373e   0x0000000a   Code   RO         2187    i.usart_enable      gd32f30x_usart.o
    0x08003748   0x08003748   0x0000001e   Code   RO         2189    i.usart_flag_get    gd32f30x_usart.o
    0x08003766   0x08003766   0x0000001a   Code   RO         2196    i.usart_interrupt_enable  gd32f30x_usart.o
    0x08003780   0x08003780   0x00000038   Code   RO         2198    i.usart_interrupt_flag_get  gd32f30x_usart.o
    0x080037b8   0x080037b8   0x00000010   Code   RO         2211    i.usart_receive_config  gd32f30x_usart.o
    0x080037c8   0x080037c8   0x00000010   Code   RO         2225    i.usart_transmit_config  gd32f30x_usart.o
    0x080037d8   0x080037d8   0x00000028   Code   RO         2712    i.uxListRemove      list.o
    0x08003800   0x08003800   0x0000001c   Code   RO         3341    i.uxTaskResetEventItemValue  tasks.o
    0x0800381c   0x0800381c   0x00000018   Code   RO          907    i.vApplicationGetIdleTaskMemory  cmsis_os2.o
    0x08003834   0x08003834   0x00000018   Code   RO          908    i.vApplicationGetTimerTaskMemory  cmsis_os2.o
    0x0800384c   0x0800384c   0x00000002   Code   RO          909    i.vApplicationStackOverflowHook  cmsis_os2.o
    0x0800384e   0x0800384e   0x0000001a   Code   RO         2713    i.vListInitialise   list.o
    0x08003868   0x08003868   0x00000006   Code   RO         2714    i.vListInitialiseItem  list.o
    0x0800386e   0x0800386e   0x00000034   Code   RO         2715    i.vListInsert       list.o
    0x080038a2   0x080038a2   0x00000002   PAD
    0x080038a4   0x080038a4   0x00000024   Code   RO         2840    i.vPortEnterCritical  port.o
    0x080038c8   0x080038c8   0x00000020   Code   RO         2841    i.vPortExitCritical  port.o
    0x080038e8   0x080038e8   0x0000004c   Code   RO         2767    i.vPortFree         heap_4.o
    0x08003934   0x08003934   0x00000028   Code   RO         2842    i.vPortSetupTimerInterrupt  port.o
    0x0800395c   0x0800395c   0x00000014   Code   RO         2932    i.vQueueDelete      queue.o
    0x08003970   0x08003970   0x0000004a   Code   RO         2934    i.vQueueWaitForMessageRestricted  queue.o
    0x080039ba   0x080039ba   0x00000002   PAD
    0x080039bc   0x080039bc   0x00000034   Code   RO         3342    i.vTaskDelay        tasks.o
    0x080039f0   0x080039f0   0x00000018   Code   RO         3347    i.vTaskInternalSetTimeOutState  tasks.o
    0x08003a08   0x08003a08   0x0000000c   Code   RO         3348    i.vTaskMissedYield  tasks.o
    0x08003a14   0x08003a14   0x00000020   Code   RO         3349    i.vTaskPlaceOnEventList  tasks.o
    0x08003a34   0x08003a34   0x0000004c   Code   RO         3350    i.vTaskPlaceOnEventListRestricted  tasks.o
    0x08003a80   0x08003a80   0x00000050   Code   RO         3351    i.vTaskPlaceOnUnorderedEventList  tasks.o
    0x08003ad0   0x08003ad0   0x000000c0   Code   RO         3352    i.vTaskPriorityDisinheritAfterTimeout  tasks.o
    0x08003b90   0x08003b90   0x000000cc   Code   RO         3354    i.vTaskRemoveFromUnorderedEventList  tasks.o
    0x08003c5c   0x08003c5c   0x0000009c   Code   RO         3358    i.vTaskStartScheduler  tasks.o
    0x08003cf8   0x08003cf8   0x00000010   Code   RO         3360    i.vTaskSuspendAll   tasks.o
    0x08003d08   0x08003d08   0x000000b0   Code   RO         3361    i.vTaskSwitchContext  tasks.o
    0x08003db8   0x08003db8   0x0000001e   Code   RO         2595    i.xEventGroupCreate  event_groups.o
    0x08003dd6   0x08003dd6   0x00000092   Code   RO         2598    i.xEventGroupSetBits  event_groups.o
    0x08003e68   0x08003e68   0x000000cc   Code   RO         2601    i.xEventGroupWaitBits  event_groups.o
    0x08003f34   0x08003f34   0x00000048   Code   RO         2843    i.xPortStartScheduler  port.o
    0x08003f7c   0x08003f7c   0x00000034   Code   RO         2844    i.xPortSysTickHandler  port.o
    0x08003fb0   0x08003fb0   0x00000022   Code   RO         2937    i.xQueueCreateMutex  queue.o
    0x08003fd2   0x08003fd2   0x0000002a   Code   RO         2938    i.xQueueCreateMutexStatic  queue.o
    0x08003ffc   0x08003ffc   0x00000052   Code   RO         2939    i.xQueueGenericCreate  queue.o
    0x0800404e   0x0800404e   0x0000003e   Code   RO         2940    i.xQueueGenericCreateStatic  queue.o
    0x0800408c   0x0800408c   0x000000a0   Code   RO         2941    i.xQueueGenericReset  queue.o
    0x0800412c   0x0800412c   0x00000118   Code   RO         2942    i.xQueueGenericSend  queue.o
    0x08004244   0x08004244   0x00000104   Code   RO         2952    i.xQueueReceive     queue.o
    0x08004348   0x08004348   0x00000130   Code   RO         2954    i.xQueueSemaphoreTake  queue.o
    0x08004478   0x08004478   0x00000060   Code   RO         3363    i.xTaskCheckForTimeOut  tasks.o
    0x080044d8   0x080044d8   0x0000006c   Code   RO         3364    i.xTaskCreate       tasks.o
    0x08004544   0x08004544   0x00000056   Code   RO         3365    i.xTaskCreateStatic  tasks.o
    0x0800459a   0x0800459a   0x00000002   PAD
    0x0800459c   0x0800459c   0x00000020   Code   RO         3372    i.xTaskGetSchedulerState  tasks.o
    0x080045bc   0x080045bc   0x0000000c   Code   RO         3373    i.xTaskGetTickCount  tasks.o
    0x080045c8   0x080045c8   0x00000190   Code   RO         3375    i.xTaskIncrementTick  tasks.o
    0x08004758   0x08004758   0x00000094   Code   RO         3376    i.xTaskPriorityDisinherit  tasks.o
    0x080047ec   0x080047ec   0x000000d8   Code   RO         3377    i.xTaskPriorityInherit  tasks.o
    0x080048c4   0x080048c4   0x00000108   Code   RO         3378    i.xTaskRemoveFromEventList  tasks.o
    0x080049cc   0x080049cc   0x00000158   Code   RO         3379    i.xTaskResumeAll    tasks.o
    0x08004b24   0x08004b24   0x00000060   Code   RO         3737    i.xTimerCreateTimerTask  timers.o
    0x08004b84   0x08004b84   0x0000002c   Code   RO         4062    locale$$code        c_w.l(lc_numeric_c.o)
    0x08004bb0   0x08004bb0   0x00000062   Code   RO         3971    x$fpl$d2f           fz_wm.l(d2f.o)
    0x08004c12   0x08004c12   0x00000002   PAD
    0x08004c14   0x08004c14   0x00000150   Code   RO         3973    x$fpl$dadd          fz_wm.l(daddsub_clz.o)
    0x08004d64   0x08004d64   0x00000026   Code   RO         3979    x$fpl$dfltu         fz_wm.l(dflt_clz.o)
    0x08004d8a   0x08004d8a   0x0000009c   Code   RO         4001    x$fpl$dnaninf       fz_wm.l(dnaninf.o)
    0x08004e26   0x08004e26   0x0000000c   Code   RO         4003    x$fpl$dretinf       fz_wm.l(dretinf.o)
    0x08004e32   0x08004e32   0x00000002   PAD
    0x08004e34   0x08004e34   0x000001d4   Code   RO         3975    x$fpl$dsub          fz_wm.l(daddsub_clz.o)
    0x08005008   0x08005008   0x0000000a   Code   RO         4130    x$fpl$fpinit        fz_wm.l(fpinit.o)
    0x08005012   0x08005012   0x0000000a   Code   RO         4005    x$fpl$fretinf       fz_wm.l(fretinf.o)
    0x0800501c   0x0800501c   0x00000004   Code   RO         3985    x$fpl$printf1       fz_wm.l(printf1.o)
    0x08005020   0x08005020   0x00000000   Code   RO         4007    x$fpl$usenofp       fz_wm.l(usenofp.o)
    0x08005020   0x08005020   0x00000028   Data   RO         3917    .constdata          c_w.l(_printf_hex_int.o)
    0x08005048   0x08005048   0x00000011   Data   RO         3952    .constdata          c_w.l(__printf_flags_ss_wp.o)
    0x08005059   0x08005059   0x00000003   PAD
    0x0800505c   0x0800505c   0x00000094   Data   RO         4037    .constdata          c_w.l(bigflt0.o)
    0x080050f0   0x080050f0   0x00000020   Data   RO         4207    Region$$Table       anon$$obj.o
    0x08005110   0x08005110   0x0000001c   Data   RO         4061    locale$$data        c_w.l(lc_numeric_c.o)


    Execution Region RW_IRAM1 (Exec base: 0x20000000, Load base: 0x0800512c, Size: 0x00003750, Max: 0x0000c000, ABSOLUTE)

    Exec Addr    Load Addr    Size         Type   Attr      Idx    E Section Name        Object

    0x20000000   0x0800512c   0x00000008   Data   RW          190    .data               bts_uart.o
    0x20000008   0x08005134   0x00000011   Data   RW          697    .data               bts_get_message.o
    0x20000019   0x08005145   0x00000003   PAD
    0x2000001c   0x08005148   0x00000004   Data   RW         2506    .data               system_gd32f30x.o
    0x20000020   0x0800514c   0x0000001c   Data   RW         2773    .data               heap_4.o
    0x2000003c   0x08005168   0x00000004   Data   RW         2845    .data               port.o
    0x20000040   0x0800516c   0x00000040   Data   RW         3382    .data               tasks.o
    0x20000080   0x080051ac   0x00000014   Data   RW         3747    .data               timers.o
    0x20000094        -       0x00000064   Zero   RW          189    .bss                bts_uart.o
    0x200000f8        -       0x00000044   Zero   RW          266    .bss                bts_sys.o
    0x2000013c        -       0x00000096   Zero   RW          576    .bss                bts_uart3.o
    0x200001d2   0x080051c0   0x00000002   PAD
    0x200001d4        -       0x00000394   Zero   RW          748    .bss                clib_arm.o
    0x20000568        -       0x000003f8   Zero   RW          910    .bss                cmsis_os2.o
    0x20000960        -       0x00002000   Zero   RW         2772    .bss                heap_4.o
    0x20002960        -       0x000004c4   Zero   RW         3381    .bss                tasks.o
    0x20002e24        -       0x000000c8   Zero   RW         3746    .bss                timers.o
    0x20002eec        -       0x00000060   Zero   RW         4069    .bss                c_w.l(libspace.o)
    0x20002f4c   0x080051c0   0x00000004   PAD
    0x20002f50        -       0x00000400   Zero   RW         2493    HEAP                startup_gd32f30x_hd.o
    0x20003350        -       0x00000400   Zero   RW         2492    STACK               startup_gd32f30x_hd.o


==============================================================================

Image component sizes


      Code (inc. data)   RO Data    RW Data    ZI Data      Debug   Object Name

        42          0          0          0          0       1437   bts_convert.o
       968        116          0          0          0       4720   bts_frame_message.o
       368         76          0         17          0       3753   bts_get_message.o
       470         64          0          0         68       5138   bts_sys.o
       516        108          0          0          0       4847   bts_task_io.o
       558        118          0          0          0       5596   bts_task_msg_transmission.o
       336        134          0          0          0       3648   bts_task_sys.o
       244         32          0          8        100       3639   bts_uart.o
       234         30          0          0        150       3636   bts_uart3.o
       254         16          0          0        916      29740   clib_arm.o
        72         20          0          0       1016      31167   cmsis_os2.o
       410          6          0          0          0      17339   event_groups.o
       164          0          0          0          0        892   gd32f30x_gpio.o
       216         20          0          0          0       1452   gd32f30x_misc.o
       376         38          0          0          0       1859   gd32f30x_rcu.o
       316          8          0          0          0       5967   gd32f30x_usart.o
       520         58          0         28       8192       5139   heap_4.o
       124          0          0          0          0      12577   list.o
       148         66          0          0          0      57511   main.o
       488         56          0          4          0      10224   port.o
      1760         16          0          0          0      19795   queue.o
        64         26        304          0       2048        932   startup_gd32f30x_hd.o
       360         30          0          4          0       1995   system_gd32f30x.o
      3620        398          0         64       1220      49702   tasks.o
       950        110          0         20        200      12264   timers.o

    ----------------------------------------------------------------------
     13604       1546        336        148      13912     294969   Object Totals
         0          0         32          0          0          0   (incl. Generated)
        26          0          0          3          2          0   (incl. Padding)

    ----------------------------------------------------------------------

      Code (inc. data)   RO Data    RW Data    ZI Data      Debug   Library Member Name

         8          0          0          0          0         68   __main.o
       392          4         17          0          0         92   __printf_flags_ss_wp.o
        14          0          0          0          0         68   __printf_wp.o
         0          0          0          0          0          0   __rtentry.o
        20          0          0          0          0          0   __rtentry2.o
         6          0          0          0          0          0   __rtentry4.o
        52          8          0          0          0          0   __scatter.o
        26          0          0          0          0          0   __scatter_copy.o
        28          0          0          0          0          0   __scatter_zi.o
        44          0          0          0          0        108   _printf_char.o
        48          6          0          0          0         96   _printf_char_common.o
         6          0          0          0          0          0   _printf_d.o
       120         16          0          0          0         92   _printf_dec.o
         6          0          0          0          0          0   _printf_f.o
      1054          0          0          0          0        216   _printf_fp_dec.o
       128         16          0          0          0         84   _printf_fp_infnan.o
        88          4         40          0          0         88   _printf_hex_int.o
       178          0          0          0          0         88   _printf_intcommon.o
         0          0          0          0          0          0   _printf_percent.o
         4          0          0          0          0          0   _printf_percent_end.o
         6          0          0          0          0          0   _printf_s.o
        82          0          0          0          0         80   _printf_str.o
         6          0          0          0          0          0   _printf_x.o
        10          0          0          0          0         68   _sputc.o
        16          0          0          0          0         68   aeabi_memset.o
       228          4        148          0          0         96   bigflt0.o
      1936        128          0          0          0        672   btod.o
        18          0          0          0          0         80   exit.o
         6          0          0          0          0        152   heapauxi.o
         0          0          0          0          0          0   indicate_semi.o
        44         10         28          0          0         76   lc_numeric_c.o
         2          0          0          0          0          0   libinit.o
        22          0          0          0          0          0   libinit2.o
         2          0          0          0          0          0   libshutdown.o
         2          0          0          0          0          0   libshutdown2.o
         8          4          0          0         96         68   libspace.o
       138          0          0          0          0         80   lludiv10.o
        40          6          0          0          0         84   noretval__2sprintf.o
        10          0          0          0          0         76   rt_locale_twolibspace.o
        68          0          0          0          0         68   rt_memclr.o
        78          0          0          0          0         80   rt_memclr_w.o
       138          0          0          0          0         68   rt_memcpy_v6.o
       100          0          0          0          0         80   rt_memcpy_w.o
         2          0          0          0          0          0   rtexit.o
        10          0          0          0          0          0   rtexit2.o
       128          0          0          0          0         68   strcmpv7m.o
        12          4          0          0          0         68   sys_exit.o
        74          0          0          0          0         80   sys_stackheap_outer.o
         2          0          0          0          0         68   use_no_semi.o
        98          4          0          0          0        140   d2f.o
       804         16          0          0          0        368   daddsub_clz.o
        38          0          0          0          0        116   dflt_clz.o
       156          4          0          0          0        140   dnaninf.o
        12          0          0          0          0        116   dretinf.o
        10          0          0          0          0        116   fpinit.o
        10          0          0          0          0        116   fretinf.o
         4          0          0          0          0        116   printf1.o
         0          0          0          0          0          0   usenofp.o
        48          0          0          0          0        124   fpclassify.o

    ----------------------------------------------------------------------
      6604        234        236          0        100       4532   Library Totals
        14          0          3          0          4          0   (incl. Padding)

    ----------------------------------------------------------------------

      Code (inc. data)   RO Data    RW Data    ZI Data      Debug   Library Name

      5410        210        233          0         96       3180   c_w.l
      1132         24          0          0          0       1228   fz_wm.l
        48          0          0          0          0        124   m_wm.l

    ----------------------------------------------------------------------
      6604        234        236          0        100       4532   Library Totals

    ----------------------------------------------------------------------

==============================================================================


      Code (inc. data)   RO Data    RW Data    ZI Data      Debug   

     20208       1780        572        148      14012     281633   Grand Totals
     20208       1780        572        148      14012     281633   ELF Image Totals
     20208       1780        572        148          0          0   ROM Totals

==============================================================================

    Total RO  Size (Code + RO Data)                20780 (  20.29kB)
    Total RW  Size (RW Data + ZI Data)             14160 (  13.83kB)
    Total ROM Size (Code + RO Data + RW Data)      20928 (  20.44kB)

==============================================================================

