Component: ARM Compiler 5.06 update 7 (build 960) Tool: armlink [4d3601]

==============================================================================

Section Cross References

    main.o(i.Fn_RTOS_TaskLed1) refers to gd32f30x_gpio.o(i.gpio_bit_write) for gpio_bit_write
    main.o(i.Fn_RTOS_TaskLed1) refers to tasks.o(i.vTaskDelay) for vTaskDelay
    main.o(i.Fn_RTOS_TaskLed1) refers to main.o(.data) for i
    main.o(i.Fn_RTOS_TaskLed2) refers to gd32f30x_gpio.o(i.gpio_bit_write) for gpio_bit_write
    main.o(i.Fn_RTOS_TaskLed2) refers to tasks.o(i.vTaskDelay) for vTaskDelay
    main.o(i.Fn_RTOS_TaskLed2) refers to main.o(.data) for j
    main.o(i.Fn_RTOS_TaskLed3) refers to gd32f30x_gpio.o(i.gpio_bit_write) for gpio_bit_write
    main.o(i.Fn_RTOS_TaskLed3) refers to tasks.o(i.vTaskDelay) for vTaskDelay
    main.o(i.Fn_RTOS_TaskLed3) refers to main.o(.data) for k
    main.o(i.main) refers to gd32f30x_rcu.o(i.rcu_periph_clock_enable) for rcu_periph_clock_enable
    main.o(i.main) refers to gd32f30x_gpio.o(i.gpio_init) for gpio_init
    main.o(i.main) refers to gd32f30x_gpio.o(i.gpio_bit_write) for gpio_bit_write
    main.o(i.main) refers to tasks.o(i.xTaskCreate) for xTaskCreate
    main.o(i.main) refers to tasks.o(i.vTaskStartScheduler) for vTaskStartScheduler
    main.o(i.main) refers to main.o(i.Fn_RTOS_TaskLed1) for Fn_RTOS_TaskLed1
    main.o(i.main) refers to main.o(i.Fn_RTOS_TaskLed2) for Fn_RTOS_TaskLed2
    main.o(i.main) refers to main.o(i.Fn_RTOS_TaskLed3) for Fn_RTOS_TaskLed3
    clib_arm.o(i.__user_perthread_libspace) refers to clib_arm.o(i.os_kernel_is_active) for os_kernel_is_active
    clib_arm.o(i.__user_perthread_libspace) refers to tasks.o(i.xTaskGetCurrentTaskHandle) for xTaskGetCurrentTaskHandle
    clib_arm.o(i.__user_perthread_libspace) refers to clib_arm.o(.bss) for os_libspace
    clib_arm.o(i._mutex_acquire) refers to clib_arm.o(i.os_kernel_is_active) for os_kernel_is_active
    clib_arm.o(i._mutex_acquire) refers to queue.o(i.xQueueSemaphoreTake) for xQueueSemaphoreTake
    clib_arm.o(i._mutex_free) refers to queue.o(i.vQueueDelete) for vQueueDelete
    clib_arm.o(i._mutex_free) refers to clib_arm.o(.bss) for clib_mutex_id
    clib_arm.o(i._mutex_initialize) refers to queue.o(i.xQueueCreateMutexStatic) for xQueueCreateMutexStatic
    clib_arm.o(i._mutex_initialize) refers to clib_arm.o(i.os_kernel_is_active) for os_kernel_is_active
    clib_arm.o(i._mutex_initialize) refers to queue.o(i.xQueueCreateMutex) for xQueueCreateMutex
    clib_arm.o(i._mutex_initialize) refers to clib_arm.o(.bss) for clib_mutex_id
    clib_arm.o(i._mutex_release) refers to clib_arm.o(i.os_kernel_is_active) for os_kernel_is_active
    clib_arm.o(i._mutex_release) refers to queue.o(i.xQueueGenericSend) for xQueueGenericSend
    clib_arm.o(i.os_kernel_is_active) refers to tasks.o(i.xTaskGetSchedulerState) for xTaskGetSchedulerState
    cmsis_os2.o(i.IRQ_Context) refers to tasks.o(i.xTaskGetSchedulerState) for xTaskGetSchedulerState
    cmsis_os2.o(i.SysTick_Handler) refers to tasks.o(i.xTaskGetSchedulerState) for xTaskGetSchedulerState
    cmsis_os2.o(i.SysTick_Handler) refers to port.o(i.xPortSysTickHandler) for xPortSysTickHandler
    cmsis_os2.o(i.TimerCallback) refers to timers.o(i.pvTimerGetTimerID) for pvTimerGetTimerID
    cmsis_os2.o(i.osDelay) refers to cmsis_os2.o(i.IRQ_Context) for IRQ_Context
    cmsis_os2.o(i.osDelay) refers to tasks.o(i.vTaskDelay) for vTaskDelay
    cmsis_os2.o(i.osDelayUntil) refers to cmsis_os2.o(i.IRQ_Context) for IRQ_Context
    cmsis_os2.o(i.osDelayUntil) refers to tasks.o(i.xTaskGetTickCount) for xTaskGetTickCount
    cmsis_os2.o(i.osDelayUntil) refers to tasks.o(i.xTaskDelayUntil) for xTaskDelayUntil
    cmsis_os2.o(i.osEventFlagsClear) refers to cmsis_os2.o(i.IRQ_Context) for IRQ_Context
    cmsis_os2.o(i.osEventFlagsClear) refers to event_groups.o(i.xEventGroupGetBitsFromISR) for xEventGroupGetBitsFromISR
    cmsis_os2.o(i.osEventFlagsClear) refers to event_groups.o(i.xEventGroupClearBitsFromISR) for xEventGroupClearBitsFromISR
    cmsis_os2.o(i.osEventFlagsClear) refers to event_groups.o(i.xEventGroupClearBits) for xEventGroupClearBits
    cmsis_os2.o(i.osEventFlagsDelete) refers to cmsis_os2.o(i.IRQ_Context) for IRQ_Context
    cmsis_os2.o(i.osEventFlagsDelete) refers to event_groups.o(i.vEventGroupDelete) for vEventGroupDelete
    cmsis_os2.o(i.osEventFlagsGet) refers to cmsis_os2.o(i.IRQ_Context) for IRQ_Context
    cmsis_os2.o(i.osEventFlagsGet) refers to event_groups.o(i.xEventGroupGetBitsFromISR) for xEventGroupGetBitsFromISR
    cmsis_os2.o(i.osEventFlagsGet) refers to event_groups.o(i.xEventGroupClearBits) for xEventGroupClearBits
    cmsis_os2.o(i.osEventFlagsNew) refers to cmsis_os2.o(i.IRQ_Context) for IRQ_Context
    cmsis_os2.o(i.osEventFlagsNew) refers to event_groups.o(i.xEventGroupCreateStatic) for xEventGroupCreateStatic
    cmsis_os2.o(i.osEventFlagsNew) refers to event_groups.o(i.xEventGroupCreate) for xEventGroupCreate
[...]
    Removing list.o(.rrx_text), (6 bytes).
    Removing list.o(i.vListInsertEnd), (24 bytes).
    Removing heap_4.o(.rev16_text), (4 bytes).
    Removing heap_4.o(.revsh_text), (4 bytes).
    Removing heap_4.o(.rrx_text), (6 bytes).
    Removing heap_4.o(i.vPortGetHeapStats), (128 bytes).
    Removing heap_4.o(i.vPortInitialiseBlocks), (2 bytes).
    Removing heap_4.o(i.xPortGetFreeHeapSize), (12 bytes).
    Removing heap_4.o(i.xPortGetMinimumEverFreeHeapSize), (12 bytes).
    Removing port.o(.rev16_text), (4 bytes).
    Removing port.o(.revsh_text), (4 bytes).
    Removing port.o(.rrx_text), (6 bytes).
    Removing port.o(i.vPortEndScheduler), (2 bytes).
    Removing queue.o(.rev16_text), (4 bytes).
    Removing queue.o(.revsh_text), (4 bytes).
    Removing queue.o(.rrx_text), (6 bytes).
    Removing queue.o(i.ucQueueGetQueueType), (8 bytes).
    Removing queue.o(i.uxQueueGetQueueNumber), (6 bytes).
    Removing queue.o(i.uxQueueMessagesWaiting), (18 bytes).
    Removing queue.o(i.uxQueueMessagesWaitingFromISR), (8 bytes).
    Removing queue.o(i.uxQueueSpacesAvailable), (24 bytes).
    Removing queue.o(i.vQueueSetQueueNumber), (4 bytes).
    Removing queue.o(i.xQueueCreateCountingSemaphore), (34 bytes).
    Removing queue.o(i.xQueueCreateCountingSemaphoreStatic), (42 bytes).
    Removing queue.o(i.xQueueGenericSendFromISR), (138 bytes).
    Removing queue.o(i.xQueueGetMutexHolder), (28 bytes).
    Removing queue.o(i.xQueueGetMutexHolderFromISR), (14 bytes).
    Removing queue.o(i.xQueueGiveFromISR), (120 bytes).
    Removing queue.o(i.xQueueGiveMutexRecursive), (48 bytes).
    Removing queue.o(i.xQueueIsQueueEmptyFromISR), (16 bytes).
    Removing queue.o(i.xQueueIsQueueFullFromISR), (22 bytes).
    Removing queue.o(i.xQueuePeek), (268 bytes).
    Removing queue.o(i.xQueuePeekFromISR), (74 bytes).
    Removing queue.o(i.xQueueReceiveFromISR), (130 bytes).
    Removing queue.o(i.xQueueTakeMutexRecursive), (54 bytes).
    Removing tasks.o(.rev16_text), (4 bytes).
    Removing tasks.o(.revsh_text), (4 bytes).
    Removing tasks.o(.rrx_text), (6 bytes).
    Removing tasks.o(i.eTaskGetState), (140 bytes).
    Removing tasks.o(i.pcTaskGetName), (24 bytes).
    Removing tasks.o(i.prvListTasksWithinSingleList), (106 bytes).
    Removing tasks.o(i.prvTaskCheckFreeStackSpace), (22 bytes).
    Removing tasks.o(i.prvTaskIsTaskSuspended), (64 bytes).
    Removing tasks.o(i.ulTaskGenericNotifyTake), (136 bytes).
    Removing tasks.o(i.ulTaskGenericNotifyValueClear), (64 bytes).
    Removing tasks.o(i.uxTaskGetNumberOfTasks), (12 bytes).
    Removing tasks.o(i.uxTaskGetStackHighWaterMark), (40 bytes).
    Removing tasks.o(i.uxTaskGetSystemState), (176 bytes).
    Removing tasks.o(i.uxTaskGetTaskNumber), (14 bytes).
    Removing tasks.o(i.uxTaskPriorityGet), (36 bytes).
    Removing tasks.o(i.uxTaskPriorityGetFromISR), (56 bytes).
    Removing tasks.o(i.uxTaskResetEventItemValue), (28 bytes).
    Removing tasks.o(i.vTaskDelete), (168 bytes).
    Removing tasks.o(i.vTaskEndScheduler), (36 bytes).
    Removing tasks.o(i.vTaskGenericNotifyGiveFromISR), (332 bytes).
    Removing tasks.o(i.vTaskGetInfo), (132 bytes).
    Removing tasks.o(i.vTaskPlaceOnUnorderedEventList), (80 bytes).
    Removing tasks.o(i.vTaskPrioritySet), (276 bytes).
    Removing tasks.o(i.vTaskRemoveFromUnorderedEventList), (204 bytes).
    Removing tasks.o(i.vTaskResume), (172 bytes).
    Removing tasks.o(i.vTaskSetTaskNumber), (8 bytes).
    Removing tasks.o(i.vTaskSetTimeOutState), (36 bytes).
    Removing tasks.o(i.vTaskSuspend), (176 bytes).
    Removing tasks.o(i.xTaskCatchUpTicks), (32 bytes).
    Removing tasks.o(i.xTaskDelayUntil), (116 bytes).
    Removing tasks.o(i.xTaskGenericNotify), (328 bytes).
    Removing tasks.o(i.xTaskGenericNotifyFromISR), (500 bytes).
    Removing tasks.o(i.xTaskGenericNotifyStateClear), (64 bytes).
    Removing tasks.o(i.xTaskGenericNotifyWait), (172 bytes).
    Removing tasks.o(i.xTaskGetCurrentTaskHandle), (12 bytes).
    Removing tasks.o(i.xTaskGetTickCountFromISR), (12 bytes).
    Removing tasks.o(i.xTaskResumeFromISR), (212 bytes).
    Removing timers.o(.rev16_text), (4 bytes).
    Removing timers.o(.revsh_text), (4 bytes).
    Removing timers.o(.rrx_text), (6 bytes).
    Removing timers.o(i.pcTimerGetName), (8 bytes).
    Removing timers.o(i.prvInitialiseNewTimer), (56 bytes).
    Removing timers.o(i.pvTimerGetTimerID), (20 bytes).
    Removing timers.o(i.uxTimerGetReloadMode), (34 bytes).
    Removing timers.o(i.uxTimerGetTimerNumber), (6 bytes).
    Removing timers.o(i.vTimerSetReloadMode), (46 bytes).
    Removing timers.o(i.vTimerSetTimerID), (20 bytes).
    Removing timers.o(i.vTimerSetTimerNumber), (4 bytes).
    Removing timers.o(i.xTimerCreate), (54 bytes).
    Removing timers.o(i.xTimerCreateStatic), (48 bytes).
    Removing timers.o(i.xTimerGenericCommand), (108 bytes).
    Removing timers.o(i.xTimerGetExpiryTime), (8 bytes).
    Removing timers.o(i.xTimerGetPeriod), (8 bytes).
    Removing timers.o(i.xTimerGetTimerDaemonTaskHandle), (12 bytes).
    Removing timers.o(i.xTimerIsTimerActive), (34 bytes).
    Removing timers.o(i.xTimerPendFunctionCall), (52 bytes).
    Removing timers.o(i.xTimerPendFunctionCallFromISR), (52 bytes).

395 unused section(s) (total 18703 bytes) removed from the image.

==============================================================================

Image Symbol Table

    Local Symbols

    Symbol Name                              Value     Ov Type        Size  Object(Section)

    ../clib/angel/boardlib.s                 0x00000000   Number         0  boardshut.o ABSOLUTE
    ../clib/angel/boardlib.s                 0x00000000   Number         0  boardinit1.o ABSOLUTE
    ../clib/angel/boardlib.s                 0x00000000   Number         0  boardinit3.o ABSOLUTE
    ../clib/angel/handlers.s                 0x00000000   Number         0  __scatter_copy.o ABSOLUTE
    ../clib/angel/handlers.s                 0x00000000   Number         0  __scatter_zi.o ABSOLUTE
    ../clib/angel/kernel.s                   0x00000000   Number         0  __rtentry.o ABSOLUTE
    ../clib/angel/kernel.s                   0x00000000   Number         0  __rtentry2.o ABSOLUTE
    ../clib/angel/kernel.s                   0x00000000   Number         0  __rtentry4.o ABSOLUTE
    ../clib/angel/kernel.s                   0x00000000   Number         0  rtexit2.o ABSOLUTE
    ../clib/angel/kernel.s                   0x00000000   Number         0  rtexit.o ABSOLUTE
    ../clib/angel/rt.s                       0x00000000   Number         0  rt_raise.o ABSOLUTE
    ../clib/angel/scatter.s                  0x00000000   Number         0  __scatter.o ABSOLUTE
    ../clib/angel/startup.s                  0x00000000   Number         0  __main.o ABSOLUTE
    ../clib/angel/sys.s                      0x00000000   Number         0  indicate_semi.o ABSOLUTE
    ../clib/angel/sys.s                      0x00000000   Number         0  use_no_semi.o ABSOLUTE
    ../clib/angel/sys.s                      0x00000000   Number         0  sys_stackheap_outer.o ABSOLUTE
    ../clib/angel/sys.s                      0x00000000   Number         0  libspace.o ABSOLUTE
    ../clib/angel/sysapp.c                   0x00000000   Number         0  sys_command.o ABSOLUTE
    ../clib/angel/sysapp.c                   0x00000000   Number         0  sys_exit.o ABSOLUTE
    ../clib/angel/sysapp.c                   0x00000000   Number         0  sys_wrch.o ABSOLUTE
    ../clib/armsys.c                         0x00000000   Number         0  no_argv.o ABSOLUTE
    ../clib/armsys.c                         0x00000000   Number         0  _get_argv_nomalloc.o ABSOLUTE
    ../clib/armsys.c                         0x00000000   Number         0  argv_veneer.o ABSOLUTE
    ../clib/armsys.c                         0x00000000   Number         0  argv_veneer.o ABSOLUTE
    ../clib/heapalloc.c                      0x00000000   Number         0  hrguard.o ABSOLUTE
    ../clib/heapaux.c                        0x00000000   Number         0  heapauxi.o ABSOLUTE
    ../clib/libinit.s                        0x00000000   Number         0  libshutdown.o ABSOLUTE
    ../clib/libinit.s                        0x00000000   Number         0  libinit.o ABSOLUTE
    ../clib/libinit.s                        0x00000000   Number         0  libinit2.o ABSOLUTE
    ../clib/libinit.s                        0x00000000   Number         0  libshutdown2.o ABSOLUTE
    ../clib/memcpset.s                       0x00000000   Number         0  aeabi_memset.o ABSOLUTE
    ../clib/memcpset.s                       0x00000000   Number         0  rt_memcpy_w.o ABSOLUTE
    ../clib/memcpset.s                       0x00000000   Number         0  rt_memclr.o ABSOLUTE
    ../clib/memcpset.s                       0x00000000   Number         0  rt_memclr_w.o ABSOLUTE
    ../clib/memcpset.s                       0x00000000   Number         0  rt_memcpy_v6.o ABSOLUTE
    ../clib/signal.c                         0x00000000   Number         0  defsig_exit.o ABSOLUTE
    ../clib/signal.c                         0x00000000   Number         0  defsig_rtmem_formal.o ABSOLUTE
    ../clib/signal.c                         0x00000000   Number         0  defsig_abrt_inner.o ABSOLUTE
    ../clib/signal.c                         0x00000000   Number         0  defsig_other.o ABSOLUTE
    ../clib/signal.c                         0x00000000   Number         0  defsig_segv_inner.o ABSOLUTE
    ../clib/signal.c                         0x00000000   Number         0  defsig_cppl_inner.o ABSOLUTE
    ../clib/signal.c                         0x00000000   Number         0  defsig_rtred_inner.o ABSOLUTE
    ../clib/signal.c                         0x00000000   Number         0  defsig_rtmem_outer.o ABSOLUTE
    ../clib/signal.c                         0x00000000   Number         0  defsig_pvfn_inner.o ABSOLUTE
    ../clib/signal.c                         0x00000000   Number         0  defsig_stak_inner.o ABSOLUTE
    ../clib/signal.c                         0x00000000   Number         0  defsig_fpe_inner.o ABSOLUTE
    ../clib/signal.c                         0x00000000   Number         0  defsig_general.o ABSOLUTE
    ../clib/signal.c                         0x00000000   Number         0  __raise.o ABSOLUTE
    ../clib/signal.c                         0x00000000   Number         0  defsig_rtmem_inner.o ABSOLUTE
    ../clib/signal.s                         0x00000000   Number         0  defsig.o ABSOLUTE
    ../clib/stdlib.c                         0x00000000   Number         0  exit.o ABSOLUTE
    ../fplib/fpinit.s                        0x00000000   Number         0  fpinit.o ABSOLUTE
    ..\USER\main.c                           0x00000000   Number         0  main.o ABSOLUTE
    ..\\USER\\main.c                         0x00000000   Number         0  main.o ABSOLUTE
    C:\Users\nguye\AppData\Local\Arm\Packs\ARM\CMSIS-FreeRTOS\10.4.6\CMSIS\RTOS2\FreeRTOS\Source\ARM\clib_arm.c 0x00000000   Number         0  clib_arm.o ABSOLUTE
    C:\Users\nguye\AppData\Local\Arm\Packs\ARM\CMSIS-FreeRTOS\10.4.6\CMSIS\RTOS2\FreeRTOS\Source\cmsis_os2.c 0x00000000   Number         0  cmsis_os2.o ABSOLUTE
    C:\Users\nguye\AppData\Local\Arm\Packs\ARM\CMSIS-FreeRTOS\10.4.6\CMSIS\RTOS2\FreeRTOS\Source\freertos_evr.c 0x00000000   Number         0  freertos_evr.o ABSOLUTE
    C:\Users\nguye\AppData\Local\Arm\Packs\ARM\CMSIS-FreeRTOS\10.4.6\CMSIS\RTOS2\FreeRTOS\Source\os_systick.c 0x00000000   Number         0  os_systick.o ABSOLUTE
    C:\Users\nguye\AppData\Local\Arm\Packs\ARM\CMSIS-FreeRTOS\10.4.6\Source\croutine.c 0x00000000   Number         0  croutine.o ABSOLUTE
    C:\Users\nguye\AppData\Local\Arm\Packs\ARM\CMSIS-FreeRTOS\10.4.6\Source\event_groups.c 0x00000000   Number         0  event_groups.o ABSOLUTE
    C:\Users\nguye\AppData\Local\Arm\Packs\ARM\CMSIS-FreeRTOS\10.4.6\Source\list.c 0x00000000   Number         0  list.o ABSOLUTE
    C:\Users\nguye\AppData\Local\Arm\Packs\ARM\CMSIS-FreeRTOS\10.4.6\Source\portable\MemMang\heap_4.c 0x00000000   Number         0  heap_4.o ABSOLUTE
    C:\Users\nguye\AppData\Local\Arm\Packs\ARM\CMSIS-FreeRTOS\10.4.6\Source\portable\RVDS\ARM_CM4F\port.c 0x00000000   Number         0  port.o ABSOLUTE
    C:\Users\nguye\AppData\Local\Arm\Packs\ARM\CMSIS-FreeRTOS\10.4.6\Source\queue.c 0x00000000   Number         0  queue.o ABSOLUTE
    C:\Users\nguye\AppData\Local\Arm\Packs\ARM\CMSIS-FreeRTOS\10.4.6\Source\tasks.c 0x00000000   Number         0  tasks.o ABSOLUTE
    C:\Users\nguye\AppData\Local\Arm\Packs\ARM\CMSIS-FreeRTOS\10.4.6\Source\timers.c 0x00000000   Number         0  timers.o ABSOLUTE
    C:\\Users\\nguye\\AppData\\Local\\Arm\\Packs\\ARM\\CMSIS-FreeRTOS\\10.4.6\\CMSIS\\RTOS2\\FreeRTOS\\Source\\ARM\\clib_arm.c 0x00000000   Number         0  clib_arm.o ABSOLUTE
    C:\\Users\\nguye\\AppData\\Local\\Arm\\Packs\\ARM\\CMSIS-FreeRTOS\\10.4.6\\CMSIS\\RTOS2\\FreeRTOS\\Source\\cmsis_os2.c 0x00000000   Number         0  cmsis_os2.o ABSOLUTE
    C:\\Users\\nguye\\AppData\\Local\\Arm\\Packs\\ARM\\CMSIS-FreeRTOS\\10.4.6\\CMSIS\\RTOS2\\FreeRTOS\\Source\\freertos_evr.c 0x00000000   Number         0  freertos_evr.o ABSOLUTE
    C:\\Users\\nguye\\AppData\\Local\\Arm\\Packs\\ARM\\CMSIS-FreeRTOS\\10.4.6\\CMSIS\\RTOS2\\FreeRTOS\\Source\\os_systick.c 0x00000000   Number         0  os_systick.o ABSOLUTE
    C:\\Users\\nguye\\AppData\\Local\\Arm\\Packs\\ARM\\CMSIS-FreeRTOS\\10.4.6\\Source\\croutine.c 0x00000000   Number         0  croutine.o ABSOLUTE
    C:\\Users\\nguye\\AppData\\Local\\Arm\\Packs\\ARM\\CMSIS-FreeRTOS\\10.4.6\\Source\\event_groups.c 0x00000000   Number         0  event_groups.o ABSOLUTE
    C:\\Users\\nguye\\AppData\\Local\\Arm\\Packs\\ARM\\CMSIS-FreeRTOS\\10.4.6\\Source\\list.c 0x00000000   Number         0  list.o ABSOLUTE
    C:\\Users\\nguye\\AppData\\Local\\Arm\\Packs\\ARM\\CMSIS-FreeRTOS\\10.4.6\\Source\\portable\\MemMang\\heap_4.c 0x00000000   Number         0  heap_4.o ABSOLUTE
    C:\\Users\\nguye\\AppData\\Local\\Arm\\Packs\\ARM\\CMSIS-FreeRTOS\\10.4.6\\Source\\portable\\RVDS\\ARM_CM4F\\port.c 0x00000000   Number         0  port.o ABSOLUTE
    C:\\Users\\nguye\\AppData\\Local\\Arm\\Packs\\ARM\\CMSIS-FreeRTOS\\10.4.6\\Source\\queue.c 0x00000000   Number         0  queue.o ABSOLUTE
    C:\\Users\\nguye\\AppData\\Local\\Arm\\Packs\\ARM\\CMSIS-FreeRTOS\\10.4.6\\Source\\tasks.c 0x00000000   Number         0  tasks.o ABSOLUTE
    C:\\Users\\nguye\\AppData\\Local\\Arm\\Packs\\ARM\\CMSIS-FreeRTOS\\10.4.6\\Source\\timers.c 0x00000000   Number         0  timers.o ABSOLUTE
    RTE\Device\GD32F303RC\gd32f30x_eval.c    0x00000000   Number         0  gd32f30x_eval.o ABSOLUTE
    RTE\Device\GD32F303RC\gd32f30x_exti.c    0x00000000   Number         0  gd32f30x_exti.o ABSOLUTE
    RTE\Device\GD32F303RC\gd32f30x_gpio.c    0x00000000   Number         0  gd32f30x_gpio.o ABSOLUTE
    RTE\Device\GD32F303RC\gd32f30x_misc.c    0x00000000   Number         0  gd32f30x_misc.o ABSOLUTE
    RTE\Device\GD32F303RC\gd32f30x_pmu.c     0x00000000   Number         0  gd32f30x_pmu.o ABSOLUTE
    RTE\Device\GD32F303RC\gd32f30x_rcu.c     0x00000000   Number         0  gd32f30x_rcu.o ABSOLUTE
    RTE\Device\GD32F303RC\gd32f30x_usart.c   0x00000000   Number         0  gd32f30x_usart.o ABSOLUTE
    RTE\Device\GD32F303RC\startup_gd32f30x_hd.s 0x00000000   Number         0  startup_gd32f30x_hd.o ABSOLUTE
    RTE\Device\GD32F303RC\system_gd32f30x.c  0x00000000   Number         0  system_gd32f30x.o ABSOLUTE
    RTE\\Device\\GD32F303RC\\gd32f30x_eval.c 0x00000000   Number         0  gd32f30x_eval.o ABSOLUTE
    RTE\\Device\\GD32F303RC\\gd32f30x_exti.c 0x00000000   Number         0  gd32f30x_exti.o ABSOLUTE
    RTE\\Device\\GD32F303RC\\gd32f30x_gpio.c 0x00000000   Number         0  gd32f30x_gpio.o ABSOLUTE
    RTE\\Device\\GD32F303RC\\gd32f30x_misc.c 0x00000000   Number         0  gd32f30x_misc.o ABSOLUTE
    RTE\\Device\\GD32F303RC\\gd32f30x_pmu.c  0x00000000   Number         0  gd32f30x_pmu.o ABSOLUTE
    RTE\\Device\\GD32F303RC\\gd32f30x_rcu.c  0x00000000   Number         0  gd32f30x_rcu.o ABSOLUTE
    RTE\\Device\\GD32F303RC\\gd32f30x_usart.c 0x00000000   Number         0  gd32f30x_usart.o ABSOLUTE
    RTE\\Device\\GD32F303RC\\system_gd32f30x.c 0x00000000   Number         0  system_gd32f30x.o ABSOLUTE
    dc.s                                     0x00000000   Number         0  dc.o ABSOLUTE
    RESET                                    0x08000000   Section      304  startup_gd32f30x_hd.o(RESET)
    !!!main                                  0x08000130   Section        8  __main.o(!!!main)
    !!!scatter                               0x08000138   Section       52  __scatter.o(!!!scatter)
    !!handler_copy                           0x0800016c   Section       26  __scatter_copy.o(!!handler_copy)
    !!handler_zi                             0x08000188   Section       28  __scatter_zi.o(!!handler_zi)
    .ARM.Collect$$libinit$$00000000          0x080001a4   Section        2  libinit.o(.ARM.Collect$$libinit$$00000000)
    .ARM.Collect$$libinit$$00000001          0x080001a6   Section        4  libinit2.o(.ARM.Collect$$libinit$$00000001)
    .ARM.Collect$$libinit$$00000004          0x080001aa   Section        0  libinit2.o(.ARM.Collect$$libinit$$00000004)
    .ARM.Collect$$libinit$$0000000A          0x080001aa   Section        0  libinit2.o(.ARM.Collect$$libinit$$0000000A)
    .ARM.Collect$$libinit$$0000000C          0x080001aa   Section        0  libinit2.o(.ARM.Collect$$libinit$$0000000C)
    .ARM.Collect$$libinit$$0000000E          0x080001aa   Section        0  libinit2.o(.ARM.Collect$$libinit$$0000000E)
    .ARM.Collect$$libinit$$00000011          0x080001aa   Section        0  libinit2.o(.ARM.Collect$$libinit$$00000011)
    .ARM.Collect$$libinit$$00000013          0x080001aa   Section        0  libinit2.o(.ARM.Collect$$libinit$$00000013)
    .ARM.Collect$$libinit$$00000015          0x080001aa   Section        0  libinit2.o(.ARM.Collect$$libinit$$00000015)
    .ARM.Collect$$libinit$$00000017          0x080001aa   Section        0  libinit2.o(.ARM.Collect$$libinit$$00000017)
    .ARM.Collect$$libinit$$00000019          0x080001aa   Section        0  libinit2.o(.ARM.Collect$$libinit$$00000019)
    .ARM.Collect$$libinit$$0000001B          0x080001aa   Section        0  libinit2.o(.ARM.Collect$$libinit$$0000001B)
    .ARM.Collect$$libinit$$0000001D          0x080001aa   Section        0  libinit2.o(.ARM.Collect$$libinit$$0000001D)
    .ARM.Collect$$libinit$$0000001F          0x080001aa   Section        0  libinit2.o(.ARM.Collect$$libinit$$0000001F)
    .ARM.Collect$$libinit$$00000021          0x080001aa   Section        0  libinit2.o(.ARM.Collect$$libinit$$00000021)
    .ARM.Collect$$libinit$$00000023          0x080001aa   Section        0  libinit2.o(.ARM.Collect$$libinit$$00000023)
    .ARM.Collect$$libinit$$00000025          0x080001aa   Section        0  libinit2.o(.ARM.Collect$$libinit$$00000025)
    .ARM.Collect$$libinit$$0000002C          0x080001aa   Section        0  libinit2.o(.ARM.Collect$$libinit$$0000002C)
    .ARM.Collect$$libinit$$0000002E          0x080001aa   Section        0  libinit2.o(.ARM.Collect$$libinit$$0000002E)
    .ARM.Collect$$libinit$$00000030          0x080001aa   Section        0  libinit2.o(.ARM.Collect$$libinit$$00000030)
    .ARM.Collect$$libinit$$00000032          0x080001aa   Section        0  libinit2.o(.ARM.Collect$$libinit$$00000032)
    .ARM.Collect$$libinit$$00000033          0x080001aa   Section        2  libinit2.o(.ARM.Collect$$libinit$$00000033)
    .ARM.Collect$$libshutdown$$00000000      0x080001ac   Section        2  libshutdown.o(.ARM.Collect$$libshutdown$$00000000)
    .ARM.Collect$$libshutdown$$00000002      0x080001ae   Section        0  libshutdown2.o(.ARM.Collect$$libshutdown$$00000002)
    .ARM.Collect$$libshutdown$$00000004      0x080001ae   Section        0  libshutdown2.o(.ARM.Collect$$libshutdown$$00000004)
    .ARM.Collect$$libshutdown$$00000006      0x080001ae   Section        0  libshutdown2.o(.ARM.Collect$$libshutdown$$00000006)
    .ARM.Collect$$libshutdown$$00000009      0x080001ae   Section        0  libshutdown2.o(.ARM.Collect$$libshutdown$$00000009)
    .ARM.Collect$$libshutdown$$0000000C      0x080001ae   Section        0  libshutdown2.o(.ARM.Collect$$libshutdown$$0000000C)
    .ARM.Collect$$libshutdown$$0000000E      0x080001ae   Section        0  libshutdown2.o(.ARM.Collect$$libshutdown$$0000000E)
    .ARM.Collect$$libshutdown$$00000011      0x080001ae   Section        0  libshutdown2.o(.ARM.Collect$$libshutdown$$00000011)
    .ARM.Collect$$libshutdown$$00000012      0x080001ae   Section        2  libshutdown2.o(.ARM.Collect$$libshutdown$$00000012)
    .ARM.Collect$$rtentry$$00000000          0x080001b0   Section        0  __rtentry.o(.ARM.Collect$$rtentry$$00000000)
    .ARM.Collect$$rtentry$$00000002          0x080001b0   Section        0  __rtentry2.o(.ARM.Collect$$rtentry$$00000002)
    .ARM.Collect$$rtentry$$00000004          0x080001b0   Section        6  __rtentry4.o(.ARM.Collect$$rtentry$$00000004)
    .ARM.Collect$$rtentry$$00000008          0x080001b6   Section        8  __rtentry2.o(.ARM.Collect$$rtentry$$00000008)
    .ARM.Collect$$rtentry$$0000000A          0x080001be   Section        4  __rtentry2.o(.ARM.Collect$$rtentry$$0000000A)
    .ARM.Collect$$rtentry$$0000000C          0x080001c2   Section        0  __rtentry2.o(.ARM.Collect$$rtentry$$0000000C)
    .ARM.Collect$$rtentry$$0000000D          0x080001c2   Section        8  __rtentry2.o(.ARM.Collect$$rtentry$$0000000D)
    .ARM.Collect$$rtexit$$00000000           0x080001ca   Section        2  rtexit.o(.ARM.Collect$$rtexit$$00000000)
    .ARM.Collect$$rtexit$$00000002           0x080001cc   Section        0  rtexit2.o(.ARM.Collect$$rtexit$$00000002)
    .ARM.Collect$$rtexit$$00000003           0x080001cc   Section        4  rtexit2.o(.ARM.Collect$$rtexit$$00000003)
    .ARM.Collect$$rtexit$$00000004           0x080001d0   Section        6  rtexit2.o(.ARM.Collect$$rtexit$$00000004)
    .emb_text                                0x080001d8   Section      190  port.o(.emb_text)
    $v0                                      0x080001d8   Number         0  port.o(.emb_text)
    .text                                    0x08000298   Section       64  startup_gd32f30x_hd.o(.text)
    $v0                                      0x08000298   Number         0  startup_gd32f30x_hd.o(.text)
    .text                                    0x080002d8   Section      138  rt_memcpy_v6.o(.text)
    .text                                    0x08000362   Section       16  aeabi_memset.o(.text)
    .text                                    0x08000372   Section        0  heapauxi.o(.text)
    .text                                    0x08000378   Section      100  rt_memcpy_w.o(.text)
    .text                                    0x080003dc   Section       68  rt_memclr.o(.text)
    .text                                    0x08000420   Section       78  rt_memclr_w.o(.text)
    .text                                    0x0800046e   Section       74  sys_stackheap_outer.o(.text)
    .text                                    0x080004b8   Section        0  exit.o(.text)
    .text                                    0x080004cc   Section        8  libspace.o(.text)
    .text                                    0x080004d4   Section        0  sys_exit.o(.text)
    .text                                    0x080004e0   Section        2  use_no_semi.o(.text)
    .text                                    0x080004e2   Section        0  indicate_semi.o(.text)
    i.Fn_RTOS_TaskLed1                       0x080004e4   Section        0  main.o(i.Fn_RTOS_TaskLed1)
    i.Fn_RTOS_TaskLed2                       0x08000514   Section        0  main.o(i.Fn_RTOS_TaskLed2)
    i.Fn_RTOS_TaskLed3                       0x08000548   Section        0  main.o(i.Fn_RTOS_TaskLed3)
    i.SysTick_Handler                        0x0800057c   Section        0  cmsis_os2.o(i.SysTick_Handler)
    i.SystemInit                             0x08000594   Section        0  system_gd32f30x.o(i.SystemInit)
    i._mutex_acquire                         0x080005e4   Section        0  clib_arm.o(i._mutex_acquire)
    __tagsym$$used                           0x080005e5   Number         0  clib_arm.o(i._mutex_acquire)
    i._mutex_free                            0x080005fc   Section        0  clib_arm.o(i._mutex_free)
    __tagsym$$used                           0x080005fd   Number         0  clib_arm.o(i._mutex_free)
    i._mutex_initialize                      0x08000630   Section        0  clib_arm.o(i._mutex_initialize)
    __tagsym$$used                           0x08000631   Number         0  clib_arm.o(i._mutex_initialize)
    i._mutex_release                         0x08000690   Section        0  clib_arm.o(i._mutex_release)
    __tagsym$$used                           0x08000691   Number         0  clib_arm.o(i._mutex_release)
    i._platform_post_stackheap_init          0x080006a8   Section        0  clib_arm.o(i._platform_post_stackheap_init)
    i.gpio_bit_write                         0x080006aa   Section        0  gd32f30x_gpio.o(i.gpio_bit_write)
    i.gpio_init                              0x080006b4   Section        0  gd32f30x_gpio.o(i.gpio_init)
    i.main                                   0x08000758   Section        0  main.o(i.main)
    i.os_kernel_is_active                    0x08000804   Section        0  clib_arm.o(i.os_kernel_is_active)
    os_kernel_is_active                      0x08000805   Thumb Code    18  clib_arm.o(i.os_kernel_is_active)
    i.prvAddCurrentTaskToDelayedList         0x08000818   Section        0  tasks.o(i.prvAddCurrentTaskToDelayedList)
    prvAddCurrentTaskToDelayedList           0x08000819   Thumb Code   140  tasks.o(i.prvAddCurrentTaskToDelayedList)
    i.prvAddNewTaskToReadyList               0x080008bc   Section        0  tasks.o(i.prvAddNewTaskToReadyList)
    prvAddNewTaskToReadyList                 0x080008bd   Thumb Code   204  tasks.o(i.prvAddNewTaskToReadyList)
    i.prvCheckForValidListAndQueue           0x080009a4   Section        0  timers.o(i.prvCheckForValidListAndQueue)
    prvCheckForValidListAndQueue             0x080009a5   Thumb Code    62  timers.o(i.prvCheckForValidListAndQueue)
    i.prvCheckTasksWaitingTermination        0x08000a00   Section        0  tasks.o(i.prvCheckTasksWaitingTermination)
    prvCheckTasksWaitingTermination          0x08000a01   Thumb Code    60  tasks.o(i.prvCheckTasksWaitingTermination)
    i.prvCopyDataFromQueue                   0x08000a48   Section        0  queue.o(i.prvCopyDataFromQueue)
    prvCopyDataFromQueue                     0x08000a49   Thumb Code    42  queue.o(i.prvCopyDataFromQueue)
    i.prvCopyDataToQueue                     0x08000a72   Section        0  queue.o(i.prvCopyDataToQueue)
    prvCopyDataToQueue                       0x08000a73   Thumb Code   126  queue.o(i.prvCopyDataToQueue)
    i.prvDeleteTCB                           0x08000af0   Section        0  tasks.o(i.prvDeleteTCB)
    prvDeleteTCB                             0x08000af1   Thumb Code    40  tasks.o(i.prvDeleteTCB)
    i.prvGetDisinheritPriorityAfterTimeout   0x08000b18   Section        0  queue.o(i.prvGetDisinheritPriorityAfterTimeout)
    prvGetDisinheritPriorityAfterTimeout     0x08000b19   Thumb Code    20  queue.o(i.prvGetDisinheritPriorityAfterTimeout)
    i.prvGetNextExpireTime                   0x08000b2c   Section        0  timers.o(i.prvGetNextExpireTime)
    prvGetNextExpireTime                     0x08000b2d   Thumb Code    36  timers.o(i.prvGetNextExpireTime)
    i.prvHeapInit                            0x08000b54   Section        0  heap_4.o(i.prvHeapInit)
    prvHeapInit                              0x08000b55   Thumb Code    98  heap_4.o(i.prvHeapInit)
    i.prvIdleTask                            0x08000bd0   Section        0  tasks.o(i.prvIdleTask)
    prvIdleTask                              0x08000bd1   Thumb Code    32  tasks.o(i.prvIdleTask)
    i.prvInitialiseMutex                     0x08000bf8   Section        0  queue.o(i.prvInitialiseMutex)
    prvInitialiseMutex                       0x08000bf9   Thumb Code    30  queue.o(i.prvInitialiseMutex)
    i.prvInitialiseNewQueue                  0x08000c16   Section        0  queue.o(i.prvInitialiseNewQueue)
    prvInitialiseNewQueue                    0x08000c17   Thumb Code    42  queue.o(i.prvInitialiseNewQueue)
    i.prvInitialiseNewTask                   0x08000c40   Section        0  tasks.o(i.prvInitialiseNewTask)
    prvInitialiseNewTask                     0x08000c41   Thumb Code   154  tasks.o(i.prvInitialiseNewTask)
    i.prvInitialiseTaskLists                 0x08000cdc   Section        0  tasks.o(i.prvInitialiseTaskLists)
    prvInitialiseTaskLists                   0x08000cdd   Thumb Code    70  tasks.o(i.prvInitialiseTaskLists)
    i.prvInsertBlockIntoFreeList             0x08000d44   Section        0  heap_4.o(i.prvInsertBlockIntoFreeList)
    prvInsertBlockIntoFreeList               0x08000d45   Thumb Code    96  heap_4.o(i.prvInsertBlockIntoFreeList)
    i.prvInsertTimerInActiveList             0x08000dac   Section        0  timers.o(i.prvInsertTimerInActiveList)
    prvInsertTimerInActiveList               0x08000dad   Thumb Code    80  timers.o(i.prvInsertTimerInActiveList)
    i.prvIsQueueEmpty                        0x08000e04   Section        0  queue.o(i.prvIsQueueEmpty)
    prvIsQueueEmpty                          0x08000e05   Thumb Code    26  queue.o(i.prvIsQueueEmpty)
    i.prvIsQueueFull                         0x08000e1e   Section        0  queue.o(i.prvIsQueueFull)
    prvIsQueueFull                           0x08000e1f   Thumb Code    30  queue.o(i.prvIsQueueFull)
    i.prvProcessExpiredTimer                 0x08000e3c   Section        0  timers.o(i.prvProcessExpiredTimer)
    prvProcessExpiredTimer                   0x08000e3d   Thumb Code    62  timers.o(i.prvProcessExpiredTimer)
    i.prvProcessReceivedCommands             0x08000e80   Section        0  timers.o(i.prvProcessReceivedCommands)
    prvProcessReceivedCommands               0x08000e81   Thumb Code   268  timers.o(i.prvProcessReceivedCommands)
    i.prvProcessTimerOrBlockTask             0x08000f90   Section        0  timers.o(i.prvProcessTimerOrBlockTask)
    prvProcessTimerOrBlockTask               0x08000f91   Thumb Code   102  timers.o(i.prvProcessTimerOrBlockTask)
    i.prvReloadTimer                         0x08001004   Section        0  timers.o(i.prvReloadTimer)
    prvReloadTimer                           0x08001005   Thumb Code    40  timers.o(i.prvReloadTimer)
    i.prvResetNextTaskUnblockTime            0x0800102c   Section        0  tasks.o(i.prvResetNextTaskUnblockTime)
    prvResetNextTaskUnblockTime              0x0800102d   Thumb Code    40  tasks.o(i.prvResetNextTaskUnblockTime)
    i.prvSampleTimeNow                       0x0800105c   Section        0  timers.o(i.prvSampleTimeNow)
    prvSampleTimeNow                         0x0800105d   Thumb Code    40  timers.o(i.prvSampleTimeNow)
    i.prvSwitchTimerLists                    0x08001088   Section        0  timers.o(i.prvSwitchTimerLists)
    prvSwitchTimerLists                      0x08001089   Thumb Code    58  timers.o(i.prvSwitchTimerLists)
    i.prvTaskExitError                       0x080010cc   Section        0  port.o(i.prvTaskExitError)
    prvTaskExitError                         0x080010cd   Thumb Code    22  port.o(i.prvTaskExitError)
    i.prvTimerTask                           0x080010e2   Section        0  timers.o(i.prvTimerTask)
    prvTimerTask                             0x080010e3   Thumb Code    26  timers.o(i.prvTimerTask)
    i.prvUnlockQueue                         0x080010fc   Section        0  queue.o(i.prvUnlockQueue)
    prvUnlockQueue                           0x080010fd   Thumb Code   126  queue.o(i.prvUnlockQueue)
    i.pvPortMalloc                           0x0800117c   Section        0  heap_4.o(i.pvPortMalloc)
    i.pvTaskIncrementMutexHeldCount          0x08001278   Section        0  tasks.o(i.pvTaskIncrementMutexHeldCount)
    i.pxPortInitialiseStack                  0x08001298   Section        0  port.o(i.pxPortInitialiseStack)
    i.rcu_periph_clock_enable                0x080012c4   Section        0  gd32f30x_rcu.o(i.rcu_periph_clock_enable)
    i.system_clock_120m_hxtal                0x080012e4   Section        0  system_gd32f30x.o(i.system_clock_120m_hxtal)
    system_clock_120m_hxtal                  0x080012e5   Thumb Code   256  system_gd32f30x.o(i.system_clock_120m_hxtal)
    i.system_clock_config                    0x080013f4   Section        0  system_gd32f30x.o(i.system_clock_config)
    system_clock_config                      0x080013f5   Thumb Code     8  system_gd32f30x.o(i.system_clock_config)
    i.uxListRemove                           0x080013fc   Section        0  list.o(i.uxListRemove)
    i.vApplicationGetIdleTaskMemory          0x08001424   Section        0  cmsis_os2.o(i.vApplicationGetIdleTaskMemory)
    i.vApplicationGetTimerTaskMemory         0x0800143c   Section        0  cmsis_os2.o(i.vApplicationGetTimerTaskMemory)
    i.vApplicationStackOverflowHook          0x08001454   Section        0  cmsis_os2.o(i.vApplicationStackOverflowHook)
    i.vListInitialise                        0x08001456   Section        0  list.o(i.vListInitialise)
    i.vListInitialiseItem                    0x08001470   Section        0  list.o(i.vListInitialiseItem)
    i.vListInsert                            0x08001476   Section        0  list.o(i.vListInsert)
    i.vPortEnterCritical                     0x080014ac   Section        0  port.o(i.vPortEnterCritical)
    i.vPortExitCritical                      0x080014d0   Section        0  port.o(i.vPortExitCritical)
    i.vPortFree                              0x080014f0   Section        0  heap_4.o(i.vPortFree)
    i.vPortSetupTimerInterrupt               0x08001548   Section        0  port.o(i.vPortSetupTimerInterrupt)
    i.vQueueDelete                           0x08001570   Section        0  queue.o(i.vQueueDelete)
    i.vQueueWaitForMessageRestricted         0x08001584   Section        0  queue.o(i.vQueueWaitForMessageRestricted)
    i.vTaskDelay                             0x080015d0   Section        0  tasks.o(i.vTaskDelay)
    i.vTaskInternalSetTimeOutState           0x08001604   Section        0  tasks.o(i.vTaskInternalSetTimeOutState)
    i.vTaskMissedYield                       0x0800161c   Section        0  tasks.o(i.vTaskMissedYield)
    i.vTaskPlaceOnEventList                  0x08001628   Section        0  tasks.o(i.vTaskPlaceOnEventList)
    i.vTaskPlaceOnEventListRestricted        0x08001648   Section        0  tasks.o(i.vTaskPlaceOnEventListRestricted)
    i.vTaskPriorityDisinheritAfterTimeout    0x08001694   Section        0  tasks.o(i.vTaskPriorityDisinheritAfterTimeout)
    i.vTaskStartScheduler                    0x08001754   Section        0  tasks.o(i.vTaskStartScheduler)
    i.vTaskSuspendAll                        0x080017f0   Section        0  tasks.o(i.vTaskSuspendAll)
    i.vTaskSwitchContext                     0x08001800   Section        0  tasks.o(i.vTaskSwitchContext)
    i.xPortStartScheduler                    0x080018b0   Section        0  port.o(i.xPortStartScheduler)
    i.xPortSysTickHandler                    0x080018f8   Section        0  port.o(i.xPortSysTickHandler)
    i.xQueueCreateMutex                      0x0800192c   Section        0  queue.o(i.xQueueCreateMutex)
    i.xQueueCreateMutexStatic                0x0800194e   Section        0  queue.o(i.xQueueCreateMutexStatic)
    i.xQueueGenericCreate                    0x08001978   Section        0  queue.o(i.xQueueGenericCreate)
    i.xQueueGenericCreateStatic              0x080019ca   Section        0  queue.o(i.xQueueGenericCreateStatic)
    i.xQueueGenericReset                     0x08001a08   Section        0  queue.o(i.xQueueGenericReset)
    i.xQueueGenericSend                      0x08001aa8   Section        0  queue.o(i.xQueueGenericSend)
    i.xQueueReceive                          0x08001bc0   Section        0  queue.o(i.xQueueReceive)
    i.xQueueSemaphoreTake                    0x08001cc4   Section        0  queue.o(i.xQueueSemaphoreTake)
    i.xTaskCheckForTimeOut                   0x08001df4   Section        0  tasks.o(i.xTaskCheckForTimeOut)
    i.xTaskCreate                            0x08001e54   Section        0  tasks.o(i.xTaskCreate)
    i.xTaskCreateStatic                      0x08001eb8   Section        0  tasks.o(i.xTaskCreateStatic)
    i.xTaskGetSchedulerState                 0x08001f08   Section        0  tasks.o(i.xTaskGetSchedulerState)
    i.xTaskGetTickCount                      0x08001f28   Section        0  tasks.o(i.xTaskGetTickCount)
    i.xTaskIncrementTick                     0x08001f34   Section        0  tasks.o(i.xTaskIncrementTick)
    i.xTaskPriorityDisinherit                0x080020c4   Section        0  tasks.o(i.xTaskPriorityDisinherit)
    i.xTaskPriorityInherit                   0x08002158   Section        0  tasks.o(i.xTaskPriorityInherit)
    i.xTaskRemoveFromEventList               0x08002230   Section        0  tasks.o(i.xTaskRemoveFromEventList)
    i.xTaskResumeAll                         0x08002338   Section        0  tasks.o(i.xTaskResumeAll)
    i.xTimerCreateTimerTask                  0x08002490   Section        0  timers.o(i.xTimerCreateTimerTask)
    x$fpl$fpinit                             0x080024f0   Section       10  fpinit.o(x$fpl$fpinit)
    $v0                                      0x080024f0   Number         0  fpinit.o(x$fpl$fpinit)
    .data                                    0x20000000   Section       12  main.o(.data)
    .data                                    0x2000000c   Section        4  system_gd32f30x.o(.data)
    .data                                    0x20000010   Section       32  heap_4.o(.data)
    xStart                                   0x20000010   Data           8  heap_4.o(.data)
    pxEnd                                    0x20000018   Data           4  heap_4.o(.data)
    xFreeBytesRemaining                      0x2000001c   Data           4  heap_4.o(.data)
    xMinimumEverFreeBytesRemaining           0x20000020   Data           4  heap_4.o(.data)
    xNumberOfSuccessfulAllocations           0x20000024   Data           4  heap_4.o(.data)
    xNumberOfSuccessfulFrees                 0x20000028   Data           4  heap_4.o(.data)
    xBlockAllocatedBit                       0x2000002c   Data           4  heap_4.o(.data)
    .data                                    0x20000030   Section        4  port.o(.data)
    uxCriticalNesting                        0x20000030   Data           4  port.o(.data)
    .data                                    0x20000034   Section       64  tasks.o(.data)
    pxDelayedTaskList                        0x20000038   Data           4  tasks.o(.data)
    pxOverflowDelayedTaskList                0x2000003c   Data           4  tasks.o(.data)
    uxDeletedTasksWaitingCleanUp             0x20000040   Data           4  tasks.o(.data)
    uxCurrentNumberOfTasks                   0x20000044   Data           4  tasks.o(.data)
    xTickCount                               0x20000048   Data           4  tasks.o(.data)
    uxTopReadyPriority                       0x2000004c   Data           4  tasks.o(.data)
    xSchedulerRunning                        0x20000050   Data           4  tasks.o(.data)
    xPendedTicks                             0x20000054   Data           4  tasks.o(.data)
    xYieldPending                            0x20000058   Data           4  tasks.o(.data)
    xNumOfOverflows                          0x2000005c   Data           4  tasks.o(.data)
    uxTaskNumber                             0x20000060   Data           4  tasks.o(.data)
    xNextTaskUnblockTime                     0x20000064   Data           4  tasks.o(.data)
    xIdleTaskHandle                          0x20000068   Data           4  tasks.o(.data)
    uxSchedulerSuspended                     0x20000070   Data           4  tasks.o(.data)
    .data                                    0x20000074   Section       20  timers.o(.data)
    pxCurrentTimerList                       0x20000074   Data           4  timers.o(.data)
    pxOverflowTimerList                      0x20000078   Data           4  timers.o(.data)
    xTimerQueue                              0x2000007c   Data           4  timers.o(.data)
    xTimerTaskHandle                         0x20000080   Data           4  timers.o(.data)
    xLastTime                                0x20000084   Data           4  timers.o(.data)
    .bss                                     0x20000088   Section      916  clib_arm.o(.bss)
    os_libspace                              0x20000088   Data         480  clib_arm.o(.bss)
    os_libspace_id                           0x20000268   Data          16  clib_arm.o(.bss)
    clib_mutex_cb                            0x20000278   Data         400  clib_arm.o(.bss)
    clib_mutex_id                            0x20000408   Data          20  clib_arm.o(.bss)
    .bss                                     0x2000041c   Section     1016  cmsis_os2.o(.bss)
    Idle_TCB                                 0x2000041c   Data          92  cmsis_os2.o(.bss)
    Idle_Stack                               0x20000478   Data         512  cmsis_os2.o(.bss)
    Timer_TCB                                0x20000678   Data          92  cmsis_os2.o(.bss)
    Timer_Stack                              0x200006d4   Data         320  cmsis_os2.o(.bss)
    .bss                                     0x20000814   Section     8192  heap_4.o(.bss)
    ucHeap                                   0x20000814   Data        8192  heap_4.o(.bss)
    .bss                                     0x20002814   Section     1220  tasks.o(.bss)
    pxReadyTasksLists                        0x20002814   Data        1120  tasks.o(.bss)
    xDelayedTaskList1                        0x20002c74   Data          20  tasks.o(.bss)
    xDelayedTaskList2                        0x20002c88   Data          20  tasks.o(.bss)
    xPendingReadyList                        0x20002c9c   Data          20  tasks.o(.bss)
    xTasksWaitingTermination                 0x20002cb0   Data          20  tasks.o(.bss)
    xSuspendedTaskList                       0x20002cc4   Data          20  tasks.o(.bss)
    .bss                                     0x20002cd8   Section      200  timers.o(.bss)
    xActiveTimerList1                        0x20002cd8   Data          20  timers.o(.bss)
    xActiveTimerList2                        0x20002cec   Data          20  timers.o(.bss)
    xStaticTimerQueue                        0x20002d00   Data          80  timers.o(.bss)
    ucStaticTimerQueueStorage                0x20002d50   Data          80  timers.o(.bss)
    .bss                                     0x20002da0   Section       96  libspace.o(.bss)
    HEAP                                     0x20002e00   Section     1024  startup_gd32f30x_hd.o(HEAP)
    Heap_Mem                                 0x20002e00   Data        1024  startup_gd32f30x_hd.o(HEAP)
    STACK                                    0x20003200   Section     1024  startup_gd32f30x_hd.o(STACK)
    Stack_Mem                                0x20003200   Data        1024  startup_gd32f30x_hd.o(STACK)
    __initial_sp                             0x20003600   Data           0  startup_gd32f30x_hd.o(STACK)

    Global Symbols

    Symbol Name                              Value     Ov Type        Size  Object(Section)

    BuildAttributes$$THM_ISAv4$E$P$D$K$B$S$7EM$VFPi3$EXTD16$VFPS$VFMA$PE$A:L22UL41UL21$X:L11$S22US41US21$IEEE1$IW$USESV6$~STKCKD$USESV7$~SHL$OSPACE$ROPI$EBA8$UX$STANDARDLIB$REQ8$PRES8$EABIv2 0x00000000   Number         0  anon$$obj.o ABSOLUTE
    __ARM_use_no_argv                        0x00000000   Number         0  main.o ABSOLUTE
    __ARM_exceptions_init                     - Undefined Weak Reference
    __alloca_initialize                       - Undefined Weak Reference
    __arm_fini_                               - Undefined Weak Reference
    __arm_preinit_                            - Undefined Weak Reference
    __cpp_initialize__aeabi_                  - Undefined Weak Reference
    __cxa_finalize                            - Undefined Weak Reference
    __rt_locale                               - Undefined Weak Reference
    __sigvec_lookup                           - Undefined Weak Reference
    _atexit_init                              - Undefined Weak Reference
    _call_atexit_fns                          - Undefined Weak Reference
    _clock_init                               - Undefined Weak Reference
    _fp_trap_init                             - Undefined Weak Reference
    _fp_trap_shutdown                         - Undefined Weak Reference
    _get_lc_collate                           - Undefined Weak Reference
    _get_lc_ctype                             - Undefined Weak Reference
    _get_lc_monetary                          - Undefined Weak Reference
    _get_lc_numeric                           - Undefined Weak Reference
    _get_lc_time                              - Undefined Weak Reference
    _getenv_init                              - Undefined Weak Reference
    _handle_redirection                       - Undefined Weak Reference
    _init_alloc                               - Undefined Weak Reference
    _init_user_alloc                          - Undefined Weak Reference
    _initio                                   - Undefined Weak Reference
    _rand_init                                - Undefined Weak Reference
    _signal_finish                            - Undefined Weak Reference
    _signal_init                              - Undefined Weak Reference
    _terminate_alloc                          - Undefined Weak Reference
    _terminate_user_alloc                     - Undefined Weak Reference
    _terminateio                              - Undefined Weak Reference
    __Vectors_Size                           0x00000130   Number         0  startup_gd32f30x_hd.o ABSOLUTE
    __Vectors                                0x08000000   Data           4  startup_gd32f30x_hd.o(RESET)
    __Vectors_End                            0x08000130   Data           0  startup_gd32f30x_hd.o(RESET)
    __main                                   0x08000131   Thumb Code     8  __main.o(!!!main)
    __scatterload                            0x08000139   Thumb Code     0  __scatter.o(!!!scatter)
    __scatterload_rt2                        0x08000139   Thumb Code    44  __scatter.o(!!!scatter)
    __scatterload_rt2_thumb_only             0x08000139   Thumb Code     0  __scatter.o(!!!scatter)
    __scatterload_null                       0x08000147   Thumb Code     0  __scatter.o(!!!scatter)
    __scatterload_copy                       0x0800016d   Thumb Code    26  __scatter_copy.o(!!handler_copy)
    __scatterload_zeroinit                   0x08000189   Thumb Code    28  __scatter_zi.o(!!handler_zi)
    __rt_lib_init                            0x080001a5   Thumb Code     0  libinit.o(.ARM.Collect$$libinit$$00000000)
    __rt_lib_init_fp_1                       0x080001a7   Thumb Code     0  libinit2.o(.ARM.Collect$$libinit$$00000001)
    __rt_lib_init_alloca_1                   0x080001ab   Thumb Code     0  libinit2.o(.ARM.Collect$$libinit$$0000002E)
    __rt_lib_init_argv_1                     0x080001ab   Thumb Code     0  libinit2.o(.ARM.Collect$$libinit$$0000002C)
    __rt_lib_init_atexit_1                   0x080001ab   Thumb Code     0  libinit2.o(.ARM.Collect$$libinit$$0000001B)
    __rt_lib_init_clock_1                    0x080001ab   Thumb Code     0  libinit2.o(.ARM.Collect$$libinit$$00000021)
    __rt_lib_init_cpp_1                      0x080001ab   Thumb Code     0  libinit2.o(.ARM.Collect$$libinit$$00000032)
    __rt_lib_init_exceptions_1               0x080001ab   Thumb Code     0  libinit2.o(.ARM.Collect$$libinit$$00000030)
    __rt_lib_init_fp_trap_1                  0x080001ab   Thumb Code     0  libinit2.o(.ARM.Collect$$libinit$$0000001F)
    __rt_lib_init_getenv_1                   0x080001ab   Thumb Code     0  libinit2.o(.ARM.Collect$$libinit$$00000023)
    __rt_lib_init_heap_1                     0x080001ab   Thumb Code     0  libinit2.o(.ARM.Collect$$libinit$$0000000A)
    __rt_lib_init_lc_collate_1               0x080001ab   Thumb Code     0  libinit2.o(.ARM.Collect$$libinit$$00000011)
    __rt_lib_init_lc_ctype_1                 0x080001ab   Thumb Code     0  libinit2.o(.ARM.Collect$$libinit$$00000013)
    __rt_lib_init_lc_monetary_1              0x080001ab   Thumb Code     0  libinit2.o(.ARM.Collect$$libinit$$00000015)
    __rt_lib_init_lc_numeric_1               0x080001ab   Thumb Code     0  libinit2.o(.ARM.Collect$$libinit$$00000017)
    __rt_lib_init_lc_time_1                  0x080001ab   Thumb Code     0  libinit2.o(.ARM.Collect$$libinit$$00000019)
    __rt_lib_init_preinit_1                  0x080001ab   Thumb Code     0  libinit2.o(.ARM.Collect$$libinit$$00000004)
    __rt_lib_init_rand_1                     0x080001ab   Thumb Code     0  libinit2.o(.ARM.Collect$$libinit$$0000000E)
    __rt_lib_init_return                     0x080001ab   Thumb Code     0  libinit2.o(.ARM.Collect$$libinit$$00000033)
    __rt_lib_init_signal_1                   0x080001ab   Thumb Code     0  libinit2.o(.ARM.Collect$$libinit$$0000001D)
    __rt_lib_init_stdio_1                    0x080001ab   Thumb Code     0  libinit2.o(.ARM.Collect$$libinit$$00000025)
    __rt_lib_init_user_alloc_1               0x080001ab   Thumb Code     0  libinit2.o(.ARM.Collect$$libinit$$0000000C)
    __rt_lib_shutdown                        0x080001ad   Thumb Code     0  libshutdown.o(.ARM.Collect$$libshutdown$$00000000)
    __rt_lib_shutdown_cpp_1                  0x080001af   Thumb Code     0  libshutdown2.o(.ARM.Collect$$libshutdown$$00000004)
    __rt_lib_shutdown_fini_1                 0x080001af   Thumb Code     0  libshutdown2.o(.ARM.Collect$$libshutdown$$00000002)
    __rt_lib_shutdown_fp_trap_1              0x080001af   Thumb Code     0  libshutdown2.o(.ARM.Collect$$libshutdown$$00000009)
    __rt_lib_shutdown_heap_1                 0x080001af   Thumb Code     0  libshutdown2.o(.ARM.Collect$$libshutdown$$00000011)
    __rt_lib_shutdown_return                 0x080001af   Thumb Code     0  libshutdown2.o(.ARM.Collect$$libshutdown$$00000012)
    __rt_lib_shutdown_signal_1               0x080001af   Thumb Code     0  libshutdown2.o(.ARM.Collect$$libshutdown$$0000000C)
    __rt_lib_shutdown_stdio_1                0x080001af   Thumb Code     0  libshutdown2.o(.ARM.Collect$$libshutdown$$00000006)
    __rt_lib_shutdown_user_alloc_1           0x080001af   Thumb Code     0  libshutdown2.o(.ARM.Collect$$libshutdown$$0000000E)
    __rt_entry                               0x080001b1   Thumb Code     0  __rtentry.o(.ARM.Collect$$rtentry$$00000000)
    __rt_entry_presh_1                       0x080001b1   Thumb Code     0  __rtentry2.o(.ARM.Collect$$rtentry$$00000002)
    __rt_entry_sh                            0x080001b1   Thumb Code     0  __rtentry4.o(.ARM.Collect$$rtentry$$00000004)
    __rt_entry_postsh_1                      0x080001b7   Thumb Code     0  __rtentry2.o(.ARM.Collect$$rtentry$$00000008)
    __rt_entry_li                            0x080001bf   Thumb Code     0  __rtentry2.o(.ARM.Collect$$rtentry$$0000000A)
    __rt_entry_main                          0x080001c3   Thumb Code     0  __rtentry2.o(.ARM.Collect$$rtentry$$0000000D)
    __rt_entry_postli_1                      0x080001c3   Thumb Code     0  __rtentry2.o(.ARM.Collect$$rtentry$$0000000C)
    __rt_exit                                0x080001cb   Thumb Code     0  rtexit.o(.ARM.Collect$$rtexit$$00000000)
    __rt_exit_ls                             0x080001cd   Thumb Code     0  rtexit2.o(.ARM.Collect$$rtexit$$00000003)
    __rt_exit_prels_1                        0x080001cd   Thumb Code     0  rtexit2.o(.ARM.Collect$$rtexit$$00000002)
    __rt_exit_exit                           0x080001d1   Thumb Code     0  rtexit2.o(.ARM.Collect$$rtexit$$00000004)
    SVC_Handler                              0x080001d9   Thumb Code    28  port.o(.emb_text)
    __asm___6_port_c_39a90d8d__prvStartFirstTask 0x080001f9   Thumb Code    36  port.o(.emb_text)
    __asm___6_port_c_39a90d8d__prvEnableVFP  0x08000221   Thumb Code    16  port.o(.emb_text)
    PendSV_Handler                           0x08000235   Thumb Code    88  port.o(.emb_text)
    vPortGetIPSR                             0x08000291   Thumb Code     6  port.o(.emb_text)
    Reset_Handler                            0x08000299   Thumb Code     8  startup_gd32f30x_hd.o(.text)
    NMI_Handler                              0x080002a1   Thumb Code     2  startup_gd32f30x_hd.o(.text)
    HardFault_Handler                        0x080002a3   Thumb Code     2  startup_gd32f30x_hd.o(.text)
    MemManage_Handler                        0x080002a5   Thumb Code     2  startup_gd32f30x_hd.o(.text)
    BusFault_Handler                         0x080002a7   Thumb Code     2  startup_gd32f30x_hd.o(.text)
    UsageFault_Handler                       0x080002a9   Thumb Code     2  startup_gd32f30x_hd.o(.text)
    DebugMon_Handler                         0x080002ad   Thumb Code     2  startup_gd32f30x_hd.o(.text)
    ADC0_1_IRQHandler                        0x080002b3   Thumb Code     0  startup_gd32f30x_hd.o(.text)
    ADC2_IRQHandler                          0x080002b3   Thumb Code     0  startup_gd32f30x_hd.o(.text)
    CAN0_EWMC_IRQHandler                     0x080002b3   Thumb Code     0  startup_gd32f30x_hd.o(.text)
    CAN0_RX1_IRQHandler                      0x080002b3   Thumb Code     0  startup_gd32f30x_hd.o(.text)
    DMA0_Channel0_IRQHandler                 0x080002b3   Thumb Code     0  startup_gd32f30x_hd.o(.text)
    DMA0_Channel1_IRQHandler                 0x080002b3   Thumb Code     0  startup_gd32f30x_hd.o(.text)
    DMA0_Channel2_IRQHandler                 0x080002b3   Thumb Code     0  startup_gd32f30x_hd.o(.text)
    DMA0_Channel3_IRQHandler                 0x080002b3   Thumb Code     0  startup_gd32f30x_hd.o(.text)
    DMA0_Channel4_IRQHandler                 0x080002b3   Thumb Code     0  startup_gd32f30x_hd.o(.text)
    DMA0_Channel5_IRQHandler                 0x080002b3   Thumb Code     0  startup_gd32f30x_hd.o(.text)
    DMA0_Channel6_IRQHandler                 0x080002b3   Thumb Code     0  startup_gd32f30x_hd.o(.text)
    DMA1_Channel0_IRQHandler                 0x080002b3   Thumb Code     0  startup_gd32f30x_hd.o(.text)
    DMA1_Channel1_IRQHandler                 0x080002b3   Thumb Code     0  startup_gd32f30x_hd.o(.text)
    DMA1_Channel2_IRQHandler                 0x080002b3   Thumb Code     0  startup_gd32f30x_hd.o(.text)
    DMA1_Channel3_4_IRQHandler               0x080002b3   Thumb Code     0  startup_gd32f30x_hd.o(.text)
    EXMC_IRQHandler                          0x080002b3   Thumb Code     0  startup_gd32f30x_hd.o(.text)
    EXTI0_IRQHandler                         0x080002b3   Thumb Code     0  startup_gd32f30x_hd.o(.text)
    EXTI10_15_IRQHandler                     0x080002b3   Thumb Code     0  startup_gd32f30x_hd.o(.text)
    EXTI1_IRQHandler                         0x080002b3   Thumb Code     0  startup_gd32f30x_hd.o(.text)
    EXTI2_IRQHandler                         0x080002b3   Thumb Code     0  startup_gd32f30x_hd.o(.text)
    EXTI3_IRQHandler                         0x080002b3   Thumb Code     0  startup_gd32f30x_hd.o(.text)
    EXTI4_IRQHandler                         0x080002b3   Thumb Code     0  startup_gd32f30x_hd.o(.text)
    EXTI5_9_IRQHandler                       0x080002b3   Thumb Code     0  startup_gd32f30x_hd.o(.text)
    FMC_IRQHandler                           0x080002b3   Thumb Code     0  startup_gd32f30x_hd.o(.text)
    I2C0_ER_IRQHandler                       0x080002b3   Thumb Code     0  startup_gd32f30x_hd.o(.text)
    I2C0_EV_IRQHandler                       0x080002b3   Thumb Code     0  startup_gd32f30x_hd.o(.text)
    I2C1_ER_IRQHandler                       0x080002b3   Thumb Code     0  startup_gd32f30x_hd.o(.text)
    I2C1_EV_IRQHandler                       0x080002b3   Thumb Code     0  startup_gd32f30x_hd.o(.text)
    LVD_IRQHandler                           0x080002b3   Thumb Code     0  startup_gd32f30x_hd.o(.text)
    RCU_CTC_IRQHandler                       0x080002b3   Thumb Code     0  startup_gd32f30x_hd.o(.text)
    RTC_Alarm_IRQHandler                     0x080002b3   Thumb Code     0  startup_gd32f30x_hd.o(.text)
    RTC_IRQHandler                           0x080002b3   Thumb Code     0  startup_gd32f30x_hd.o(.text)
    SDIO_IRQHandler                          0x080002b3   Thumb Code     0  startup_gd32f30x_hd.o(.text)
    SPI0_IRQHandler                          0x080002b3   Thumb Code     0  startup_gd32f30x_hd.o(.text)
    SPI1_IRQHandler                          0x080002b3   Thumb Code     0  startup_gd32f30x_hd.o(.text)
    SPI2_IRQHandler                          0x080002b3   Thumb Code     0  startup_gd32f30x_hd.o(.text)
    TAMPER_IRQHandler                        0x080002b3   Thumb Code     0  startup_gd32f30x_hd.o(.text)
    TIMER0_BRK_IRQHandler                    0x080002b3   Thumb Code     0  startup_gd32f30x_hd.o(.text)
    TIMER0_Channel_IRQHandler                0x080002b3   Thumb Code     0  startup_gd32f30x_hd.o(.text)
    TIMER0_TRG_CMT_IRQHandler                0x080002b3   Thumb Code     0  startup_gd32f30x_hd.o(.text)
    TIMER0_UP_IRQHandler                     0x080002b3   Thumb Code     0  startup_gd32f30x_hd.o(.text)
    TIMER1_IRQHandler                        0x080002b3   Thumb Code     0  startup_gd32f30x_hd.o(.text)
    TIMER2_IRQHandler                        0x080002b3   Thumb Code     0  startup_gd32f30x_hd.o(.text)
    TIMER3_IRQHandler                        0x080002b3   Thumb Code     0  startup_gd32f30x_hd.o(.text)
    TIMER4_IRQHandler                        0x080002b3   Thumb Code     0  startup_gd32f30x_hd.o(.text)
    TIMER5_IRQHandler                        0x080002b3   Thumb Code     0  startup_gd32f30x_hd.o(.text)
    TIMER6_IRQHandler                        0x080002b3   Thumb Code     0  startup_gd32f30x_hd.o(.text)
    TIMER7_BRK_IRQHandler                    0x080002b3   Thumb Code     0  startup_gd32f30x_hd.o(.text)
    TIMER7_Channel_IRQHandler                0x080002b3   Thumb Code     0  startup_gd32f30x_hd.o(.text)
    TIMER7_TRG_CMT_IRQHandler                0x080002b3   Thumb Code     0  startup_gd32f30x_hd.o(.text)
    TIMER7_UP_IRQHandler                     0x080002b3   Thumb Code     0  startup_gd32f30x_hd.o(.text)
    UART3_IRQHandler                         0x080002b3   Thumb Code     0  startup_gd32f30x_hd.o(.text)
    UART4_IRQHandler                         0x080002b3   Thumb Code     0  startup_gd32f30x_hd.o(.text)
    USART0_IRQHandler                        0x080002b3   Thumb Code     0  startup_gd32f30x_hd.o(.text)
    USART1_IRQHandler                        0x080002b3   Thumb Code     0  startup_gd32f30x_hd.o(.text)
    USART2_IRQHandler                        0x080002b3   Thumb Code     0  startup_gd32f30x_hd.o(.text)
    USBD_HP_CAN0_TX_IRQHandler               0x080002b3   Thumb Code     0  startup_gd32f30x_hd.o(.text)
    USBD_LP_CAN0_RX0_IRQHandler              0x080002b3   Thumb Code     0  startup_gd32f30x_hd.o(.text)
    USBD_WKUP_IRQHandler                     0x080002b3   Thumb Code     0  startup_gd32f30x_hd.o(.text)
    WWDGT_IRQHandler                         0x080002b3   Thumb Code     0  startup_gd32f30x_hd.o(.text)
    __user_initial_stackheap                 0x080002b5   Thumb Code    10  startup_gd32f30x_hd.o(.text)
    __aeabi_memcpy                           0x080002d9   Thumb Code     0  rt_memcpy_v6.o(.text)
    __rt_memcpy                              0x080002d9   Thumb Code   138  rt_memcpy_v6.o(.text)
    _memcpy_lastbytes                        0x0800033f   Thumb Code     0  rt_memcpy_v6.o(.text)
    __aeabi_memset                           0x08000363   Thumb Code    16  aeabi_memset.o(.text)
    __use_two_region_memory                  0x08000373   Thumb Code     2  heapauxi.o(.text)
    __rt_heap_escrow$2region                 0x08000375   Thumb Code     2  heapauxi.o(.text)
    __rt_heap_expand$2region                 0x08000377   Thumb Code     2  heapauxi.o(.text)
    __aeabi_memcpy4                          0x08000379   Thumb Code     0  rt_memcpy_w.o(.text)
    __aeabi_memcpy8                          0x08000379   Thumb Code     0  rt_memcpy_w.o(.text)
    __rt_memcpy_w                            0x08000379   Thumb Code   100  rt_memcpy_w.o(.text)
    _memcpy_lastbytes_aligned                0x080003c1   Thumb Code     0  rt_memcpy_w.o(.text)
    __aeabi_memclr                           0x080003dd   Thumb Code     0  rt_memclr.o(.text)
    __rt_memclr                              0x080003dd   Thumb Code    68  rt_memclr.o(.text)
    _memset                                  0x080003e1   Thumb Code     0  rt_memclr.o(.text)
    __aeabi_memclr4                          0x08000421   Thumb Code     0  rt_memclr_w.o(.text)
    __aeabi_memclr8                          0x08000421   Thumb Code     0  rt_memclr_w.o(.text)
    __rt_memclr_w                            0x08000421   Thumb Code    78  rt_memclr_w.o(.text)
    _memset_w                                0x08000425   Thumb Code     0  rt_memclr_w.o(.text)
    __user_setup_stackheap                   0x0800046f   Thumb Code    74  sys_stackheap_outer.o(.text)
    exit                                     0x080004b9   Thumb Code    18  exit.o(.text)
    __user_libspace                          0x080004cd   Thumb Code     8  libspace.o(.text)
    __user_perproc_libspace                  0x080004cd   Thumb Code     0  libspace.o(.text)
    _sys_exit                                0x080004d5   Thumb Code     8  sys_exit.o(.text)
    __I$use$semihosting                      0x080004e1   Thumb Code     0  use_no_semi.o(.text)
    __use_no_semihosting_swi                 0x080004e1   Thumb Code     2  use_no_semi.o(.text)
    __semihosting_library_function           0x080004e3   Thumb Code     0  indicate_semi.o(.text)
    Fn_RTOS_TaskLed1                         0x080004e5   Thumb Code    40  main.o(i.Fn_RTOS_TaskLed1)
    Fn_RTOS_TaskLed2                         0x08000515   Thumb Code    42  main.o(i.Fn_RTOS_TaskLed2)
    Fn_RTOS_TaskLed3                         0x08000549   Thumb Code    42  main.o(i.Fn_RTOS_TaskLed3)
    SysTick_Handler                          0x0800057d   Thumb Code    22  cmsis_os2.o(i.SysTick_Handler)
    SystemInit                               0x08000595   Thumb Code    66  system_gd32f30x.o(i.SystemInit)
    _mutex_acquire                           0x080005e5   Thumb Code    22  clib_arm.o(i._mutex_acquire)
    _mutex_free                              0x080005fd   Thumb Code    46  clib_arm.o(i._mutex_free)
    _mutex_initialize                        0x08000631   Thumb Code    86  clib_arm.o(i._mutex_initialize)
    _mutex_release                           0x08000691   Thumb Code    24  clib_arm.o(i._mutex_release)
    _platform_post_stackheap_init            0x080006a9   Thumb Code     2  clib_arm.o(i._platform_post_stackheap_init)
    gpio_bit_write                           0x080006ab   Thumb Code    10  gd32f30x_gpio.o(i.gpio_bit_write)
    gpio_init                                0x080006b5   Thumb Code   164  gd32f30x_gpio.o(i.gpio_init)
    main                                     0x08000759   Thumb Code   134  main.o(i.main)
    pvPortMalloc                             0x0800117d   Thumb Code   228  heap_4.o(i.pvPortMalloc)
    pvTaskIncrementMutexHeldCount            0x08001279   Thumb Code    26  tasks.o(i.pvTaskIncrementMutexHeldCount)
    pxPortInitialiseStack                    0x08001299   Thumb Code    38  port.o(i.pxPortInitialiseStack)
    rcu_periph_clock_enable                  0x080012c5   Thumb Code    28  gd32f30x_rcu.o(i.rcu_periph_clock_enable)
    uxListRemove                             0x080013fd   Thumb Code    40  list.o(i.uxListRemove)
    vApplicationGetIdleTaskMemory            0x08001425   Thumb Code    14  cmsis_os2.o(i.vApplicationGetIdleTaskMemory)
    vApplicationGetTimerTaskMemory           0x0800143d   Thumb Code    14  cmsis_os2.o(i.vApplicationGetTimerTaskMemory)
    vApplicationStackOverflowHook            0x08001455   Thumb Code     2  cmsis_os2.o(i.vApplicationStackOverflowHook)
    vListInitialise                          0x08001457   Thumb Code    26  list.o(i.vListInitialise)
    vListInitialiseItem                      0x08001471   Thumb Code     6  list.o(i.vListInitialiseItem)
    vListInsert                              0x08001477   Thumb Code    52  list.o(i.vListInsert)
    vPortEnterCritical                       0x080014ad   Thumb Code    30  port.o(i.vPortEnterCritical)
    vPortExitCritical                        0x080014d1   Thumb Code    28  port.o(i.vPortExitCritical)
    vPortFree                                0x080014f1   Thumb Code    74  heap_4.o(i.vPortFree)
    vPortSetupTimerInterrupt                 0x08001549   Thumb Code    36  port.o(i.vPortSetupTimerInterrupt)
    vQueueDelete                             0x08001571   Thumb Code    20  queue.o(i.vQueueDelete)
    vQueueWaitForMessageRestricted           0x08001585   Thumb Code    74  queue.o(i.vQueueWaitForMessageRestricted)
    vTaskDelay                               0x080015d1   Thumb Code    46  tasks.o(i.vTaskDelay)
    vTaskInternalSetTimeOutState             0x08001605   Thumb Code    14  tasks.o(i.vTaskInternalSetTimeOutState)
    vTaskMissedYield                         0x0800161d   Thumb Code     8  tasks.o(i.vTaskMissedYield)
    vTaskPlaceOnEventList                    0x08001629   Thumb Code    28  tasks.o(i.vTaskPlaceOnEventList)
    vTaskPlaceOnEventListRestricted          0x08001649   Thumb Code    70  tasks.o(i.vTaskPlaceOnEventListRestricted)
    vTaskPriorityDisinheritAfterTimeout      0x08001695   Thumb Code   182  tasks.o(i.vTaskPriorityDisinheritAfterTimeout)
    vTaskStartScheduler                      0x08001755   Thumb Code   124  tasks.o(i.vTaskStartScheduler)
    vTaskSuspendAll                          0x080017f1   Thumb Code    12  tasks.o(i.vTaskSuspendAll)
    vTaskSwitchContext                       0x08001801   Thumb Code   154  tasks.o(i.vTaskSwitchContext)
    xPortStartScheduler                      0x080018b1   Thumb Code    58  port.o(i.xPortStartScheduler)
    xPortSysTickHandler                      0x080018f9   Thumb Code    46  port.o(i.xPortSysTickHandler)
    xQueueCreateMutex                        0x0800192d   Thumb Code    34  queue.o(i.xQueueCreateMutex)
    xQueueCreateMutexStatic                  0x0800194f   Thumb Code    42  queue.o(i.xQueueCreateMutexStatic)
    xQueueGenericCreate                      0x08001979   Thumb Code    82  queue.o(i.xQueueGenericCreate)
    xQueueGenericCreateStatic                0x080019cb   Thumb Code    62  queue.o(i.xQueueGenericCreateStatic)
    xQueueGenericReset                       0x08001a09   Thumb Code   156  queue.o(i.xQueueGenericReset)
    xQueueGenericSend                        0x08001aa9   Thumb Code   276  queue.o(i.xQueueGenericSend)
    xQueueReceive                            0x08001bc1   Thumb Code   256  queue.o(i.xQueueReceive)
    xQueueSemaphoreTake                      0x08001cc5   Thumb Code   300  queue.o(i.xQueueSemaphoreTake)
    xTaskCheckForTimeOut                     0x08001df5   Thumb Code    88  tasks.o(i.xTaskCheckForTimeOut)
    xTaskCreate                              0x08001e55   Thumb Code   100  tasks.o(i.xTaskCreate)
    xTaskCreateStatic                        0x08001eb9   Thumb Code    78  tasks.o(i.xTaskCreateStatic)
    xTaskGetSchedulerState                   0x08001f09   Thumb Code    24  tasks.o(i.xTaskGetSchedulerState)
    xTaskGetTickCount                        0x08001f29   Thumb Code     6  tasks.o(i.xTaskGetTickCount)
    xTaskIncrementTick                       0x08001f35   Thumb Code   354  tasks.o(i.xTaskIncrementTick)
    xTaskPriorityDisinherit                  0x080020c5   Thumb Code   138  tasks.o(i.xTaskPriorityDisinherit)
    xTaskPriorityInherit                     0x08002159   Thumb Code   202  tasks.o(i.xTaskPriorityInherit)
    xTaskRemoveFromEventList                 0x08002231   Thumb Code   238  tasks.o(i.xTaskRemoveFromEventList)
    xTaskResumeAll                           0x08002339   Thumb Code   308  tasks.o(i.xTaskResumeAll)
    xTimerCreateTimerTask                    0x08002491   Thumb Code    76  timers.o(i.xTimerCreateTimerTask)
    _fp_init                                 0x080024f1   Thumb Code    10  fpinit.o(x$fpl$fpinit)
    __fplib_config_fpu_vfp                   0x080024f9   Thumb Code     0  fpinit.o(x$fpl$fpinit)
    __fplib_config_pureend_doubles           0x080024f9   Thumb Code     0  fpinit.o(x$fpl$fpinit)
    Region$$Table$$Base                      0x080024fc   Number         0  anon$$obj.o(Region$$Table)
    Region$$Table$$Limit                     0x0800251c   Number         0  anon$$obj.o(Region$$Table)
    i                                        0x20000000   Data           4  main.o(.data)
    j                                        0x20000004   Data           4  main.o(.data)
    k                                        0x20000008   Data           4  main.o(.data)
    SystemCoreClock                          0x2000000c   Data           4  system_gd32f30x.o(.data)
    pxCurrentTCB                             0x20000034   Data           4  tasks.o(.data)
    uxTopUsedPriority                        0x2000006c   Data           4  tasks.o(.data)
    __libspace_start                         0x20002da0   Data          96  libspace.o(.bss)
    __temporary_stack_top$libspace           0x20002e00   Data           0  libspace.o(.bss)



==============================================================================

Memory Map of the image

  Image Entry point : 0x08000131

  Load Region LR_IROM1 (Base: 0x08000000, Size: 0x000025a4, Max: 0x00040000, ABSOLUTE)

    Execution Region ER_IROM1 (Exec base: 0x08000000, Load base: 0x08000000, Size: 0x0000251c, Max: 0x00040000, ABSOLUTE)

    Exec Addr    Load Addr    Size         Type   Attr      Idx    E Section Name        Object

    0x08000000   0x08000000   0x00000130   Data   RO         1891    RESET               startup_gd32f30x_hd.o
    0x08000130   0x08000130   0x00000008   Code   RO         3135  * !!!main             c_w.l(__main.o)
    0x08000138   0x08000138   0x00000034   Code   RO         3298    !!!scatter          c_w.l(__scatter.o)
    0x0800016c   0x0800016c   0x0000001a   Code   RO         3300    !!handler_copy      c_w.l(__scatter_copy.o)
    0x08000186   0x08000186   0x00000002   PAD
    0x08000188   0x08000188   0x0000001c   Code   RO         3302    !!handler_zi        c_w.l(__scatter_zi.o)
    0x080001a4   0x080001a4   0x00000002   Code   RO         3166    .ARM.Collect$$libinit$$00000000  c_w.l(libinit.o)
    0x080001a6   0x080001a6   0x00000004   Code   RO         3172    .ARM.Collect$$libinit$$00000001  c_w.l(libinit2.o)
    0x080001aa   0x080001aa   0x00000000   Code   RO         3175    .ARM.Collect$$libinit$$00000004  c_w.l(libinit2.o)
    0x080001aa   0x080001aa   0x00000000   Code   RO         3178    .ARM.Collect$$libinit$$0000000A  c_w.l(libinit2.o)
    0x080001aa   0x080001aa   0x00000000   Code   RO         3180    .ARM.Collect$$libinit$$0000000C  c_w.l(libinit2.o)
    0x080001aa   0x080001aa   0x00000000   Code   RO         3182    .ARM.Collect$$libinit$$0000000E  c_w.l(libinit2.o)
    0x080001aa   0x080001aa   0x00000000   Code   RO         3185    .ARM.Collect$$libinit$$00000011  c_w.l(libinit2.o)
    0x080001aa   0x080001aa   0x00000000   Code   RO         3187    .ARM.Collect$$libinit$$00000013  c_w.l(libinit2.o)
    0x080001aa   0x080001aa   0x00000000   Code   RO         3189    .ARM.Collect$$libinit$$00000015  c_w.l(libinit2.o)
    0x080001aa   0x080001aa   0x00000000   Code   RO         3191    .ARM.Collect$$libinit$$00000017  c_w.l(libinit2.o)
    0x080001aa   0x080001aa   0x00000000   Code   RO         3193    .ARM.Collect$$libinit$$00000019  c_w.l(libinit2.o)
    0x080001aa   0x080001aa   0x00000000   Code   RO         3195    .ARM.Collect$$libinit$$0000001B  c_w.l(libinit2.o)
    0x080001aa   0x080001aa   0x00000000   Code   RO         3197    .ARM.Collect$$libinit$$0000001D  c_w.l(libinit2.o)
    0x080001aa   0x080001aa   0x00000000   Code   RO         3199    .ARM.Collect$$libinit$$0000001F  c_w.l(libinit2.o)
    0x080001aa   0x080001aa   0x00000000   Code   RO         3201    .ARM.Collect$$libinit$$00000021  c_w.l(libinit2.o)
    0x080001aa   0x080001aa   0x00000000   Code   RO         3203    .ARM.Collect$$libinit$$00000023  c_w.l(libinit2.o)
    0x080001aa   0x080001aa   0x00000000   Code   RO         3205    .ARM.Collect$$libinit$$00000025  c_w.l(libinit2.o)
    0x080001aa   0x080001aa   0x00000000   Code   RO         3209    .ARM.Collect$$libinit$$0000002C  c_w.l(libinit2.o)
    0x080001aa   0x080001aa   0x00000000   Code   RO         3211    .ARM.Collect$$libinit$$0000002E  c_w.l(libinit2.o)
    0x080001aa   0x080001aa   0x00000000   Code   RO         3213    .ARM.Collect$$libinit$$00000030  c_w.l(libinit2.o)
    0x080001aa   0x080001aa   0x00000000   Code   RO         3215    .ARM.Collect$$libinit$$00000032  c_w.l(libinit2.o)
    0x080001aa   0x080001aa   0x00000002   Code   RO         3216    .ARM.Collect$$libinit$$00000033  c_w.l(libinit2.o)
    0x080001ac   0x080001ac   0x00000002   Code   RO         3236    .ARM.Collect$$libshutdown$$00000000  c_w.l(libshutdown.o)
    0x080001ae   0x080001ae   0x00000000   Code   RO         3249    .ARM.Collect$$libshutdown$$00000002  c_w.l(libshutdown2.o)
    0x080001ae   0x080001ae   0x00000000   Code   RO         3251    .ARM.Collect$$libshutdown$$00000004  c_w.l(libshutdown2.o)
    0x080001ae   0x080001ae   0x00000000   Code   RO         3253    .ARM.Collect$$libshutdown$$00000006  c_w.l(libshutdown2.o)
    0x080001ae   0x080001ae   0x00000000   Code   RO         3256    .ARM.Collect$$libshutdown$$00000009  c_w.l(libshutdown2.o)
    0x080001ae   0x080001ae   0x00000000   Code   RO         3259    .ARM.Collect$$libshutdown$$0000000C  c_w.l(libshutdown2.o)
    0x080001ae   0x080001ae   0x00000000   Code   RO         3261    .ARM.Collect$$libshutdown$$0000000E  c_w.l(libshutdown2.o)
    0x080001ae   0x080001ae   0x00000000   Code   RO         3264    .ARM.Collect$$libshutdown$$00000011  c_w.l(libshutdown2.o)
    0x080001ae   0x080001ae   0x00000002   Code   RO         3265    .ARM.Collect$$libshutdown$$00000012  c_w.l(libshutdown2.o)
    0x080001b0   0x080001b0   0x00000000   Code   RO         3137    .ARM.Collect$$rtentry$$00000000  c_w.l(__rtentry.o)
    0x080001b0   0x080001b0   0x00000000   Code   RO         3143    .ARM.Collect$$rtentry$$00000002  c_w.l(__rtentry2.o)
    0x080001b0   0x080001b0   0x00000006   Code   RO         3155    .ARM.Collect$$rtentry$$00000004  c_w.l(__rtentry4.o)
    0x080001b6   0x080001b6   0x00000008   Code   RO         3144    .ARM.Collect$$rtentry$$00000008  c_w.l(__rtentry2.o)
    0x080001be   0x080001be   0x00000004   Code   RO         3146    .ARM.Collect$$rtentry$$0000000A  c_w.l(__rtentry2.o)
    0x080001c2   0x080001c2   0x00000000   Code   RO         3148    .ARM.Collect$$rtentry$$0000000C  c_w.l(__rtentry2.o)
    0x080001c2   0x080001c2   0x00000008   Code   RO         3149    .ARM.Collect$$rtentry$$0000000D  c_w.l(__rtentry2.o)
    0x080001ca   0x080001ca   0x00000002   Code   RO         3170    .ARM.Collect$$rtexit$$00000000  c_w.l(rtexit.o)
    0x080001cc   0x080001cc   0x00000000   Code   RO         3218    .ARM.Collect$$rtexit$$00000002  c_w.l(rtexit2.o)
    0x080001cc   0x080001cc   0x00000004   Code   RO         3219    .ARM.Collect$$rtexit$$00000003  c_w.l(rtexit2.o)
    0x080001d0   0x080001d0   0x00000006   Code   RO         3220    .ARM.Collect$$rtexit$$00000004  c_w.l(rtexit2.o)
    0x080001d6   0x080001d6   0x00000002   PAD
    0x080001d8   0x080001d8   0x000000be   Code   RO         2233    .emb_text           port.o
    0x08000296   0x08000296   0x00000002   PAD
    0x08000298   0x08000298   0x00000040   Code   RO         1892    .text               startup_gd32f30x_hd.o
    0x080002d8   0x080002d8   0x0000008a   Code   RO         3129    .text               c_w.l(rt_memcpy_v6.o)
    0x08000362   0x08000362   0x00000010   Code   RO         3131    .text               c_w.l(aeabi_memset.o)
    0x08000372   0x08000372   0x00000006   Code   RO         3133    .text               c_w.l(heapauxi.o)
    0x08000378   0x08000378   0x00000064   Code   RO         3138    .text               c_w.l(rt_memcpy_w.o)
    0x080003dc   0x080003dc   0x00000044   Code   RO         3140    .text               c_w.l(rt_memclr.o)
    0x08000420   0x08000420   0x0000004e   Code   RO         3157    .text               c_w.l(rt_memclr_w.o)
    0x0800046e   0x0800046e   0x0000004a   Code   RO         3159    .text               c_w.l(sys_stackheap_outer.o)
    0x080004b8   0x080004b8   0x00000012   Code   RO         3161    .text               c_w.l(exit.o)
    0x080004ca   0x080004ca   0x00000002   PAD
    0x080004cc   0x080004cc   0x00000008   Code   RO         3167    .text               c_w.l(libspace.o)
    0x080004d4   0x080004d4   0x0000000c   Code   RO         3228    .text               c_w.l(sys_exit.o)
    0x080004e0   0x080004e0   0x00000002   Code   RO         3239    .text               c_w.l(use_no_semi.o)
    0x080004e2   0x080004e2   0x00000000   Code   RO         3241    .text               c_w.l(indicate_semi.o)
    0x080004e2   0x080004e2   0x00000002   PAD
    0x080004e4   0x080004e4   0x00000030   Code   RO            4    i.Fn_RTOS_TaskLed1  main.o
    0x08000514   0x08000514   0x00000034   Code   RO            5    i.Fn_RTOS_TaskLed2  main.o
    0x08000548   0x08000548   0x00000034   Code   RO            6    i.Fn_RTOS_TaskLed3  main.o
    0x0800057c   0x0800057c   0x00000016   Code   RO          228    i.SysTick_Handler   cmsis_os2.o
    0x08000592   0x08000592   0x00000002   PAD
    0x08000594   0x08000594   0x00000050   Code   RO         1900    i.SystemInit        system_gd32f30x.o
    0x080005e4   0x080005e4   0x00000016   Code   RO          152    i._mutex_acquire    clib_arm.o
    0x080005fa   0x080005fa   0x00000002   PAD
    0x080005fc   0x080005fc   0x00000034   Code   RO          153    i._mutex_free       clib_arm.o
    0x08000630   0x08000630   0x00000060   Code   RO          154    i._mutex_initialize  clib_arm.o
    0x08000690   0x08000690   0x00000018   Code   RO          155    i._mutex_release    clib_arm.o
    0x080006a8   0x080006a8   0x00000002   Code   RO          156    i._platform_post_stackheap_init  clib_arm.o
    0x080006aa   0x080006aa   0x0000000a   Code   RO          995    i.gpio_bit_write    gd32f30x_gpio.o
    0x080006b4   0x080006b4   0x000000a4   Code   RO         1003    i.gpio_init         gd32f30x_gpio.o
    0x08000758   0x08000758   0x000000ac   Code   RO            7    i.main              main.o
    0x08000804   0x08000804   0x00000012   Code   RO          157    i.os_kernel_is_active  clib_arm.o
    0x08000816   0x08000816   0x00000002   PAD
    0x08000818   0x08000818   0x000000a4   Code   RO         2553    i.prvAddCurrentTaskToDelayedList  tasks.o
    0x080008bc   0x080008bc   0x000000e8   Code   RO         2554    i.prvAddNewTaskToReadyList  tasks.o
    0x080009a4   0x080009a4   0x0000005c   Code   RO         2950    i.prvCheckForValidListAndQueue  timers.o
    0x08000a00   0x08000a00   0x00000048   Code   RO         2555    i.prvCheckTasksWaitingTermination  tasks.o
    0x08000a48   0x08000a48   0x0000002a   Code   RO         2316    i.prvCopyDataFromQueue  queue.o
    0x08000a72   0x08000a72   0x0000007e   Code   RO         2317    i.prvCopyDataToQueue  queue.o
    0x08000af0   0x08000af0   0x00000028   Code   RO         2556    i.prvDeleteTCB      tasks.o
    0x08000b18   0x08000b18   0x00000014   Code   RO         2318    i.prvGetDisinheritPriorityAfterTimeout  queue.o
    0x08000b2c   0x08000b2c   0x00000028   Code   RO         2951    i.prvGetNextExpireTime  timers.o
    0x08000b54   0x08000b54   0x0000007c   Code   RO         2166    i.prvHeapInit       heap_4.o
    0x08000bd0   0x08000bd0   0x00000028   Code   RO         2557    i.prvIdleTask       tasks.o
    0x08000bf8   0x08000bf8   0x0000001e   Code   RO         2319    i.prvInitialiseMutex  queue.o
    0x08000c16   0x08000c16   0x0000002a   Code   RO         2320    i.prvInitialiseNewQueue  queue.o
    0x08000c40   0x08000c40   0x0000009a   Code   RO         2558    i.prvInitialiseNewTask  tasks.o
    0x08000cda   0x08000cda   0x00000002   PAD
    0x08000cdc   0x08000cdc   0x00000068   Code   RO         2559    i.prvInitialiseTaskLists  tasks.o
    0x08000d44   0x08000d44   0x00000068   Code   RO         2167    i.prvInsertBlockIntoFreeList  heap_4.o
    0x08000dac   0x08000dac   0x00000058   Code   RO         2953    i.prvInsertTimerInActiveList  timers.o
    0x08000e04   0x08000e04   0x0000001a   Code   RO         2321    i.prvIsQueueEmpty   queue.o
    0x08000e1e   0x08000e1e   0x0000001e   Code   RO         2322    i.prvIsQueueFull    queue.o
    0x08000e3c   0x08000e3c   0x00000044   Code   RO         2954    i.prvProcessExpiredTimer  timers.o
    0x08000e80   0x08000e80   0x00000110   Code   RO         2955    i.prvProcessReceivedCommands  timers.o
    0x08000f90   0x08000f90   0x00000074   Code   RO         2956    i.prvProcessTimerOrBlockTask  timers.o
    0x08001004   0x08001004   0x00000028   Code   RO         2957    i.prvReloadTimer    timers.o
    0x0800102c   0x0800102c   0x00000030   Code   RO         2561    i.prvResetNextTaskUnblockTime  tasks.o
    0x0800105c   0x0800105c   0x0000002c   Code   RO         2958    i.prvSampleTimeNow  timers.o
    0x08001088   0x08001088   0x00000044   Code   RO         2959    i.prvSwitchTimerLists  timers.o
    0x080010cc   0x080010cc   0x00000016   Code   RO         2234    i.prvTaskExitError  port.o
    0x080010e2   0x080010e2   0x0000001a   Code   RO         2960    i.prvTimerTask      timers.o
    0x080010fc   0x080010fc   0x0000007e   Code   RO         2323    i.prvUnlockQueue    queue.o
    0x0800117a   0x0800117a   0x00000002   PAD
    0x0800117c   0x0800117c   0x000000fc   Code   RO         2168    i.pvPortMalloc      heap_4.o
    0x08001278   0x08001278   0x00000020   Code   RO         2564    i.pvTaskIncrementMutexHeldCount  tasks.o
    0x08001298   0x08001298   0x0000002c   Code   RO         2235    i.pxPortInitialiseStack  port.o
    0x080012c4   0x080012c4   0x00000020   Code   RO         1349    i.rcu_periph_clock_enable  gd32f30x_rcu.o
    0x080012e4   0x080012e4   0x00000110   Code   RO         1901    i.system_clock_120m_hxtal  system_gd32f30x.o
    0x080013f4   0x080013f4   0x00000008   Code   RO         1902    i.system_clock_config  system_gd32f30x.o
    0x080013fc   0x080013fc   0x00000028   Code   RO         2115    i.uxListRemove      list.o
    0x08001424   0x08001424   0x00000018   Code   RO          301    i.vApplicationGetIdleTaskMemory  cmsis_os2.o
    0x0800143c   0x0800143c   0x00000018   Code   RO          302    i.vApplicationGetTimerTaskMemory  cmsis_os2.o
    0x08001454   0x08001454   0x00000002   Code   RO          303    i.vApplicationStackOverflowHook  cmsis_os2.o
    0x08001456   0x08001456   0x0000001a   Code   RO         2116    i.vListInitialise   list.o
    0x08001470   0x08001470   0x00000006   Code   RO         2117    i.vListInitialiseItem  list.o
    0x08001476   0x08001476   0x00000034   Code   RO         2118    i.vListInsert       list.o
    0x080014aa   0x080014aa   0x00000002   PAD
    0x080014ac   0x080014ac   0x00000024   Code   RO         2237    i.vPortEnterCritical  port.o
    0x080014d0   0x080014d0   0x00000020   Code   RO         2238    i.vPortExitCritical  port.o
    0x080014f0   0x080014f0   0x00000058   Code   RO         2169    i.vPortFree         heap_4.o
    0x08001548   0x08001548   0x00000028   Code   RO         2239    i.vPortSetupTimerInterrupt  port.o
    0x08001570   0x08001570   0x00000014   Code   RO         2329    i.vQueueDelete      queue.o
    0x08001584   0x08001584   0x0000004a   Code   RO         2331    i.vQueueWaitForMessageRestricted  queue.o
    0x080015ce   0x080015ce   0x00000002   PAD
    0x080015d0   0x080015d0   0x00000034   Code   RO         2574    i.vTaskDelay        tasks.o
    0x08001604   0x08001604   0x00000018   Code   RO         2579    i.vTaskInternalSetTimeOutState  tasks.o
    0x0800161c   0x0800161c   0x0000000c   Code   RO         2580    i.vTaskMissedYield  tasks.o
    0x08001628   0x08001628   0x00000020   Code   RO         2581    i.vTaskPlaceOnEventList  tasks.o
    0x08001648   0x08001648   0x0000004c   Code   RO         2582    i.vTaskPlaceOnEventListRestricted  tasks.o
    0x08001694   0x08001694   0x000000c0   Code   RO         2584    i.vTaskPriorityDisinheritAfterTimeout  tasks.o
    0x08001754   0x08001754   0x0000009c   Code   RO         2590    i.vTaskStartScheduler  tasks.o
    0x080017f0   0x080017f0   0x00000010   Code   RO         2592    i.vTaskSuspendAll   tasks.o
    0x08001800   0x08001800   0x000000b0   Code   RO         2593    i.vTaskSwitchContext  tasks.o
    0x080018b0   0x080018b0   0x00000048   Code   RO         2240    i.xPortStartScheduler  port.o
    0x080018f8   0x080018f8   0x00000034   Code   RO         2241    i.xPortSysTickHandler  port.o
    0x0800192c   0x0800192c   0x00000022   Code   RO         2334    i.xQueueCreateMutex  queue.o
    0x0800194e   0x0800194e   0x0000002a   Code   RO         2335    i.xQueueCreateMutexStatic  queue.o
    0x08001978   0x08001978   0x00000052   Code   RO         2336    i.xQueueGenericCreate  queue.o
    0x080019ca   0x080019ca   0x0000003e   Code   RO         2337    i.xQueueGenericCreateStatic  queue.o
    0x08001a08   0x08001a08   0x000000a0   Code   RO         2338    i.xQueueGenericReset  queue.o
    0x08001aa8   0x08001aa8   0x00000118   Code   RO         2339    i.xQueueGenericSend  queue.o
    0x08001bc0   0x08001bc0   0x00000104   Code   RO         2349    i.xQueueReceive     queue.o
    0x08001cc4   0x08001cc4   0x00000130   Code   RO         2351    i.xQueueSemaphoreTake  queue.o
    0x08001df4   0x08001df4   0x00000060   Code   RO         2595    i.xTaskCheckForTimeOut  tasks.o
    0x08001e54   0x08001e54   0x00000064   Code   RO         2596    i.xTaskCreate       tasks.o
    0x08001eb8   0x08001eb8   0x0000004e   Code   RO         2597    i.xTaskCreateStatic  tasks.o
    0x08001f06   0x08001f06   0x00000002   PAD
    0x08001f08   0x08001f08   0x00000020   Code   RO         2604    i.xTaskGetSchedulerState  tasks.o
    0x08001f28   0x08001f28   0x0000000c   Code   RO         2605    i.xTaskGetTickCount  tasks.o
    0x08001f34   0x08001f34   0x00000190   Code   RO         2607    i.xTaskIncrementTick  tasks.o
    0x080020c4   0x080020c4   0x00000094   Code   RO         2608    i.xTaskPriorityDisinherit  tasks.o
    0x08002158   0x08002158   0x000000d8   Code   RO         2609    i.xTaskPriorityInherit  tasks.o
    0x08002230   0x08002230   0x00000108   Code   RO         2610    i.xTaskRemoveFromEventList  tasks.o
    0x08002338   0x08002338   0x00000158   Code   RO         2611    i.xTaskResumeAll    tasks.o
    0x08002490   0x08002490   0x00000060   Code   RO         2969    i.xTimerCreateTimerTask  timers.o
    0x080024f0   0x080024f0   0x0000000a   Code   RO         3226    x$fpl$fpinit        fz_wm.l(fpinit.o)
    0x080024fa   0x080024fa   0x00000002   PAD
    0x080024fc   0x080024fc   0x00000020   Data   RO         3296    Region$$Table       anon$$obj.o


    Execution Region RW_IRAM1 (Exec base: 0x20000000, Load base: 0x0800251c, Size: 0x00003600, Max: 0x0000c000, ABSOLUTE)

    Exec Addr    Load Addr    Size         Type   Attr      Idx    E Section Name        Object

    0x20000000   0x0800251c   0x0000000c   Data   RW            8    .data               main.o
    0x2000000c   0x08002528   0x00000004   Data   RW         1903    .data               system_gd32f30x.o
    0x20000010   0x0800252c   0x00000020   Data   RW         2175    .data               heap_4.o
    0x20000030   0x0800254c   0x00000004   Data   RW         2242    .data               port.o
    0x20000034   0x08002550   0x00000040   Data   RW         2614    .data               tasks.o
    0x20000074   0x08002590   0x00000014   Data   RW         2978    .data               timers.o
    0x20000088        -       0x00000394   Zero   RW          158    .bss                clib_arm.o
    0x2000041c        -       0x000003f8   Zero   RW          304    .bss                cmsis_os2.o
    0x20000814        -       0x00002000   Zero   RW         2174    .bss                heap_4.o
    0x20002814        -       0x000004c4   Zero   RW         2613    .bss                tasks.o
    0x20002cd8        -       0x000000c8   Zero   RW         2977    .bss                timers.o
    0x20002da0        -       0x00000060   Zero   RW         3168    .bss                c_w.l(libspace.o)
    0x20002e00        -       0x00000400   Zero   RW         1890    HEAP                startup_gd32f30x_hd.o
    0x20003200        -       0x00000400   Zero   RW         1889    STACK               startup_gd32f30x_hd.o


==============================================================================

Image component sizes


      Code (inc. data)   RO Data    RW Data    ZI Data      Debug   Object Name

       214         16          0          0        916      14928   clib_arm.o
        72         20          0          0       1016      31019   cmsis_os2.o
         0          0          0          0          0      11940   event_groups.o
       174          0          0          0          0       1517   gd32f30x_gpio.o
        32          4          0          0          0        562   gd32f30x_rcu.o
       568         72          0         32       8192       4435   heap_4.o
       124          0          0          0          0      12437   list.o
       324         66          0         12          0      58832   main.o
       488         56          0          4          0      10104   port.o
      1760         16          0          0          0      19239   queue.o
        64         26        304          0       2048        928   startup_gd32f30x_hd.o
       360         30          0          4          0       1963   system_gd32f30x.o
      3312        372          0         64       1220      47193   tasks.o
       950        110          0         20        200      12268   timers.o

    ----------------------------------------------------------------------
      8460        788        336        136      13592     227365   Object Totals
         0          0         32          0          0          0   (incl. Generated)
        18          0          0          0          0          0   (incl. Padding)

    ----------------------------------------------------------------------

      Code (inc. data)   RO Data    RW Data    ZI Data      Debug   Library Member Name

         8          0          0          0          0         68   __main.o
         0          0          0          0          0          0   __rtentry.o
        20          0          0          0          0          0   __rtentry2.o
         6          0          0          0          0          0   __rtentry4.o
        52          8          0          0          0          0   __scatter.o
        26          0          0          0          0          0   __scatter_copy.o
        28          0          0          0          0          0   __scatter_zi.o
        16          0          0          0          0         68   aeabi_memset.o
        18          0          0          0          0         80   exit.o
         6          0          0          0          0        152   heapauxi.o
         0          0          0          0          0          0   indicate_semi.o
         2          0          0          0          0          0   libinit.o
         6          0          0          0          0          0   libinit2.o
         2          0          0          0          0          0   libshutdown.o
         2          0          0          0          0          0   libshutdown2.o
         8          4          0          0         96         68   libspace.o
        68          0          0          0          0         68   rt_memclr.o
        78          0          0          0          0         80   rt_memclr_w.o
       138          0          0          0          0         68   rt_memcpy_v6.o
       100          0          0          0          0         80   rt_memcpy_w.o
         2          0          0          0          0          0   rtexit.o
        10          0          0          0          0          0   rtexit2.o
        12          4          0          0          0         68   sys_exit.o
        74          0          0          0          0         80   sys_stackheap_outer.o
         2          0          0          0          0         68   use_no_semi.o
        10          0          0          0          0        116   fpinit.o

    ----------------------------------------------------------------------
       704         16          0          0         96       1064   Library Totals
        10          0          0          0          0          0   (incl. Padding)

    ----------------------------------------------------------------------

      Code (inc. data)   RO Data    RW Data    ZI Data      Debug   Library Name

       684         16          0          0         96        948   c_w.l
        10          0          0          0          0        116   fz_wm.l

    ----------------------------------------------------------------------
       704         16          0          0         96       1064   Library Totals

    ----------------------------------------------------------------------

==============================================================================


      Code (inc. data)   RO Data    RW Data    ZI Data      Debug   

      9164        804        336        136      13688     219113   Grand Totals
      9164        804        336        136      13688     219113   ELF Image Totals
      9164        804        336        136          0          0   ROM Totals

==============================================================================

    Total RO  Size (Code + RO Data)                 9500 (   9.28kB)
    Total RW  Size (RW Data + ZI Data)             13824 (  13.50kB)
    Total ROM Size (Code + RO Data + RW Data)       9636 (   9.41kB)

==============================================================================

