Component: ARM Compiler 5.06 update 7 (build 960) Tool: armlink [4d3601]

==============================================================================

Section Cross References

    main.o(i.main) refers to systick.o(i.systick_config) for systick_config
    main.o(i.main) refers to bts_uart.o(i.SmartBTS_USART0_Init) for SmartBTS_USART0_Init
    main.o(i.main) refers to bts_uart.o(i.SmartBTS_USART0_SendString) for SmartBTS_USART0_SendString
    main.o(i.main) refers to bts_uart.o(.data) for uart0_flag_rx
    systick.o(i.SysTick_Handler) refers to systick.o(i.delay_decrement) for delay_decrement
    systick.o(i.delay_1ms) refers to systick.o(.data) for delay
    systick.o(i.delay_decrement) refers to systick.o(.data) for delay
    systick.o(i.systick_config) refers to systick.o(i.__NVIC_SetPriority) for __NVIC_SetPriority
    systick.o(i.systick_config) refers to system_gd32f30x.o(.data) for SystemCoreClock
    bts_uart.o(i.SmartBTS_USART0_Init) refers to gd32f30x_rcu.o(i.rcu_periph_clock_enable) for rcu_periph_clock_enable
    bts_uart.o(i.SmartBTS_USART0_Init) refers to gd32f30x_gpio.o(i.gpio_init) for gpio_init
    bts_uart.o(i.SmartBTS_USART0_Init) refers to gd32f30x_usart.o(i.usart_baudrate_set) for usart_baudrate_set
    bts_uart.o(i.SmartBTS_USART0_Init) refers to gd32f30x_usart.o(i.usart_transmit_config) for usart_transmit_config
    bts_uart.o(i.SmartBTS_USART0_Init) refers to gd32f30x_usart.o(i.usart_receive_config) for usart_receive_config
    bts_uart.o(i.SmartBTS_USART0_Init) refers to gd32f30x_usart.o(i.usart_interrupt_enable) for usart_interrupt_enable
    bts_uart.o(i.SmartBTS_USART0_Init) refers to gd32f30x_misc.o(i.nvic_priority_group_set) for nvic_priority_group_set
    bts_uart.o(i.SmartBTS_USART0_Init) refers to gd32f30x_misc.o(i.nvic_irq_enable) for nvic_irq_enable
    bts_uart.o(i.SmartBTS_USART0_Init) refers to gd32f30x_usart.o(i.usart_enable) for usart_enable
    bts_uart.o(i.SmartBTS_USART0_SendArrayByte) refers to bts_uart.o(i.SmartBTS_USART0_SendOneByte) for SmartBTS_USART0_SendOneByte
    bts_uart.o(i.SmartBTS_USART0_SendChar) refers to gd32f30x_usart.o(i.usart_data_transmit) for usart_data_transmit
    bts_uart.o(i.SmartBTS_USART0_SendChar) refers to gd32f30x_usart.o(i.usart_flag_get) for usart_flag_get
    bts_uart.o(i.SmartBTS_USART0_SendOneByte) refers to gd32f30x_usart.o(i.usart_data_transmit) for usart_data_transmit
    bts_uart.o(i.SmartBTS_USART0_SendOneByte) refers to gd32f30x_usart.o(i.usart_flag_get) for usart_flag_get
    bts_uart.o(i.SmartBTS_USART0_SendString) refers to bts_uart.o(i.SmartBTS_USART0_SendChar) for SmartBTS_USART0_SendChar
    bts_uart.o(i.USART0_IRQHandler) refers to gd32f30x_usart.o(i.usart_interrupt_flag_get) for usart_interrupt_flag_get
    bts_uart.o(i.USART0_IRQHandler) refers to gd32f30x_usart.o(i.usart_data_receive) for usart_data_receive
    bts_uart.o(i.USART0_IRQHandler) refers to bts_uart.o(.bss) for uart0_rxbuffer
    bts_uart.o(i.USART0_IRQHandler) refers to bts_uart.o(.data) for uart0_rxcount
    bts_uart.o(i.fputc) refers to bts_uart.o(i.SmartBTS_USART0_SendChar) for SmartBTS_USART0_SendChar
    gd32f30x_eval.o(i.gd_eval_com_init) refers to gd32f30x_rcu.o(i.rcu_periph_clock_enable) for rcu_periph_clock_enable
    gd32f30x_eval.o(i.gd_eval_com_init) refers to gd32f30x_gpio.o(i.gpio_init) for gpio_init
    gd32f30x_eval.o(i.gd_eval_com_init) refers to gd32f30x_usart.o(i.usart_deinit) for usart_deinit
    gd32f30x_eval.o(i.gd_eval_com_init) refers to gd32f30x_usart.o(i.usart_baudrate_set) for usart_baudrate_set
    gd32f30x_eval.o(i.gd_eval_com_init) refers to gd32f30x_usart.o(i.usart_receive_config) for usart_receive_config
    gd32f30x_eval.o(i.gd_eval_com_init) refers to gd32f30x_usart.o(i.usart_transmit_config) for usart_transmit_config
    gd32f30x_eval.o(i.gd_eval_com_init) refers to gd32f30x_usart.o(i.usart_enable) for usart_enable
    gd32f30x_eval.o(i.gd_eval_com_init) refers to gd32f30x_eval.o(.data) for COM_GPIO_CLK
    gd32f30x_eval.o(i.gd_eval_key_init) refers to gd32f30x_rcu.o(i.rcu_periph_clock_enable) for rcu_periph_clock_enable
    gd32f30x_eval.o(i.gd_eval_key_init) refers to gd32f30x_gpio.o(i.gpio_init) for gpio_init
    gd32f30x_eval.o(i.gd_eval_key_init) refers to gd32f30x_misc.o(i.nvic_irq_enable) for nvic_irq_enable
    gd32f30x_eval.o(i.gd_eval_key_init) refers to gd32f30x_gpio.o(i.gpio_exti_source_select) for gpio_exti_source_select
    gd32f30x_eval.o(i.gd_eval_key_init) refers to gd32f30x_exti.o(i.exti_init) for exti_init
    gd32f30x_eval.o(i.gd_eval_key_init) refers to gd32f30x_exti.o(i.exti_interrupt_flag_clear) for exti_interrupt_flag_clear
    gd32f30x_eval.o(i.gd_eval_key_init) refers to gd32f30x_eval.o(.data) for KEY_CLK
    gd32f30x_eval.o(i.gd_eval_key_state_get) refers to gd32f30x_gpio.o(i.gpio_input_bit_get) for gpio_input_bit_get
    gd32f30x_eval.o(i.gd_eval_key_state_get) refers to gd32f30x_eval.o(.data) for KEY_PIN
    gd32f30x_eval.o(i.gd_eval_led_init) refers to gd32f30x_rcu.o(i.rcu_periph_clock_enable) for rcu_periph_clock_enable
    gd32f30x_eval.o(i.gd_eval_led_init) refers to gd32f30x_gpio.o(i.gpio_init) for gpio_init
    gd32f30x_eval.o(i.gd_eval_led_init) refers to gd32f30x_eval.o(.data) for GPIO_CLK
    gd32f30x_eval.o(i.gd_eval_led_off) refers to gd32f30x_eval.o(.data) for GPIO_PIN
    gd32f30x_eval.o(i.gd_eval_led_on) refers to gd32f30x_eval.o(.data) for GPIO_PIN
    gd32f30x_eval.o(i.gd_eval_led_toggle) refers to gd32f30x_gpio.o(i.gpio_input_bit_get) for gpio_input_bit_get
    gd32f30x_eval.o(i.gd_eval_led_toggle) refers to gd32f30x_gpio.o(i.gpio_bit_write) for gpio_bit_write
    gd32f30x_eval.o(i.gd_eval_led_toggle) refers to gd32f30x_eval.o(.data) for GPIO_PIN
    gd32f30x_gpio.o(i.gpio_afio_deinit) refers to gd32f30x_rcu.o(i.rcu_periph_reset_enable) for rcu_periph_reset_enable
    gd32f30x_gpio.o(i.gpio_afio_deinit) refers to gd32f30x_rcu.o(i.rcu_periph_reset_disable) for rcu_periph_reset_disable
    gd32f30x_gpio.o(i.gpio_deinit) refers to gd32f30x_rcu.o(i.rcu_periph_reset_enable) for rcu_periph_reset_enable
    gd32f30x_gpio.o(i.gpio_deinit) refers to gd32f30x_rcu.o(i.rcu_periph_reset_disable) for rcu_periph_reset_disable
    gd32f30x_misc.o(i.nvic_irq_enable) refers to gd32f30x_misc.o(i.nvic_priority_group_set) for nvic_priority_group_set
    gd32f30x_pmu.o(i.pmu_deinit) refers to gd32f30x_rcu.o(i.rcu_periph_reset_enable) for rcu_periph_reset_enable
    gd32f30x_pmu.o(i.pmu_deinit) refers to gd32f30x_rcu.o(i.rcu_periph_reset_disable) for rcu_periph_reset_disable
    gd32f30x_pmu.o(i.pmu_highdriver_switch_select) refers to gd32f30x_pmu.o(i.pmu_flag_get) for pmu_flag_get
    gd32f30x_rcu.o(i.rcu_deinit) refers to gd32f30x_rcu.o(i.rcu_osci_stab_wait) for rcu_osci_stab_wait
    gd32f30x_rcu.o(i.rcu_osci_stab_wait) refers to gd32f30x_rcu.o(i.rcu_flag_get) for rcu_flag_get
    gd32f30x_usart.o(i.usart_baudrate_set) refers to gd32f30x_rcu.o(i.rcu_clock_freq_get) for rcu_clock_freq_get
    gd32f30x_usart.o(i.usart_deinit) refers to gd32f30x_rcu.o(i.rcu_periph_reset_enable) for rcu_periph_reset_enable
    gd32f30x_usart.o(i.usart_deinit) refers to gd32f30x_rcu.o(i.rcu_periph_reset_disable) for rcu_periph_reset_disable
    startup_gd32f30x_hd.o(STACK) refers (Special) to heapauxi.o(.text) for __use_two_region_memory
    startup_gd32f30x_hd.o(HEAP) refers (Special) to heapauxi.o(.text) for __use_two_region_memory
    startup_gd32f30x_hd.o(RESET) refers (Special) to heapauxi.o(.text) for __use_two_region_memory
    startup_gd32f30x_hd.o(RESET) refers to startup_gd32f30x_hd.o(STACK) for __initial_sp
    startup_gd32f30x_hd.o(RESET) refers to startup_gd32f30x_hd.o(.text) for Reset_Handler
    startup_gd32f30x_hd.o(RESET) refers to systick.o(i.SysTick_Handler) for SysTick_Handler
    startup_gd32f30x_hd.o(RESET) refers to bts_uart.o(i.USART0_IRQHandler) for USART0_IRQHandler
    startup_gd32f30x_hd.o(.text) refers (Special) to heapauxi.o(.text) for __use_two_region_memory
    startup_gd32f30x_hd.o(.text) refers to system_gd32f30x.o(i.SystemInit) for SystemInit
    startup_gd32f30x_hd.o(.text) refers to __main.o(!!!main) for __main
    startup_gd32f30x_hd.o(.text) refers to startup_gd32f30x_hd.o(HEAP) for Heap_Mem
    startup_gd32f30x_hd.o(.text) refers to startup_gd32f30x_hd.o(STACK) for Stack_Mem
    system_gd32f30x.o(i.SystemCoreClockUpdate) refers to system_gd32f30x.o(.data) for SystemCoreClock
    system_gd32f30x.o(i.SystemInit) refers to system_gd32f30x.o(i.system_clock_config) for system_clock_config
    system_gd32f30x.o(i.system_clock_config) refers to system_gd32f30x.o(i.system_clock_120m_hxtal) for system_clock_120m_hxtal
    __main.o(!!!main) refers to __rtentry.o(.ARM.Collect$$rtentry$$00000000) for __rt_entry
    __rtentry.o(.ARM.Collect$$rtentry$$00000000) refers (Special) to __rtentry2.o(.ARM.Collect$$rtentry$$0000000A) for __rt_entry_li
    __rtentry.o(.ARM.Collect$$rtentry$$00000000) refers (Special) to __rtentry2.o(.ARM.Collect$$rtentry$$0000000D) for __rt_entry_main
    __rtentry.o(.ARM.Collect$$rtentry$$00000000) refers (Special) to __rtentry2.o(.ARM.Collect$$rtentry$$0000000C) for __rt_entry_postli_1
    __rtentry.o(.ARM.Collect$$rtentry$$00000000) refers (Special) to __rtentry2.o(.ARM.Collect$$rtentry$$00000009) for __rt_entry_postsh_1
    __rtentry.o(.ARM.Collect$$rtentry$$00000000) refers (Special) to __rtentry2.o(.ARM.Collect$$rtentry$$00000002) for __rt_entry_presh_1
    __rtentry.o(.ARM.Collect$$rtentry$$00000000) refers (Special) to __rtentry4.o(.ARM.Collect$$rtentry$$00000004) for __rt_entry_sh
    __rtentry2.o(.ARM.Collect$$rtentry$$00000008) refers to boardinit2.o(.text) for _platform_post_stackheap_init
    __rtentry2.o(.ARM.Collect$$rtentry$$0000000A) refers to libinit.o(.ARM.Collect$$libinit$$00000000) for __rt_lib_init
    __rtentry2.o(.ARM.Collect$$rtentry$$0000000B) refers to boardinit3.o(.text) for _platform_post_lib_init
    __rtentry2.o(.ARM.Collect$$rtentry$$0000000D) refers to main.o(i.main) for main
    __rtentry2.o(.ARM.Collect$$rtentry$$0000000D) refers to exit.o(.text) for exit
    __rtentry2.o(.ARM.exidx) refers to __rtentry2.o(.ARM.Collect$$rtentry$$00000001) for .ARM.Collect$$rtentry$$00000001
    __rtentry2.o(.ARM.exidx) refers to __rtentry2.o(.ARM.Collect$$rtentry$$00000008) for .ARM.Collect$$rtentry$$00000008
    __rtentry2.o(.ARM.exidx) refers to __rtentry2.o(.ARM.Collect$$rtentry$$0000000A) for .ARM.Collect$$rtentry$$0000000A
    __rtentry2.o(.ARM.exidx) refers to __rtentry2.o(.ARM.Collect$$rtentry$$0000000B) for .ARM.Collect$$rtentry$$0000000B
    __rtentry2.o(.ARM.exidx) refers to __rtentry2.o(.ARM.Collect$$rtentry$$0000000D) for .ARM.Collect$$rtentry$$0000000D
    __rtentry4.o(.ARM.Collect$$rtentry$$00000004) refers to sys_stackheap_outer.o(.text) for __user_setup_stackheap
    __rtentry4.o(.ARM.exidx) refers to __rtentry4.o(.ARM.Collect$$rtentry$$00000004) for .ARM.Collect$$rtentry$$00000004
    sys_stackheap_outer.o(.text) refers to libspace.o(.text) for __user_perproc_libspace
    sys_stackheap_outer.o(.text) refers to startup_gd32f30x_hd.o(.text) for __user_initial_stackheap
    exit.o(.text) refers to rtexit.o(.ARM.Collect$$rtexit$$00000000) for __rt_exit
    libinit.o(.ARM.Collect$$libinit$$00000000) refers (Special) to libinit2.o(.ARM.Collect$$libinit$$0000002E) for __rt_lib_init_alloca_1
    libinit.o(.ARM.Collect$$libinit$$00000000) refers (Special) to libinit2.o(.ARM.Collect$$libinit$$0000002C) for __rt_lib_init_argv_1
    libinit.o(.ARM.Collect$$libinit$$00000000) refers (Special) to libinit2.o(.ARM.Collect$$libinit$$0000001B) for __rt_lib_init_atexit_1
    libinit.o(.ARM.Collect$$libinit$$00000000) refers (Special) to libinit2.o(.ARM.Collect$$libinit$$00000021) for __rt_lib_init_clock_1
    libinit.o(.ARM.Collect$$libinit$$00000000) refers (Special) to libinit2.o(.ARM.Collect$$libinit$$00000032) for __rt_lib_init_cpp_1
    libinit.o(.ARM.Collect$$libinit$$00000000) refers (Special) to libinit2.o(.ARM.Collect$$libinit$$00000030) for __rt_lib_init_exceptions_1
    libinit.o(.ARM.Collect$$libinit$$00000000) refers (Special) to libinit2.o(.ARM.Collect$$libinit$$00000001) for __rt_lib_init_fp_1
    libinit.o(.ARM.Collect$$libinit$$00000000) refers (Special) to libinit2.o(.ARM.Collect$$libinit$$0000001F) for __rt_lib_init_fp_trap_1
    libinit.o(.ARM.Collect$$libinit$$00000000) refers (Special) to libinit2.o(.ARM.Collect$$libinit$$00000023) for __rt_lib_init_getenv_1
    libinit.o(.ARM.Collect$$libinit$$00000000) refers (Special) to libinit2.o(.ARM.Collect$$libinit$$0000000A) for __rt_lib_init_heap_1
    libinit.o(.ARM.Collect$$libinit$$00000000) refers (Special) to libinit2.o(.ARM.Collect$$libinit$$00000011) for __rt_lib_init_lc_collate_1
    libinit.o(.ARM.Collect$$libinit$$00000000) refers (Special) to libinit2.o(.ARM.Collect$$libinit$$00000013) for __rt_lib_init_lc_ctype_1
    libinit.o(.ARM.Collect$$libinit$$00000000) refers (Special) to libinit2.o(.ARM.Collect$$libinit$$00000015) for __rt_lib_init_lc_monetary_1
    libinit.o(.ARM.Collect$$libinit$$00000000) refers (Special) to libinit2.o(.ARM.Collect$$libinit$$00000017) for __rt_lib_init_lc_numeric_1
    libinit.o(.ARM.Collect$$libinit$$00000000) refers (Special) to libinit2.o(.ARM.Collect$$libinit$$00000019) for __rt_lib_init_lc_time_1
    libinit.o(.ARM.Collect$$libinit$$00000000) refers (Special) to libinit2.o(.ARM.Collect$$libinit$$00000004) for __rt_lib_init_preinit_1
    libinit.o(.ARM.Collect$$libinit$$00000000) refers (Special) to libinit2.o(.ARM.Collect$$libinit$$0000000E) for __rt_lib_init_rand_1
    libinit.o(.ARM.Collect$$libinit$$00000000) refers (Special) to libinit2.o(.ARM.Collect$$libinit$$00000033) for __rt_lib_init_return
    libinit.o(.ARM.Collect$$libinit$$00000000) refers (Special) to libinit2.o(.ARM.Collect$$libinit$$0000001D) for __rt_lib_init_signal_1
    libinit.o(.ARM.Collect$$libinit$$00000000) refers (Special) to libinit2.o(.ARM.Collect$$libinit$$00000025) for __rt_lib_init_stdio_1
    libinit.o(.ARM.Collect$$libinit$$00000000) refers (Special) to libinit2.o(.ARM.Collect$$libinit$$0000000C) for __rt_lib_init_user_alloc_1
    libspace.o(.text) refers to libspace.o(.bss) for __libspace_start
    rtexit.o(.ARM.Collect$$rtexit$$00000000) refers (Special) to rtexit2.o(.ARM.Collect$$rtexit$$00000004) for __rt_exit_exit
    rtexit.o(.ARM.Collect$$rtexit$$00000000) refers (Special) to rtexit2.o(.ARM.Collect$$rtexit$$00000003) for __rt_exit_ls
    rtexit.o(.ARM.Collect$$rtexit$$00000000) refers (Special) to rtexit2.o(.ARM.Collect$$rtexit$$00000002) for __rt_exit_prels_1
    rtexit.o(.ARM.exidx) refers (Special) to rtexit2.o(.ARM.Collect$$rtexit$$00000004) for __rt_exit_exit
    rtexit.o(.ARM.exidx) refers (Special) to rtexit2.o(.ARM.Collect$$rtexit$$00000003) for __rt_exit_ls
    rtexit.o(.ARM.exidx) refers (Special) to rtexit2.o(.ARM.Collect$$rtexit$$00000002) for __rt_exit_prels_1
    rtexit.o(.ARM.exidx) refers to rtexit.o(.ARM.Collect$$rtexit$$00000000) for .ARM.Collect$$rtexit$$00000000
    libinit2.o(.ARM.Collect$$libinit$$00000001) refers to fpinit.o(x$fpl$fpinit) for _fp_init
    libinit2.o(.ARM.Collect$$libinit$$00000010) refers to libinit2.o(.ARM.Collect$$libinit$$0000000F) for .ARM.Collect$$libinit$$0000000F
    libinit2.o(.ARM.Collect$$libinit$$00000012) refers to libinit2.o(.ARM.Collect$$libinit$$0000000F) for .ARM.Collect$$libinit$$0000000F
    libinit2.o(.ARM.Collect$$libinit$$00000014) refers to libinit2.o(.ARM.Collect$$libinit$$0000000F) for .ARM.Collect$$libinit$$0000000F
    libinit2.o(.ARM.Collect$$libinit$$00000016) refers to libinit2.o(.ARM.Collect$$libinit$$0000000F) for .ARM.Collect$$libinit$$0000000F
    libinit2.o(.ARM.Collect$$libinit$$00000018) refers to libinit2.o(.ARM.Collect$$libinit$$0000000F) for .ARM.Collect$$libinit$$0000000F
    libinit2.o(.ARM.Collect$$libinit$$00000026) refers to argv_veneer.o(.emb_text) for __ARM_argv_veneer
    libinit2.o(.ARM.Collect$$libinit$$00000027) refers to argv_veneer.o(.emb_text) for __ARM_argv_veneer
    rtexit2.o(.ARM.Collect$$rtexit$$00000003) refers to libshutdown.o(.ARM.Collect$$libshutdown$$00000000) for __rt_lib_shutdown
    rtexit2.o(.ARM.Collect$$rtexit$$00000004) refers to sys_exit.o(.text) for _sys_exit
    rtexit2.o(.ARM.exidx) refers to rtexit2.o(.ARM.Collect$$rtexit$$00000001) for .ARM.Collect$$rtexit$$00000001
    rtexit2.o(.ARM.exidx) refers to rtexit2.o(.ARM.Collect$$rtexit$$00000003) for .ARM.Collect$$rtexit$$00000003
    rtexit2.o(.ARM.exidx) refers to rtexit2.o(.ARM.Collect$$rtexit$$00000004) for .ARM.Collect$$rtexit$$00000004
    argv_veneer.o(.emb_text) refers to no_argv.o(.text) for __ARM_get_argv
    sys_exit.o(.text) refers (Special) to use_no_semi.o(.text) for __I$use$semihosting
    sys_exit.o(.text) refers (Special) to indicate_semi.o(.text) for __semihosting_library_function
    _get_argv_nomalloc.o(.text) refers (Special) to hrguard.o(.text) for __heap_region$guard
    _get_argv_nomalloc.o(.text) refers to defsig_rtmem_outer.o(.text) for __rt_SIGRTMEM
    _get_argv_nomalloc.o(.text) refers to sys_command.o(.text) for _sys_command_string
    libshutdown.o(.ARM.Collect$$libshutdown$$00000000) refers (Special) to libshutdown2.o(.ARM.Collect$$libshutdown$$00000004) for __rt_lib_shutdown_cpp_1
    libshutdown.o(.ARM.Collect$$libshutdown$$00000000) refers (Special) to libshutdown2.o(.ARM.Collect$$libshutdown$$00000002) for __rt_lib_shutdown_fini_1
    libshutdown.o(.ARM.Collect$$libshutdown$$00000000) refers (Special) to libshutdown2.o(.ARM.Collect$$libshutdown$$00000009) for __rt_lib_shutdown_fp_trap_1
    libshutdown.o(.ARM.Collect$$libshutdown$$00000000) refers (Special) to libshutdown2.o(.ARM.Collect$$libshutdown$$00000011) for __rt_lib_shutdown_heap_1
    libshutdown.o(.ARM.Collect$$libshutdown$$00000000) refers (Special) to libshutdown2.o(.ARM.Collect$$libshutdown$$00000012) for __rt_lib_shutdown_return
    libshutdown.o(.ARM.Collect$$libshutdown$$00000000) refers (Special) to libshutdown2.o(.ARM.Collect$$libshutdown$$0000000C) for __rt_lib_shutdown_signal_1
    libshutdown.o(.ARM.Collect$$libshutdown$$00000000) refers (Special) to libshutdown2.o(.ARM.Collect$$libshutdown$$00000006) for __rt_lib_shutdown_stdio_1
    libshutdown.o(.ARM.Collect$$libshutdown$$00000000) refers (Special) to libshutdown2.o(.ARM.Collect$$libshutdown$$0000000E) for __rt_lib_shutdown_user_alloc_1
    sys_command.o(.text) refers (Special) to use_no_semi.o(.text) for __I$use$semihosting
    sys_command.o(.text) refers (Special) to indicate_semi.o(.text) for __semihosting_library_function
    defsig_rtmem_outer.o(.text) refers to defsig_rtmem_inner.o(.text) for __rt_SIGRTMEM_inner
    defsig_rtmem_outer.o(.text) refers to defsig_exit.o(.text) for __sig_exit
    defsig_rtmem_formal.o(.text) refers to rt_raise.o(.text) for __rt_raise
    rt_raise.o(.text) refers to __raise.o(.text) for __raise
    rt_raise.o(.text) refers to sys_exit.o(.text) for _sys_exit
    defsig_exit.o(.text) refers to sys_exit.o(.text) for _sys_exit
    defsig_rtmem_inner.o(.text) refers to defsig_general.o(.text) for __default_signal_display
    __raise.o(.text) refers to defsig.o(CL$$defsig) for __default_signal_handler
    defsig_general.o(.text) refers to sys_wrch.o(.text) for _ttywrch
    sys_wrch.o(.text) refers (Special) to use_no_semi.o(.text) for __I$use$semihosting
    sys_wrch.o(.text) refers (Special) to indicate_semi.o(.text) for __semihosting_library_function
    defsig.o(CL$$defsig) refers to defsig_rtmem_inner.o(.text) for __rt_SIGRTMEM_inner
    defsig_abrt_inner.o(.text) refers to defsig_general.o(.text) for __default_signal_display
    defsig_fpe_inner.o(.text) refers to defsig_general.o(.text) for __default_signal_display
    defsig_rtred_inner.o(.text) refers to defsig_general.o(.text) for __default_signal_display
    defsig_stak_inner.o(.text) refers to defsig_general.o(.text) for __default_signal_display
    defsig_pvfn_inner.o(.text) refers to defsig_general.o(.text) for __default_signal_display
    defsig_cppl_inner.o(.text) refers to defsig_general.o(.text) for __default_signal_display
    defsig_segv_inner.o(.text) refers to defsig_general.o(.text) for __default_signal_display
    defsig_other.o(.text) refers to defsig_general.o(.text) for __default_signal_display


==============================================================================

Removing Unused input sections from the image.

    Removing main.o(.rev16_text), (4 bytes).
    Removing main.o(.revsh_text), (4 bytes).
    Removing main.o(.rrx_text), (6 bytes).
    Removing systick.o(.rev16_text), (4 bytes).
    Removing systick.o(.revsh_text), (4 bytes).
    Removing systick.o(.rrx_text), (6 bytes).
    Removing systick.o(i.delay_1ms), (20 bytes).
    Removing bts_uart.o(.rev16_text), (4 bytes).
    Removing bts_uart.o(.revsh_text), (4 bytes).
    Removing bts_uart.o(.rrx_text), (6 bytes).
    Removing bts_uart.o(i.SmartBTS_USART0_SendArrayByte), (26 bytes).
    Removing bts_uart.o(i.SmartBTS_USART0_SendOneByte), (32 bytes).
    Removing bts_uart.o(i.fputc), (16 bytes).
    Removing gd32f30x_eval.o(.rev16_text), (4 bytes).
    Removing gd32f30x_eval.o(.revsh_text), (4 bytes).
    Removing gd32f30x_eval.o(.rrx_text), (6 bytes).
    Removing gd32f30x_eval.o(i.gd_eval_com_init), (156 bytes).
    Removing gd32f30x_eval.o(i.gd_eval_key_init), (128 bytes).
    Removing gd32f30x_eval.o(i.gd_eval_key_state_get), (32 bytes).
    Removing gd32f30x_eval.o(i.gd_eval_led_init), (64 bytes).
    Removing gd32f30x_eval.o(i.gd_eval_led_off), (24 bytes).
    Removing gd32f30x_eval.o(i.gd_eval_led_on), (24 bytes).
    Removing gd32f30x_eval.o(i.gd_eval_led_toggle), (56 bytes).
    Removing gd32f30x_eval.o(.data), (160 bytes).
    Removing gd32f30x_exti.o(.rev16_text), (4 bytes).
    Removing gd32f30x_exti.o(.revsh_text), (4 bytes).
    Removing gd32f30x_exti.o(.rrx_text), (6 bytes).
    Removing gd32f30x_exti.o(i.exti_deinit), (28 bytes).
    Removing gd32f30x_exti.o(i.exti_event_disable), (16 bytes).
    Removing gd32f30x_exti.o(i.exti_event_enable), (16 bytes).
    Removing gd32f30x_exti.o(i.exti_flag_clear), (12 bytes).
    Removing gd32f30x_exti.o(i.exti_flag_get), (24 bytes).
    Removing gd32f30x_exti.o(i.exti_init), (184 bytes).
    Removing gd32f30x_exti.o(i.exti_interrupt_disable), (16 bytes).
    Removing gd32f30x_exti.o(i.exti_interrupt_enable), (16 bytes).
    Removing gd32f30x_exti.o(i.exti_interrupt_flag_clear), (12 bytes).
    Removing gd32f30x_exti.o(i.exti_interrupt_flag_get), (36 bytes).
    Removing gd32f30x_exti.o(i.exti_software_interrupt_disable), (16 bytes).
    Removing gd32f30x_exti.o(i.exti_software_interrupt_enable), (16 bytes).
    Removing gd32f30x_gpio.o(.rev16_text), (4 bytes).
    Removing gd32f30x_gpio.o(.revsh_text), (4 bytes).
    Removing gd32f30x_gpio.o(.rrx_text), (6 bytes).
    Removing gd32f30x_gpio.o(i.gpio_afio_deinit), (20 bytes).
    Removing gd32f30x_gpio.o(i.gpio_bit_reset), (4 bytes).
    Removing gd32f30x_gpio.o(i.gpio_bit_set), (4 bytes).
    Removing gd32f30x_gpio.o(i.gpio_bit_write), (10 bytes).
    Removing gd32f30x_gpio.o(i.gpio_compensation_config), (24 bytes).
    Removing gd32f30x_gpio.o(i.gpio_compensation_flag_get), (24 bytes).
    Removing gd32f30x_gpio.o(i.gpio_deinit), (196 bytes).
    Removing gd32f30x_gpio.o(i.gpio_event_output_config), (28 bytes).
    Removing gd32f30x_gpio.o(i.gpio_event_output_disable), (20 bytes).
    Removing gd32f30x_gpio.o(i.gpio_event_output_enable), (20 bytes).
    Removing gd32f30x_gpio.o(i.gpio_exti_source_select), (152 bytes).
    Removing gd32f30x_gpio.o(i.gpio_input_bit_get), (16 bytes).
    Removing gd32f30x_gpio.o(i.gpio_input_port_get), (8 bytes).
    Removing gd32f30x_gpio.o(i.gpio_output_bit_get), (16 bytes).
    Removing gd32f30x_gpio.o(i.gpio_output_port_get), (8 bytes).
    Removing gd32f30x_gpio.o(i.gpio_pin_lock), (18 bytes).
    Removing gd32f30x_gpio.o(i.gpio_pin_remap_config), (144 bytes).
    Removing gd32f30x_gpio.o(i.gpio_port_write), (4 bytes).
    Removing gd32f30x_misc.o(.rev16_text), (4 bytes).
    Removing gd32f30x_misc.o(.revsh_text), (4 bytes).
    Removing gd32f30x_misc.o(.rrx_text), (6 bytes).
    Removing gd32f30x_misc.o(i.nvic_irq_disable), (24 bytes).
    Removing gd32f30x_misc.o(i.nvic_vector_table_set), (20 bytes).
    Removing gd32f30x_misc.o(i.system_lowpower_reset), (16 bytes).
    Removing gd32f30x_misc.o(i.system_lowpower_set), (16 bytes).
    Removing gd32f30x_misc.o(i.systick_clksource_set), (40 bytes).
    Removing gd32f30x_pmu.o(.rev16_text), (4 bytes).
    Removing gd32f30x_pmu.o(.revsh_text), (4 bytes).
    Removing gd32f30x_pmu.o(.rrx_text), (6 bytes).
    Removing gd32f30x_pmu.o(i.pmu_backup_write_disable), (20 bytes).
    Removing gd32f30x_pmu.o(i.pmu_backup_write_enable), (20 bytes).
    Removing gd32f30x_pmu.o(i.pmu_deinit), (20 bytes).
    Removing gd32f30x_pmu.o(i.pmu_flag_clear), (48 bytes).
    Removing gd32f30x_pmu.o(i.pmu_flag_get), (24 bytes).
    Removing gd32f30x_pmu.o(i.pmu_highdriver_mode_disable), (20 bytes).
    Removing gd32f30x_pmu.o(i.pmu_highdriver_mode_enable), (20 bytes).
    Removing gd32f30x_pmu.o(i.pmu_highdriver_switch_select), (44 bytes).
    Removing gd32f30x_pmu.o(i.pmu_ldo_output_select), (28 bytes).
    Removing gd32f30x_pmu.o(i.pmu_lowdriver_mode_disable), (20 bytes).
    Removing gd32f30x_pmu.o(i.pmu_lowdriver_mode_enable), (20 bytes).
    Removing gd32f30x_pmu.o(i.pmu_lowpower_driver_config), (28 bytes).
    Removing gd32f30x_pmu.o(i.pmu_lvd_disable), (20 bytes).
    Removing gd32f30x_pmu.o(i.pmu_lvd_select), (48 bytes).
    Removing gd32f30x_pmu.o(i.pmu_normalpower_driver_config), (28 bytes).
    Removing gd32f30x_pmu.o(i.pmu_to_deepsleepmode), (68 bytes).
    Removing gd32f30x_pmu.o(i.pmu_to_sleepmode), (28 bytes).
    Removing gd32f30x_pmu.o(i.pmu_to_standbymode), (52 bytes).
    Removing gd32f30x_pmu.o(i.pmu_wakeup_pin_disable), (20 bytes).
    Removing gd32f30x_pmu.o(i.pmu_wakeup_pin_enable), (20 bytes).
    Removing gd32f30x_rcu.o(.rev16_text), (4 bytes).
    Removing gd32f30x_rcu.o(.revsh_text), (4 bytes).
    Removing gd32f30x_rcu.o(.rrx_text), (6 bytes).
    Removing gd32f30x_rcu.o(i.rcu_adc_clock_config), (108 bytes).
    Removing gd32f30x_rcu.o(i.rcu_ahb_clock_config), (24 bytes).
    Removing gd32f30x_rcu.o(i.rcu_all_reset_flag_clear), (20 bytes).
    Removing gd32f30x_rcu.o(i.rcu_apb1_clock_config), (24 bytes).
    Removing gd32f30x_rcu.o(i.rcu_apb2_clock_config), (24 bytes).
    Removing gd32f30x_rcu.o(i.rcu_bkp_reset_disable), (20 bytes).
    Removing gd32f30x_rcu.o(i.rcu_bkp_reset_enable), (20 bytes).
    Removing gd32f30x_rcu.o(i.rcu_ck48m_clock_config), (28 bytes).
    Removing gd32f30x_rcu.o(i.rcu_ckout0_config), (24 bytes).
    Removing gd32f30x_rcu.o(i.rcu_deepsleep_voltage_set), (16 bytes).
    Removing gd32f30x_rcu.o(i.rcu_deinit), (84 bytes).
    Removing gd32f30x_rcu.o(i.rcu_flag_get), (36 bytes).
    Removing gd32f30x_rcu.o(i.rcu_hxtal_clock_monitor_disable), (20 bytes).
    Removing gd32f30x_rcu.o(i.rcu_hxtal_clock_monitor_enable), (20 bytes).
    Removing gd32f30x_rcu.o(i.rcu_interrupt_disable), (32 bytes).
    Removing gd32f30x_rcu.o(i.rcu_interrupt_enable), (32 bytes).
    Removing gd32f30x_rcu.o(i.rcu_interrupt_flag_clear), (32 bytes).
    Removing gd32f30x_rcu.o(i.rcu_interrupt_flag_get), (36 bytes).
    Removing gd32f30x_rcu.o(i.rcu_irc8m_adjust_value_set), (28 bytes).
    Removing gd32f30x_rcu.o(i.rcu_lxtal_drive_capability_config), (24 bytes).
    Removing gd32f30x_rcu.o(i.rcu_osci_bypass_mode_disable), (100 bytes).
    Removing gd32f30x_rcu.o(i.rcu_osci_bypass_mode_enable), (100 bytes).
    Removing gd32f30x_rcu.o(i.rcu_osci_off), (32 bytes).
    Removing gd32f30x_rcu.o(i.rcu_osci_on), (32 bytes).
    Removing gd32f30x_rcu.o(i.rcu_osci_stab_wait), (272 bytes).
    Removing gd32f30x_rcu.o(i.rcu_periph_clock_disable), (32 bytes).
    Removing gd32f30x_rcu.o(i.rcu_periph_clock_sleep_disable), (32 bytes).
    Removing gd32f30x_rcu.o(i.rcu_periph_clock_sleep_enable), (32 bytes).
    Removing gd32f30x_rcu.o(i.rcu_periph_reset_disable), (32 bytes).
    Removing gd32f30x_rcu.o(i.rcu_periph_reset_enable), (32 bytes).
    Removing gd32f30x_rcu.o(i.rcu_pll_config), (32 bytes).
    Removing gd32f30x_rcu.o(i.rcu_pllpresel_config), (24 bytes).
    Removing gd32f30x_rcu.o(i.rcu_predv0_config), (32 bytes).
    Removing gd32f30x_rcu.o(i.rcu_rtc_clock_config), (24 bytes).
    Removing gd32f30x_rcu.o(i.rcu_system_clock_source_config), (24 bytes).
    Removing gd32f30x_rcu.o(i.rcu_system_clock_source_get), (16 bytes).
    Removing gd32f30x_rcu.o(i.rcu_usb_clock_config), (24 bytes).
    Removing gd32f30x_usart.o(.rev16_text), (4 bytes).
    Removing gd32f30x_usart.o(.revsh_text), (4 bytes).
    Removing gd32f30x_usart.o(.rrx_text), (6 bytes).
    Removing gd32f30x_usart.o(i.usart_address_config), (20 bytes).
    Removing gd32f30x_usart.o(i.usart_block_length_config), (28 bytes).
    Removing gd32f30x_usart.o(i.usart_data_first_config), (20 bytes).
    Removing gd32f30x_usart.o(i.usart_deinit), (144 bytes).
    Removing gd32f30x_usart.o(i.usart_disable), (10 bytes).
    Removing gd32f30x_usart.o(i.usart_dma_receive_config), (16 bytes).
    Removing gd32f30x_usart.o(i.usart_dma_transmit_config), (16 bytes).
    Removing gd32f30x_usart.o(i.usart_flag_clear), (26 bytes).
    Removing gd32f30x_usart.o(i.usart_guard_time_config), (24 bytes).
    Removing gd32f30x_usart.o(i.usart_halfduplex_disable), (10 bytes).
    Removing gd32f30x_usart.o(i.usart_halfduplex_enable), (10 bytes).
    Removing gd32f30x_usart.o(i.usart_hardware_flow_cts_config), (16 bytes).
    Removing gd32f30x_usart.o(i.usart_hardware_flow_rts_config), (16 bytes).
    Removing gd32f30x_usart.o(i.usart_interrupt_disable), (26 bytes).
    Removing gd32f30x_usart.o(i.usart_interrupt_flag_clear), (26 bytes).
    Removing gd32f30x_usart.o(i.usart_invert_config), (104 bytes).
    Removing gd32f30x_usart.o(i.usart_irda_lowpower_config), (20 bytes).
    Removing gd32f30x_usart.o(i.usart_irda_mode_disable), (10 bytes).
    Removing gd32f30x_usart.o(i.usart_irda_mode_enable), (10 bytes).
    Removing gd32f30x_usart.o(i.usart_lin_break_detection_length_config), (20 bytes).
    Removing gd32f30x_usart.o(i.usart_lin_mode_disable), (10 bytes).
    Removing gd32f30x_usart.o(i.usart_lin_mode_enable), (10 bytes).
    Removing gd32f30x_usart.o(i.usart_mute_mode_disable), (10 bytes).
    Removing gd32f30x_usart.o(i.usart_mute_mode_enable), (10 bytes).
    Removing gd32f30x_usart.o(i.usart_mute_mode_wakeup_config), (16 bytes).
    Removing gd32f30x_usart.o(i.usart_parity_config), (16 bytes).
    Removing gd32f30x_usart.o(i.usart_prescaler_config), (16 bytes).
    Removing gd32f30x_usart.o(i.usart_receiver_timeout_disable), (14 bytes).
    Removing gd32f30x_usart.o(i.usart_receiver_timeout_enable), (14 bytes).
    Removing gd32f30x_usart.o(i.usart_receiver_timeout_threshold_config), (20 bytes).
    Removing gd32f30x_usart.o(i.usart_send_break), (10 bytes).
    Removing gd32f30x_usart.o(i.usart_smartcard_autoretry_config), (26 bytes).
    Removing gd32f30x_usart.o(i.usart_smartcard_mode_disable), (10 bytes).
    Removing gd32f30x_usart.o(i.usart_smartcard_mode_enable), (10 bytes).
    Removing gd32f30x_usart.o(i.usart_smartcard_mode_nack_disable), (10 bytes).
    Removing gd32f30x_usart.o(i.usart_smartcard_mode_nack_enable), (10 bytes).
    Removing gd32f30x_usart.o(i.usart_stop_bit_set), (16 bytes).
    Removing gd32f30x_usart.o(i.usart_synchronous_clock_config), (34 bytes).
    Removing gd32f30x_usart.o(i.usart_synchronous_clock_disable), (10 bytes).
    Removing gd32f30x_usart.o(i.usart_synchronous_clock_enable), (10 bytes).
    Removing gd32f30x_usart.o(i.usart_word_length_set), (16 bytes).
    Removing system_gd32f30x.o(.rev16_text), (4 bytes).
    Removing system_gd32f30x.o(.revsh_text), (4 bytes).
    Removing system_gd32f30x.o(.rrx_text), (6 bytes).
    Removing system_gd32f30x.o(i.SystemCoreClockUpdate), (184 bytes).

179 unused section(s) (total 5290 bytes) removed from the image.

==============================================================================

Image Symbol Table

    Local Symbols

    Symbol Name                              Value     Ov Type        Size  Object(Section)

    ../clib/angel/boardlib.s                 0x00000000   Number         0  boardinit3.o ABSOLUTE
    ../clib/angel/boardlib.s                 0x00000000   Number         0  boardinit1.o ABSOLUTE
    ../clib/angel/boardlib.s                 0x00000000   Number         0  boardinit2.o ABSOLUTE
    ../clib/angel/boardlib.s                 0x00000000   Number         0  boardshut.o ABSOLUTE
    ../clib/angel/handlers.s                 0x00000000   Number         0  __scatter_zi.o ABSOLUTE
    ../clib/angel/handlers.s                 0x00000000   Number         0  __scatter_copy.o ABSOLUTE
    ../clib/angel/kernel.s                   0x00000000   Number         0  rtexit.o ABSOLUTE
    ../clib/angel/kernel.s                   0x00000000   Number         0  __rtentry4.o ABSOLUTE
    ../clib/angel/kernel.s                   0x00000000   Number         0  __rtentry2.o ABSOLUTE
    ../clib/angel/kernel.s                   0x00000000   Number         0  __rtentry.o ABSOLUTE
    ../clib/angel/kernel.s                   0x00000000   Number         0  rtexit2.o ABSOLUTE
    ../clib/angel/rt.s                       0x00000000   Number         0  rt_raise.o ABSOLUTE
    ../clib/angel/scatter.s                  0x00000000   Number         0  __scatter.o ABSOLUTE
    ../clib/angel/startup.s                  0x00000000   Number         0  __main.o ABSOLUTE
    ../clib/angel/sys.s                      0x00000000   Number         0  indicate_semi.o ABSOLUTE
    ../clib/angel/sys.s                      0x00000000   Number         0  libspace.o ABSOLUTE
    ../clib/angel/sys.s                      0x00000000   Number         0  sys_stackheap_outer.o ABSOLUTE
    ../clib/angel/sys.s                      0x00000000   Number         0  use_no_semi.o ABSOLUTE
    ../clib/angel/sysapp.c                   0x00000000   Number         0  sys_exit.o ABSOLUTE
    ../clib/angel/sysapp.c                   0x00000000   Number         0  sys_command.o ABSOLUTE
    ../clib/angel/sysapp.c                   0x00000000   Number         0  sys_wrch.o ABSOLUTE
    ../clib/armsys.c                         0x00000000   Number         0  argv_veneer.o ABSOLUTE
    ../clib/armsys.c                         0x00000000   Number         0  argv_veneer.o ABSOLUTE
    ../clib/armsys.c                         0x00000000   Number         0  _get_argv_nomalloc.o ABSOLUTE
    ../clib/armsys.c                         0x00000000   Number         0  no_argv.o ABSOLUTE
    ../clib/heapalloc.c                      0x00000000   Number         0  hrguard.o ABSOLUTE
    ../clib/heapaux.c                        0x00000000   Number         0  heapauxi.o ABSOLUTE
    ../clib/libinit.s                        0x00000000   Number         0  libinit.o ABSOLUTE
    ../clib/libinit.s                        0x00000000   Number         0  libinit2.o ABSOLUTE
    ../clib/libinit.s                        0x00000000   Number         0  libshutdown.o ABSOLUTE
    ../clib/libinit.s                        0x00000000   Number         0  libshutdown2.o ABSOLUTE
    ../clib/signal.c                         0x00000000   Number         0  defsig_rtmem_formal.o ABSOLUTE
    ../clib/signal.c                         0x00000000   Number         0  defsig_rtmem_outer.o ABSOLUTE
    ../clib/signal.c                         0x00000000   Number         0  defsig_other.o ABSOLUTE
    ../clib/signal.c                         0x00000000   Number         0  defsig_segv_inner.o ABSOLUTE
    ../clib/signal.c                         0x00000000   Number         0  defsig_cppl_inner.o ABSOLUTE
    ../clib/signal.c                         0x00000000   Number         0  defsig_pvfn_inner.o ABSOLUTE
    ../clib/signal.c                         0x00000000   Number         0  defsig_stak_inner.o ABSOLUTE
    ../clib/signal.c                         0x00000000   Number         0  defsig_exit.o ABSOLUTE
    ../clib/signal.c                         0x00000000   Number         0  defsig_rtred_inner.o ABSOLUTE
    ../clib/signal.c                         0x00000000   Number         0  defsig_fpe_inner.o ABSOLUTE
    ../clib/signal.c                         0x00000000   Number         0  defsig_abrt_inner.o ABSOLUTE
    ../clib/signal.c                         0x00000000   Number         0  defsig_general.o ABSOLUTE
    ../clib/signal.c                         0x00000000   Number         0  __raise.o ABSOLUTE
    ../clib/signal.c                         0x00000000   Number         0  defsig_rtmem_inner.o ABSOLUTE
    ../clib/signal.s                         0x00000000   Number         0  defsig.o ABSOLUTE
    ../clib/stdlib.c                         0x00000000   Number         0  exit.o ABSOLUTE
    ../fplib/fpinit.s                        0x00000000   Number         0  fpinit.o ABSOLUTE
    ..\USER\bts_uart.c                       0x00000000   Number         0  bts_uart.o ABSOLUTE
    ..\USER\main.c                           0x00000000   Number         0  main.o ABSOLUTE
    ..\USER\systick.c                        0x00000000   Number         0  systick.o ABSOLUTE
    ..\\USER\\bts_uart.c                     0x00000000   Number         0  bts_uart.o ABSOLUTE
    ..\\USER\\main.c                         0x00000000   Number         0  main.o ABSOLUTE
    ..\\USER\\systick.c                      0x00000000   Number         0  systick.o ABSOLUTE
    RTE\Device\GD32F303RC\gd32f30x_eval.c    0x00000000   Number         0  gd32f30x_eval.o ABSOLUTE
    RTE\Device\GD32F303RC\gd32f30x_exti.c    0x00000000   Number         0  gd32f30x_exti.o ABSOLUTE
    RTE\Device\GD32F303RC\gd32f30x_gpio.c    0x00000000   Number         0  gd32f30x_gpio.o ABSOLUTE
    RTE\Device\GD32F303RC\gd32f30x_misc.c    0x00000000   Number         0  gd32f30x_misc.o ABSOLUTE
    RTE\Device\GD32F303RC\gd32f30x_pmu.c     0x00000000   Number         0  gd32f30x_pmu.o ABSOLUTE
    RTE\Device\GD32F303RC\gd32f30x_rcu.c     0x00000000   Number         0  gd32f30x_rcu.o ABSOLUTE
    RTE\Device\GD32F303RC\gd32f30x_usart.c   0x00000000   Number         0  gd32f30x_usart.o ABSOLUTE
    RTE\Device\GD32F303RC\startup_gd32f30x_hd.s 0x00000000   Number         0  startup_gd32f30x_hd.o ABSOLUTE
    RTE\Device\GD32F303RC\system_gd32f30x.c  0x00000000   Number         0  system_gd32f30x.o ABSOLUTE
    RTE\\Device\\GD32F303RC\\gd32f30x_eval.c 0x00000000   Number         0  gd32f30x_eval.o ABSOLUTE
    RTE\\Device\\GD32F303RC\\gd32f30x_exti.c 0x00000000   Number         0  gd32f30x_exti.o ABSOLUTE
    RTE\\Device\\GD32F303RC\\gd32f30x_gpio.c 0x00000000   Number         0  gd32f30x_gpio.o ABSOLUTE
    RTE\\Device\\GD32F303RC\\gd32f30x_misc.c 0x00000000   Number         0  gd32f30x_misc.o ABSOLUTE
    RTE\\Device\\GD32F303RC\\gd32f30x_pmu.c  0x00000000   Number         0  gd32f30x_pmu.o ABSOLUTE
    RTE\\Device\\GD32F303RC\\gd32f30x_rcu.c  0x00000000   Number         0  gd32f30x_rcu.o ABSOLUTE
    RTE\\Device\\GD32F303RC\\gd32f30x_usart.c 0x00000000   Number         0  gd32f30x_usart.o ABSOLUTE
    RTE\\Device\\GD32F303RC\\system_gd32f30x.c 0x00000000   Number         0  system_gd32f30x.o ABSOLUTE
    dc.s                                     0x00000000   Number         0  dc.o ABSOLUTE
    RESET                                    0x08000000   Section      304  startup_gd32f30x_hd.o(RESET)
    !!!main                                  0x08000130   Section        8  __main.o(!!!main)
    !!!scatter                               0x08000138   Section       52  __scatter.o(!!!scatter)
    !!handler_copy                           0x0800016c   Section       26  __scatter_copy.o(!!handler_copy)
    !!handler_zi                             0x08000188   Section       28  __scatter_zi.o(!!handler_zi)
    .ARM.Collect$$libinit$$00000000          0x080001a4   Section        2  libinit.o(.ARM.Collect$$libinit$$00000000)
    .ARM.Collect$$libinit$$00000001          0x080001a6   Section        4  libinit2.o(.ARM.Collect$$libinit$$00000001)
    .ARM.Collect$$libinit$$00000004          0x080001aa   Section        0  libinit2.o(.ARM.Collect$$libinit$$00000004)
    .ARM.Collect$$libinit$$0000000A          0x080001aa   Section        0  libinit2.o(.ARM.Collect$$libinit$$0000000A)
    .ARM.Collect$$libinit$$0000000C          0x080001aa   Section        0  libinit2.o(.ARM.Collect$$libinit$$0000000C)
    .ARM.Collect$$libinit$$0000000E          0x080001aa   Section        0  libinit2.o(.ARM.Collect$$libinit$$0000000E)
    .ARM.Collect$$libinit$$00000011          0x080001aa   Section        0  libinit2.o(.ARM.Collect$$libinit$$00000011)
    .ARM.Collect$$libinit$$00000013          0x080001aa   Section        0  libinit2.o(.ARM.Collect$$libinit$$00000013)
    .ARM.Collect$$libinit$$00000015          0x080001aa   Section        0  libinit2.o(.ARM.Collect$$libinit$$00000015)
    .ARM.Collect$$libinit$$00000017          0x080001aa   Section        0  libinit2.o(.ARM.Collect$$libinit$$00000017)
    .ARM.Collect$$libinit$$00000019          0x080001aa   Section        0  libinit2.o(.ARM.Collect$$libinit$$00000019)
    .ARM.Collect$$libinit$$0000001B          0x080001aa   Section        0  libinit2.o(.ARM.Collect$$libinit$$0000001B)
    .ARM.Collect$$libinit$$0000001D          0x080001aa   Section        0  libinit2.o(.ARM.Collect$$libinit$$0000001D)
    .ARM.Collect$$libinit$$0000001F          0x080001aa   Section        0  libinit2.o(.ARM.Collect$$libinit$$0000001F)
    .ARM.Collect$$libinit$$00000021          0x080001aa   Section        0  libinit2.o(.ARM.Collect$$libinit$$00000021)
    .ARM.Collect$$libinit$$00000023          0x080001aa   Section        0  libinit2.o(.ARM.Collect$$libinit$$00000023)
    .ARM.Collect$$libinit$$00000025          0x080001aa   Section        0  libinit2.o(.ARM.Collect$$libinit$$00000025)
    .ARM.Collect$$libinit$$0000002C          0x080001aa   Section        0  libinit2.o(.ARM.Collect$$libinit$$0000002C)
    .ARM.Collect$$libinit$$0000002E          0x080001aa   Section        0  libinit2.o(.ARM.Collect$$libinit$$0000002E)
    .ARM.Collect$$libinit$$00000030          0x080001aa   Section        0  libinit2.o(.ARM.Collect$$libinit$$00000030)
    .ARM.Collect$$libinit$$00000032          0x080001aa   Section        0  libinit2.o(.ARM.Collect$$libinit$$00000032)
    .ARM.Collect$$libinit$$00000033          0x080001aa   Section        2  libinit2.o(.ARM.Collect$$libinit$$00000033)
    .ARM.Collect$$libshutdown$$00000000      0x080001ac   Section        2  libshutdown.o(.ARM.Collect$$libshutdown$$00000000)
    .ARM.Collect$$libshutdown$$00000002      0x080001ae   Section        0  libshutdown2.o(.ARM.Collect$$libshutdown$$00000002)
    .ARM.Collect$$libshutdown$$00000004      0x080001ae   Section        0  libshutdown2.o(.ARM.Collect$$libshutdown$$00000004)
    .ARM.Collect$$libshutdown$$00000006      0x080001ae   Section        0  libshutdown2.o(.ARM.Collect$$libshutdown$$00000006)
    .ARM.Collect$$libshutdown$$00000009      0x080001ae   Section        0  libshutdown2.o(.ARM.Collect$$libshutdown$$00000009)
    .ARM.Collect$$libshutdown$$0000000C      0x080001ae   Section        0  libshutdown2.o(.ARM.Collect$$libshutdown$$0000000C)
    .ARM.Collect$$libshutdown$$0000000E      0x080001ae   Section        0  libshutdown2.o(.ARM.Collect$$libshutdown$$0000000E)
    .ARM.Collect$$libshutdown$$00000011      0x080001ae   Section        0  libshutdown2.o(.ARM.Collect$$libshutdown$$00000011)
    .ARM.Collect$$libshutdown$$00000012      0x080001ae   Section        2  libshutdown2.o(.ARM.Collect$$libshutdown$$00000012)
    .ARM.Collect$$rtentry$$00000000          0x080001b0   Section        0  __rtentry.o(.ARM.Collect$$rtentry$$00000000)
    .ARM.Collect$$rtentry$$00000002          0x080001b0   Section        0  __rtentry2.o(.ARM.Collect$$rtentry$$00000002)
    .ARM.Collect$$rtentry$$00000004          0x080001b0   Section        6  __rtentry4.o(.ARM.Collect$$rtentry$$00000004)
    .ARM.Collect$$rtentry$$00000009          0x080001b6   Section        0  __rtentry2.o(.ARM.Collect$$rtentry$$00000009)
    .ARM.Collect$$rtentry$$0000000A          0x080001b6   Section        4  __rtentry2.o(.ARM.Collect$$rtentry$$0000000A)
    .ARM.Collect$$rtentry$$0000000C          0x080001ba   Section        0  __rtentry2.o(.ARM.Collect$$rtentry$$0000000C)
    .ARM.Collect$$rtentry$$0000000D          0x080001ba   Section        8  __rtentry2.o(.ARM.Collect$$rtentry$$0000000D)
    .ARM.Collect$$rtexit$$00000000           0x080001c2   Section        2  rtexit.o(.ARM.Collect$$rtexit$$00000000)
    .ARM.Collect$$rtexit$$00000002           0x080001c4   Section        0  rtexit2.o(.ARM.Collect$$rtexit$$00000002)
    .ARM.Collect$$rtexit$$00000003           0x080001c4   Section        4  rtexit2.o(.ARM.Collect$$rtexit$$00000003)
    .ARM.Collect$$rtexit$$00000004           0x080001c8   Section        6  rtexit2.o(.ARM.Collect$$rtexit$$00000004)
    .text                                    0x080001d0   Section       64  startup_gd32f30x_hd.o(.text)
    $v0                                      0x080001d0   Number         0  startup_gd32f30x_hd.o(.text)
    .text                                    0x08000210   Section        0  heapauxi.o(.text)
    .text                                    0x08000216   Section       74  sys_stackheap_outer.o(.text)
    .text                                    0x08000260   Section        0  exit.o(.text)
    .text                                    0x08000274   Section        8  libspace.o(.text)
    .text                                    0x0800027c   Section        0  sys_exit.o(.text)
    .text                                    0x08000288   Section        2  use_no_semi.o(.text)
    .text                                    0x0800028a   Section        0  indicate_semi.o(.text)
    i.SmartBTS_USART0_Init                   0x0800028c   Section        0  bts_uart.o(i.SmartBTS_USART0_Init)
    i.SmartBTS_USART0_SendChar               0x08000308   Section        0  bts_uart.o(i.SmartBTS_USART0_SendChar)
    i.SmartBTS_USART0_SendString             0x08000328   Section        0  bts_uart.o(i.SmartBTS_USART0_SendString)
    i.SysTick_Handler                        0x0800033e   Section        0  systick.o(i.SysTick_Handler)
    i.SystemInit                             0x08000348   Section        0  system_gd32f30x.o(i.SystemInit)
    i.USART0_IRQHandler                      0x08000398   Section        0  bts_uart.o(i.USART0_IRQHandler)
    i.__NVIC_SetPriority                     0x080003f0   Section        0  systick.o(i.__NVIC_SetPriority)
    __NVIC_SetPriority                       0x080003f1   Thumb Code    32  systick.o(i.__NVIC_SetPriority)
    i.delay_decrement                        0x08000418   Section        0  systick.o(i.delay_decrement)
    i.gpio_init                              0x08000430   Section        0  gd32f30x_gpio.o(i.gpio_init)
    i.main                                   0x080004d4   Section        0  main.o(i.main)
    i.nvic_irq_enable                        0x08000500   Section        0  gd32f30x_misc.o(i.nvic_irq_enable)
    i.nvic_priority_group_set                0x080005c4   Section        0  gd32f30x_misc.o(i.nvic_priority_group_set)
    i.rcu_clock_freq_get                     0x080005d8   Section        0  gd32f30x_rcu.o(i.rcu_clock_freq_get)
    i.rcu_periph_clock_enable                0x08000730   Section        0  gd32f30x_rcu.o(i.rcu_periph_clock_enable)
    i.system_clock_120m_hxtal                0x08000750   Section        0  system_gd32f30x.o(i.system_clock_120m_hxtal)
    system_clock_120m_hxtal                  0x08000751   Thumb Code   256  system_gd32f30x.o(i.system_clock_120m_hxtal)
    i.system_clock_config                    0x08000860   Section        0  system_gd32f30x.o(i.system_clock_config)
    system_clock_config                      0x08000861   Thumb Code     8  system_gd32f30x.o(i.system_clock_config)
    i.systick_config                         0x08000868   Section        0  systick.o(i.systick_config)
    i.usart_baudrate_set                     0x080008b8   Section        0  gd32f30x_usart.o(i.usart_baudrate_set)
    i.usart_data_receive                     0x08000948   Section        0  gd32f30x_usart.o(i.usart_data_receive)
    i.usart_data_transmit                    0x08000952   Section        0  gd32f30x_usart.o(i.usart_data_transmit)
    i.usart_enable                           0x0800095a   Section        0  gd32f30x_usart.o(i.usart_enable)
    i.usart_flag_get                         0x08000964   Section        0  gd32f30x_usart.o(i.usart_flag_get)
    i.usart_interrupt_enable                 0x08000982   Section        0  gd32f30x_usart.o(i.usart_interrupt_enable)
    i.usart_interrupt_flag_get               0x0800099c   Section        0  gd32f30x_usart.o(i.usart_interrupt_flag_get)
    i.usart_receive_config                   0x080009d4   Section        0  gd32f30x_usart.o(i.usart_receive_config)
    i.usart_transmit_config                  0x080009e4   Section        0  gd32f30x_usart.o(i.usart_transmit_config)
    x$fpl$fpinit                             0x080009f4   Section       10  fpinit.o(x$fpl$fpinit)
    $v0                                      0x080009f4   Number         0  fpinit.o(x$fpl$fpinit)
    .data                                    0x20000000   Section        4  systick.o(.data)
    delay                                    0x20000000   Data           4  systick.o(.data)
    .data                                    0x20000004   Section        8  bts_uart.o(.data)
    .data                                    0x2000000c   Section        4  system_gd32f30x.o(.data)
    .bss                                     0x20000010   Section      100  bts_uart.o(.bss)
    .bss                                     0x20000074   Section       96  libspace.o(.bss)
    HEAP                                     0x200000d8   Section     1024  startup_gd32f30x_hd.o(HEAP)
    Heap_Mem                                 0x200000d8   Data        1024  startup_gd32f30x_hd.o(HEAP)
    STACK                                    0x200004d8   Section     1024  startup_gd32f30x_hd.o(STACK)
    Stack_Mem                                0x200004d8   Data        1024  startup_gd32f30x_hd.o(STACK)
    __initial_sp                             0x200008d8   Data           0  startup_gd32f30x_hd.o(STACK)

    Global Symbols

    Symbol Name                              Value     Ov Type        Size  Object(Section)

    BuildAttributes$$THM_ISAv4$E$P$D$K$B$S$7EM$VFPi3$EXTD16$VFPS$VFMA$PE$A:L22UL41UL21$X:L11$S22US41US21$IEEE1$IW$USESV6$~STKCKD$USESV7$~SHL$OSPACE$ROPI$EBA8$UX$STANDARDLIB$REQ8$PRES8$EABIv2 0x00000000   Number         0  anon$$obj.o ABSOLUTE
    __ARM_use_no_argv                        0x00000000   Number         0  main.o ABSOLUTE
    __ARM_exceptions_init                     - Undefined Weak Reference
    __alloca_initialize                       - Undefined Weak Reference
    __arm_fini_                               - Undefined Weak Reference
    __arm_preinit_                            - Undefined Weak Reference
    __cpp_initialize__aeabi_                  - Undefined Weak Reference
    __cxa_finalize                            - Undefined Weak Reference
    __rt_locale                               - Undefined Weak Reference
    __sigvec_lookup                           - Undefined Weak Reference
    _atexit_init                              - Undefined Weak Reference
    _call_atexit_fns                          - Undefined Weak Reference
    _clock_init                               - Undefined Weak Reference
    _fp_trap_init                             - Undefined Weak Reference
    _fp_trap_shutdown                         - Undefined Weak Reference
    _get_lc_collate                           - Undefined Weak Reference
    _get_lc_ctype                             - Undefined Weak Reference
    _get_lc_monetary                          - Undefined Weak Reference
    _get_lc_numeric                           - Undefined Weak Reference
    _get_lc_time                              - Undefined Weak Reference
    _getenv_init                              - Undefined Weak Reference
    _handle_redirection                       - Undefined Weak Reference
    _init_alloc                               - Undefined Weak Reference
    _init_user_alloc                          - Undefined Weak Reference
    _initio                                   - Undefined Weak Reference
    _rand_init                                - Undefined Weak Reference
    _signal_finish                            - Undefined Weak Reference
    _signal_init                              - Undefined Weak Reference
    _terminate_alloc                          - Undefined Weak Reference
    _terminate_user_alloc                     - Undefined Weak Reference
    _terminateio                              - Undefined Weak Reference
    __Vectors_Size                           0x00000130   Number         0  startup_gd32f30x_hd.o ABSOLUTE
    __Vectors                                0x08000000   Data           4  startup_gd32f30x_hd.o(RESET)
    __Vectors_End                            0x08000130   Data           0  startup_gd32f30x_hd.o(RESET)
    __main                                   0x08000131   Thumb Code     8  __main.o(!!!main)
    __scatterload                            0x08000139   Thumb Code     0  __scatter.o(!!!scatter)
    __scatterload_rt2                        0x08000139   Thumb Code    44  __scatter.o(!!!scatter)
    __scatterload_rt2_thumb_only             0x08000139   Thumb Code     0  __scatter.o(!!!scatter)
    __scatterload_null                       0x08000147   Thumb Code     0  __scatter.o(!!!scatter)
    __scatterload_copy                       0x0800016d   Thumb Code    26  __scatter_copy.o(!!handler_copy)
    __scatterload_zeroinit                   0x08000189   Thumb Code    28  __scatter_zi.o(!!handler_zi)
    __rt_lib_init                            0x080001a5   Thumb Code     0  libinit.o(.ARM.Collect$$libinit$$00000000)
    __rt_lib_init_fp_1                       0x080001a7   Thumb Code     0  libinit2.o(.ARM.Collect$$libinit$$00000001)
    __rt_lib_init_alloca_1                   0x080001ab   Thumb Code     0  libinit2.o(.ARM.Collect$$libinit$$0000002E)
    __rt_lib_init_argv_1                     0x080001ab   Thumb Code     0  libinit2.o(.ARM.Collect$$libinit$$0000002C)
    __rt_lib_init_atexit_1                   0x080001ab   Thumb Code     0  libinit2.o(.ARM.Collect$$libinit$$0000001B)
    __rt_lib_init_clock_1                    0x080001ab   Thumb Code     0  libinit2.o(.ARM.Collect$$libinit$$00000021)
    __rt_lib_init_cpp_1                      0x080001ab   Thumb Code     0  libinit2.o(.ARM.Collect$$libinit$$00000032)
    __rt_lib_init_exceptions_1               0x080001ab   Thumb Code     0  libinit2.o(.ARM.Collect$$libinit$$00000030)
    __rt_lib_init_fp_trap_1                  0x080001ab   Thumb Code     0  libinit2.o(.ARM.Collect$$libinit$$0000001F)
    __rt_lib_init_getenv_1                   0x080001ab   Thumb Code     0  libinit2.o(.ARM.Collect$$libinit$$00000023)
    __rt_lib_init_heap_1                     0x080001ab   Thumb Code     0  libinit2.o(.ARM.Collect$$libinit$$0000000A)
    __rt_lib_init_lc_collate_1               0x080001ab   Thumb Code     0  libinit2.o(.ARM.Collect$$libinit$$00000011)
    __rt_lib_init_lc_ctype_1                 0x080001ab   Thumb Code     0  libinit2.o(.ARM.Collect$$libinit$$00000013)
    __rt_lib_init_lc_monetary_1              0x080001ab   Thumb Code     0  libinit2.o(.ARM.Collect$$libinit$$00000015)
    __rt_lib_init_lc_numeric_1               0x080001ab   Thumb Code     0  libinit2.o(.ARM.Collect$$libinit$$00000017)
    __rt_lib_init_lc_time_1                  0x080001ab   Thumb Code     0  libinit2.o(.ARM.Collect$$libinit$$00000019)
    __rt_lib_init_preinit_1                  0x080001ab   Thumb Code     0  libinit2.o(.ARM.Collect$$libinit$$00000004)
    __rt_lib_init_rand_1                     0x080001ab   Thumb Code     0  libinit2.o(.ARM.Collect$$libinit$$0000000E)
    __rt_lib_init_return                     0x080001ab   Thumb Code     0  libinit2.o(.ARM.Collect$$libinit$$00000033)
    __rt_lib_init_signal_1                   0x080001ab   Thumb Code     0  libinit2.o(.ARM.Collect$$libinit$$0000001D)
    __rt_lib_init_stdio_1                    0x080001ab   Thumb Code     0  libinit2.o(.ARM.Collect$$libinit$$00000025)
    __rt_lib_init_user_alloc_1               0x080001ab   Thumb Code     0  libinit2.o(.ARM.Collect$$libinit$$0000000C)
    __rt_lib_shutdown                        0x080001ad   Thumb Code     0  libshutdown.o(.ARM.Collect$$libshutdown$$00000000)
    __rt_lib_shutdown_cpp_1                  0x080001af   Thumb Code     0  libshutdown2.o(.ARM.Collect$$libshutdown$$00000004)
    __rt_lib_shutdown_fini_1                 0x080001af   Thumb Code     0  libshutdown2.o(.ARM.Collect$$libshutdown$$00000002)
    __rt_lib_shutdown_fp_trap_1              0x080001af   Thumb Code     0  libshutdown2.o(.ARM.Collect$$libshutdown$$00000009)
    __rt_lib_shutdown_heap_1                 0x080001af   Thumb Code     0  libshutdown2.o(.ARM.Collect$$libshutdown$$00000011)
    __rt_lib_shutdown_return                 0x080001af   Thumb Code     0  libshutdown2.o(.ARM.Collect$$libshutdown$$00000012)
    __rt_lib_shutdown_signal_1               0x080001af   Thumb Code     0  libshutdown2.o(.ARM.Collect$$libshutdown$$0000000C)
    __rt_lib_shutdown_stdio_1                0x080001af   Thumb Code     0  libshutdown2.o(.ARM.Collect$$libshutdown$$00000006)
    __rt_lib_shutdown_user_alloc_1           0x080001af   Thumb Code     0  libshutdown2.o(.ARM.Collect$$libshutdown$$0000000E)
    __rt_entry                               0x080001b1   Thumb Code     0  __rtentry.o(.ARM.Collect$$rtentry$$00000000)
    __rt_entry_presh_1                       0x080001b1   Thumb Code     0  __rtentry2.o(.ARM.Collect$$rtentry$$00000002)
    __rt_entry_sh                            0x080001b1   Thumb Code     0  __rtentry4.o(.ARM.Collect$$rtentry$$00000004)
    __rt_entry_li                            0x080001b7   Thumb Code     0  __rtentry2.o(.ARM.Collect$$rtentry$$0000000A)
    __rt_entry_postsh_1                      0x080001b7   Thumb Code     0  __rtentry2.o(.ARM.Collect$$rtentry$$00000009)
    __rt_entry_main                          0x080001bb   Thumb Code     0  __rtentry2.o(.ARM.Collect$$rtentry$$0000000D)
    __rt_entry_postli_1                      0x080001bb   Thumb Code     0  __rtentry2.o(.ARM.Collect$$rtentry$$0000000C)
    __rt_exit                                0x080001c3   Thumb Code     0  rtexit.o(.ARM.Collect$$rtexit$$00000000)
    __rt_exit_ls                             0x080001c5   Thumb Code     0  rtexit2.o(.ARM.Collect$$rtexit$$00000003)
    __rt_exit_prels_1                        0x080001c5   Thumb Code     0  rtexit2.o(.ARM.Collect$$rtexit$$00000002)
    __rt_exit_exit                           0x080001c9   Thumb Code     0  rtexit2.o(.ARM.Collect$$rtexit$$00000004)
    Reset_Handler                            0x080001d1   Thumb Code     8  startup_gd32f30x_hd.o(.text)
    NMI_Handler                              0x080001d9   Thumb Code     2  startup_gd32f30x_hd.o(.text)
    HardFault_Handler                        0x080001db   Thumb Code     2  startup_gd32f30x_hd.o(.text)
    MemManage_Handler                        0x080001dd   Thumb Code     2  startup_gd32f30x_hd.o(.text)
    BusFault_Handler                         0x080001df   Thumb Code     2  startup_gd32f30x_hd.o(.text)
    UsageFault_Handler                       0x080001e1   Thumb Code     2  startup_gd32f30x_hd.o(.text)
    SVC_Handler                              0x080001e3   Thumb Code     2  startup_gd32f30x_hd.o(.text)
    DebugMon_Handler                         0x080001e5   Thumb Code     2  startup_gd32f30x_hd.o(.text)
    PendSV_Handler                           0x080001e7   Thumb Code     2  startup_gd32f30x_hd.o(.text)
    ADC0_1_IRQHandler                        0x080001eb   Thumb Code     0  startup_gd32f30x_hd.o(.text)
    ADC2_IRQHandler                          0x080001eb   Thumb Code     0  startup_gd32f30x_hd.o(.text)
    CAN0_EWMC_IRQHandler                     0x080001eb   Thumb Code     0  startup_gd32f30x_hd.o(.text)
    CAN0_RX1_IRQHandler                      0x080001eb   Thumb Code     0  startup_gd32f30x_hd.o(.text)
    DMA0_Channel0_IRQHandler                 0x080001eb   Thumb Code     0  startup_gd32f30x_hd.o(.text)
    DMA0_Channel1_IRQHandler                 0x080001eb   Thumb Code     0  startup_gd32f30x_hd.o(.text)
    DMA0_Channel2_IRQHandler                 0x080001eb   Thumb Code     0  startup_gd32f30x_hd.o(.text)
    DMA0_Channel3_IRQHandler                 0x080001eb   Thumb Code     0  startup_gd32f30x_hd.o(.text)
    DMA0_Channel4_IRQHandler                 0x080001eb   Thumb Code     0  startup_gd32f30x_hd.o(.text)
    DMA0_Channel5_IRQHandler                 0x080001eb   Thumb Code     0  startup_gd32f30x_hd.o(.text)
    DMA0_Channel6_IRQHandler                 0x080001eb   Thumb Code     0  startup_gd32f30x_hd.o(.text)
    DMA1_Channel0_IRQHandler                 0x080001eb   Thumb Code     0  startup_gd32f30x_hd.o(.text)
    DMA1_Channel1_IRQHandler                 0x080001eb   Thumb Code     0  startup_gd32f30x_hd.o(.text)
    DMA1_Channel2_IRQHandler                 0x080001eb   Thumb Code     0  startup_gd32f30x_hd.o(.text)
    DMA1_Channel3_4_IRQHandler               0x080001eb   Thumb Code     0  startup_gd32f30x_hd.o(.text)
    EXMC_IRQHandler                          0x080001eb   Thumb Code     0  startup_gd32f30x_hd.o(.text)
    EXTI0_IRQHandler                         0x080001eb   Thumb Code     0  startup_gd32f30x_hd.o(.text)
    EXTI10_15_IRQHandler                     0x080001eb   Thumb Code     0  startup_gd32f30x_hd.o(.text)
    EXTI1_IRQHandler                         0x080001eb   Thumb Code     0  startup_gd32f30x_hd.o(.text)
    EXTI2_IRQHandler                         0x080001eb   Thumb Code     0  startup_gd32f30x_hd.o(.text)
    EXTI3_IRQHandler                         0x080001eb   Thumb Code     0  startup_gd32f30x_hd.o(.text)
    EXTI4_IRQHandler                         0x080001eb   Thumb Code     0  startup_gd32f30x_hd.o(.text)
    EXTI5_9_IRQHandler                       0x080001eb   Thumb Code     0  startup_gd32f30x_hd.o(.text)
    FMC_IRQHandler                           0x080001eb   Thumb Code     0  startup_gd32f30x_hd.o(.text)
    I2C0_ER_IRQHandler                       0x080001eb   Thumb Code     0  startup_gd32f30x_hd.o(.text)
    I2C0_EV_IRQHandler                       0x080001eb   Thumb Code     0  startup_gd32f30x_hd.o(.text)
    I2C1_ER_IRQHandler                       0x080001eb   Thumb Code     0  startup_gd32f30x_hd.o(.text)
    I2C1_EV_IRQHandler                       0x080001eb   Thumb Code     0  startup_gd32f30x_hd.o(.text)
    LVD_IRQHandler                           0x080001eb   Thumb Code     0  startup_gd32f30x_hd.o(.text)
    RCU_CTC_IRQHandler                       0x080001eb   Thumb Code     0  startup_gd32f30x_hd.o(.text)
    RTC_Alarm_IRQHandler                     0x080001eb   Thumb Code     0  startup_gd32f30x_hd.o(.text)
    RTC_IRQHandler                           0x080001eb   Thumb Code     0  startup_gd32f30x_hd.o(.text)
    SDIO_IRQHandler                          0x080001eb   Thumb Code     0  startup_gd32f30x_hd.o(.text)
    SPI0_IRQHandler                          0x080001eb   Thumb Code     0  startup_gd32f30x_hd.o(.text)
    SPI1_IRQHandler                          0x080001eb   Thumb Code     0  startup_gd32f30x_hd.o(.text)
    SPI2_IRQHandler                          0x080001eb   Thumb Code     0  startup_gd32f30x_hd.o(.text)
    TAMPER_IRQHandler                        0x080001eb   Thumb Code     0  startup_gd32f30x_hd.o(.text)
    TIMER0_BRK_IRQHandler                    0x080001eb   Thumb Code     0  startup_gd32f30x_hd.o(.text)
    TIMER0_Channel_IRQHandler                0x080001eb   Thumb Code     0  startup_gd32f30x_hd.o(.text)
    TIMER0_TRG_CMT_IRQHandler                0x080001eb   Thumb Code     0  startup_gd32f30x_hd.o(.text)
    TIMER0_UP_IRQHandler                     0x080001eb   Thumb Code     0  startup_gd32f30x_hd.o(.text)
    TIMER1_IRQHandler                        0x080001eb   Thumb Code     0  startup_gd32f30x_hd.o(.text)
    TIMER2_IRQHandler                        0x080001eb   Thumb Code     0  startup_gd32f30x_hd.o(.text)
    TIMER3_IRQHandler                        0x080001eb   Thumb Code     0  startup_gd32f30x_hd.o(.text)
    TIMER4_IRQHandler                        0x080001eb   Thumb Code     0  startup_gd32f30x_hd.o(.text)
    TIMER5_IRQHandler                        0x080001eb   Thumb Code     0  startup_gd32f30x_hd.o(.text)
    TIMER6_IRQHandler                        0x080001eb   Thumb Code     0  startup_gd32f30x_hd.o(.text)
    TIMER7_BRK_IRQHandler                    0x080001eb   Thumb Code     0  startup_gd32f30x_hd.o(.text)
    TIMER7_Channel_IRQHandler                0x080001eb   Thumb Code     0  startup_gd32f30x_hd.o(.text)
    TIMER7_TRG_CMT_IRQHandler                0x080001eb   Thumb Code     0  startup_gd32f30x_hd.o(.text)
    TIMER7_UP_IRQHandler                     0x080001eb   Thumb Code     0  startup_gd32f30x_hd.o(.text)
    UART3_IRQHandler                         0x080001eb   Thumb Code     0  startup_gd32f30x_hd.o(.text)
    UART4_IRQHandler                         0x080001eb   Thumb Code     0  startup_gd32f30x_hd.o(.text)
    USART1_IRQHandler                        0x080001eb   Thumb Code     0  startup_gd32f30x_hd.o(.text)
    USART2_IRQHandler                        0x080001eb   Thumb Code     0  startup_gd32f30x_hd.o(.text)
    USBD_HP_CAN0_TX_IRQHandler               0x080001eb   Thumb Code     0  startup_gd32f30x_hd.o(.text)
    USBD_LP_CAN0_RX0_IRQHandler              0x080001eb   Thumb Code     0  startup_gd32f30x_hd.o(.text)
    USBD_WKUP_IRQHandler                     0x080001eb   Thumb Code     0  startup_gd32f30x_hd.o(.text)
    WWDGT_IRQHandler                         0x080001eb   Thumb Code     0  startup_gd32f30x_hd.o(.text)
    __user_initial_stackheap                 0x080001ed   Thumb Code    10  startup_gd32f30x_hd.o(.text)
    __use_two_region_memory                  0x08000211   Thumb Code     2  heapauxi.o(.text)
    __rt_heap_escrow$2region                 0x08000213   Thumb Code     2  heapauxi.o(.text)
    __rt_heap_expand$2region                 0x08000215   Thumb Code     2  heapauxi.o(.text)
    __user_setup_stackheap                   0x08000217   Thumb Code    74  sys_stackheap_outer.o(.text)
    exit                                     0x08000261   Thumb Code    18  exit.o(.text)
    __user_libspace                          0x08000275   Thumb Code     8  libspace.o(.text)
    __user_perproc_libspace                  0x08000275   Thumb Code     0  libspace.o(.text)
    __user_perthread_libspace                0x08000275   Thumb Code     0  libspace.o(.text)
    _sys_exit                                0x0800027d   Thumb Code     8  sys_exit.o(.text)
    __I$use$semihosting                      0x08000289   Thumb Code     0  use_no_semi.o(.text)
    __use_no_semihosting_swi                 0x08000289   Thumb Code     2  use_no_semi.o(.text)
    __semihosting_library_function           0x0800028b   Thumb Code     0  indicate_semi.o(.text)
    SmartBTS_USART0_Init                     0x0800028d   Thumb Code   116  bts_uart.o(i.SmartBTS_USART0_Init)
    SmartBTS_USART0_SendChar                 0x08000309   Thumb Code    28  bts_uart.o(i.SmartBTS_USART0_SendChar)
    SmartBTS_USART0_SendString               0x08000329   Thumb Code    22  bts_uart.o(i.SmartBTS_USART0_SendString)
    SysTick_Handler                          0x0800033f   Thumb Code     8  systick.o(i.SysTick_Handler)
    SystemInit                               0x08000349   Thumb Code    66  system_gd32f30x.o(i.SystemInit)
    USART0_IRQHandler                        0x08000399   Thumb Code    68  bts_uart.o(i.USART0_IRQHandler)
    delay_decrement                          0x08000419   Thumb Code    18  systick.o(i.delay_decrement)
    gpio_init                                0x08000431   Thumb Code   164  gd32f30x_gpio.o(i.gpio_init)
    main                                     0x080004d5   Thumb Code    32  main.o(i.main)
    nvic_irq_enable                          0x08000501   Thumb Code   186  gd32f30x_misc.o(i.nvic_irq_enable)
    nvic_priority_group_set                  0x080005c5   Thumb Code    10  gd32f30x_misc.o(i.nvic_priority_group_set)
    rcu_clock_freq_get                       0x080005d9   Thumb Code   310  gd32f30x_rcu.o(i.rcu_clock_freq_get)
    rcu_periph_clock_enable                  0x08000731   Thumb Code    28  gd32f30x_rcu.o(i.rcu_periph_clock_enable)
    systick_config                           0x08000869   Thumb Code    74  systick.o(i.systick_config)
    usart_baudrate_set                       0x080008b9   Thumb Code   136  gd32f30x_usart.o(i.usart_baudrate_set)
    usart_data_receive                       0x08000949   Thumb Code    10  gd32f30x_usart.o(i.usart_data_receive)
    usart_data_transmit                      0x08000953   Thumb Code     8  gd32f30x_usart.o(i.usart_data_transmit)
    usart_enable                             0x0800095b   Thumb Code    10  gd32f30x_usart.o(i.usart_enable)
    usart_flag_get                           0x08000965   Thumb Code    30  gd32f30x_usart.o(i.usart_flag_get)
    usart_interrupt_enable                   0x08000983   Thumb Code    26  gd32f30x_usart.o(i.usart_interrupt_enable)
    usart_interrupt_flag_get                 0x0800099d   Thumb Code    56  gd32f30x_usart.o(i.usart_interrupt_flag_get)
    usart_receive_config                     0x080009d5   Thumb Code    16  gd32f30x_usart.o(i.usart_receive_config)
    usart_transmit_config                    0x080009e5   Thumb Code    16  gd32f30x_usart.o(i.usart_transmit_config)
    _fp_init                                 0x080009f5   Thumb Code    10  fpinit.o(x$fpl$fpinit)
    __fplib_config_fpu_vfp                   0x080009fd   Thumb Code     0  fpinit.o(x$fpl$fpinit)
    __fplib_config_pureend_doubles           0x080009fd   Thumb Code     0  fpinit.o(x$fpl$fpinit)
    Region$$Table$$Base                      0x08000a00   Number         0  anon$$obj.o(Region$$Table)
    Region$$Table$$Limit                     0x08000a20   Number         0  anon$$obj.o(Region$$Table)
    uart0_rxcount                            0x20000004   Data           2  bts_uart.o(.data)
    uart0_flag_rx                            0x20000006   Data           1  bts_uart.o(.data)
    __stdout                                 0x20000008   Data           4  bts_uart.o(.data)
    SystemCoreClock                          0x2000000c   Data           4  system_gd32f30x.o(.data)
    uart0_rxbuffer                           0x20000010   Data         100  bts_uart.o(.bss)
    __libspace_start                         0x20000074   Data          96  libspace.o(.bss)
    __temporary_stack_top$libspace           0x200000d4   Data           0  libspace.o(.bss)



==============================================================================

Memory Map of the image

  Image Entry point : 0x08000131

  Load Region LR_IROM1 (Base: 0x08000000, Size: 0x00000a30, Max: 0x00040000, ABSOLUTE)

    Execution Region ER_IROM1 (Exec base: 0x08000000, Load base: 0x08000000, Size: 0x00000a20, Max: 0x00040000, ABSOLUTE)

    Exec Addr    Load Addr    Size         Type   Attr      Idx    E Section Name        Object

    0x08000000   0x08000000   0x00000130   Data   RO         1270    RESET               startup_gd32f30x_hd.o
    0x08000130   0x08000130   0x00000008   Code   RO         1325  * !!!main             c_w.l(__main.o)
    0x08000138   0x08000138   0x00000034   Code   RO         1484    !!!scatter          c_w.l(__scatter.o)
    0x0800016c   0x0800016c   0x0000001a   Code   RO         1486    !!handler_copy      c_w.l(__scatter_copy.o)
    0x08000186   0x08000186   0x00000002   PAD
    0x08000188   0x08000188   0x0000001c   Code   RO         1488    !!handler_zi        c_w.l(__scatter_zi.o)
    0x080001a4   0x080001a4   0x00000002   Code   RO         1352    .ARM.Collect$$libinit$$00000000  c_w.l(libinit.o)
    0x080001a6   0x080001a6   0x00000004   Code   RO         1358    .ARM.Collect$$libinit$$00000001  c_w.l(libinit2.o)
    0x080001aa   0x080001aa   0x00000000   Code   RO         1361    .ARM.Collect$$libinit$$00000004  c_w.l(libinit2.o)
    0x080001aa   0x080001aa   0x00000000   Code   RO         1364    .ARM.Collect$$libinit$$0000000A  c_w.l(libinit2.o)
    0x080001aa   0x080001aa   0x00000000   Code   RO         1366    .ARM.Collect$$libinit$$0000000C  c_w.l(libinit2.o)
    0x080001aa   0x080001aa   0x00000000   Code   RO         1368    .ARM.Collect$$libinit$$0000000E  c_w.l(libinit2.o)
    0x080001aa   0x080001aa   0x00000000   Code   RO         1371    .ARM.Collect$$libinit$$00000011  c_w.l(libinit2.o)
    0x080001aa   0x080001aa   0x00000000   Code   RO         1373    .ARM.Collect$$libinit$$00000013  c_w.l(libinit2.o)
    0x080001aa   0x080001aa   0x00000000   Code   RO         1375    .ARM.Collect$$libinit$$00000015  c_w.l(libinit2.o)
    0x080001aa   0x080001aa   0x00000000   Code   RO         1377    .ARM.Collect$$libinit$$00000017  c_w.l(libinit2.o)
    0x080001aa   0x080001aa   0x00000000   Code   RO         1379    .ARM.Collect$$libinit$$00000019  c_w.l(libinit2.o)
    0x080001aa   0x080001aa   0x00000000   Code   RO         1381    .ARM.Collect$$libinit$$0000001B  c_w.l(libinit2.o)
    0x080001aa   0x080001aa   0x00000000   Code   RO         1383    .ARM.Collect$$libinit$$0000001D  c_w.l(libinit2.o)
    0x080001aa   0x080001aa   0x00000000   Code   RO         1385    .ARM.Collect$$libinit$$0000001F  c_w.l(libinit2.o)
    0x080001aa   0x080001aa   0x00000000   Code   RO         1387    .ARM.Collect$$libinit$$00000021  c_w.l(libinit2.o)
    0x080001aa   0x080001aa   0x00000000   Code   RO         1389    .ARM.Collect$$libinit$$00000023  c_w.l(libinit2.o)
    0x080001aa   0x080001aa   0x00000000   Code   RO         1391    .ARM.Collect$$libinit$$00000025  c_w.l(libinit2.o)
    0x080001aa   0x080001aa   0x00000000   Code   RO         1395    .ARM.Collect$$libinit$$0000002C  c_w.l(libinit2.o)
    0x080001aa   0x080001aa   0x00000000   Code   RO         1397    .ARM.Collect$$libinit$$0000002E  c_w.l(libinit2.o)
    0x080001aa   0x080001aa   0x00000000   Code   RO         1399    .ARM.Collect$$libinit$$00000030  c_w.l(libinit2.o)
    0x080001aa   0x080001aa   0x00000000   Code   RO         1401    .ARM.Collect$$libinit$$00000032  c_w.l(libinit2.o)
    0x080001aa   0x080001aa   0x00000002   Code   RO         1402    .ARM.Collect$$libinit$$00000033  c_w.l(libinit2.o)
    0x080001ac   0x080001ac   0x00000002   Code   RO         1422    .ARM.Collect$$libshutdown$$00000000  c_w.l(libshutdown.o)
    0x080001ae   0x080001ae   0x00000000   Code   RO         1435    .ARM.Collect$$libshutdown$$00000002  c_w.l(libshutdown2.o)
    0x080001ae   0x080001ae   0x00000000   Code   RO         1437    .ARM.Collect$$libshutdown$$00000004  c_w.l(libshutdown2.o)
    0x080001ae   0x080001ae   0x00000000   Code   RO         1439    .ARM.Collect$$libshutdown$$00000006  c_w.l(libshutdown2.o)
    0x080001ae   0x080001ae   0x00000000   Code   RO         1442    .ARM.Collect$$libshutdown$$00000009  c_w.l(libshutdown2.o)
    0x080001ae   0x080001ae   0x00000000   Code   RO         1445    .ARM.Collect$$libshutdown$$0000000C  c_w.l(libshutdown2.o)
    0x080001ae   0x080001ae   0x00000000   Code   RO         1447    .ARM.Collect$$libshutdown$$0000000E  c_w.l(libshutdown2.o)
    0x080001ae   0x080001ae   0x00000000   Code   RO         1450    .ARM.Collect$$libshutdown$$00000011  c_w.l(libshutdown2.o)
    0x080001ae   0x080001ae   0x00000002   Code   RO         1451    .ARM.Collect$$libshutdown$$00000012  c_w.l(libshutdown2.o)
    0x080001b0   0x080001b0   0x00000000   Code   RO         1327    .ARM.Collect$$rtentry$$00000000  c_w.l(__rtentry.o)
    0x080001b0   0x080001b0   0x00000000   Code   RO         1329    .ARM.Collect$$rtentry$$00000002  c_w.l(__rtentry2.o)
    0x080001b0   0x080001b0   0x00000006   Code   RO         1341    .ARM.Collect$$rtentry$$00000004  c_w.l(__rtentry4.o)
    0x080001b6   0x080001b6   0x00000000   Code   RO         1331    .ARM.Collect$$rtentry$$00000009  c_w.l(__rtentry2.o)
    0x080001b6   0x080001b6   0x00000004   Code   RO         1332    .ARM.Collect$$rtentry$$0000000A  c_w.l(__rtentry2.o)
    0x080001ba   0x080001ba   0x00000000   Code   RO         1334    .ARM.Collect$$rtentry$$0000000C  c_w.l(__rtentry2.o)
    0x080001ba   0x080001ba   0x00000008   Code   RO         1335    .ARM.Collect$$rtentry$$0000000D  c_w.l(__rtentry2.o)
    0x080001c2   0x080001c2   0x00000002   Code   RO         1356    .ARM.Collect$$rtexit$$00000000  c_w.l(rtexit.o)
    0x080001c4   0x080001c4   0x00000000   Code   RO         1404    .ARM.Collect$$rtexit$$00000002  c_w.l(rtexit2.o)
    0x080001c4   0x080001c4   0x00000004   Code   RO         1405    .ARM.Collect$$rtexit$$00000003  c_w.l(rtexit2.o)
    0x080001c8   0x080001c8   0x00000006   Code   RO         1406    .ARM.Collect$$rtexit$$00000004  c_w.l(rtexit2.o)
    0x080001ce   0x080001ce   0x00000002   PAD
    0x080001d0   0x080001d0   0x00000040   Code   RO         1271    .text               startup_gd32f30x_hd.o
    0x08000210   0x08000210   0x00000006   Code   RO         1323    .text               c_w.l(heapauxi.o)
    0x08000216   0x08000216   0x0000004a   Code   RO         1343    .text               c_w.l(sys_stackheap_outer.o)
    0x08000260   0x08000260   0x00000012   Code   RO         1345    .text               c_w.l(exit.o)
    0x08000272   0x08000272   0x00000002   PAD
    0x08000274   0x08000274   0x00000008   Code   RO         1353    .text               c_w.l(libspace.o)
    0x0800027c   0x0800027c   0x0000000c   Code   RO         1414    .text               c_w.l(sys_exit.o)
    0x08000288   0x08000288   0x00000002   Code   RO         1425    .text               c_w.l(use_no_semi.o)
    0x0800028a   0x0800028a   0x00000000   Code   RO         1427    .text               c_w.l(indicate_semi.o)
    0x0800028a   0x0800028a   0x00000002   PAD
    0x0800028c   0x0800028c   0x0000007c   Code   RO          148    i.SmartBTS_USART0_Init  bts_uart.o
    0x08000308   0x08000308   0x00000020   Code   RO          150    i.SmartBTS_USART0_SendChar  bts_uart.o
    0x08000328   0x08000328   0x00000016   Code   RO          152    i.SmartBTS_USART0_SendString  bts_uart.o
    0x0800033e   0x0800033e   0x00000008   Code   RO           95    i.SysTick_Handler   systick.o
    0x08000346   0x08000346   0x00000002   PAD
    0x08000348   0x08000348   0x00000050   Code   RO         1279    i.SystemInit        system_gd32f30x.o
    0x08000398   0x08000398   0x00000058   Code   RO          153    i.USART0_IRQHandler  bts_uart.o
    0x080003f0   0x080003f0   0x00000028   Code   RO           96    i.__NVIC_SetPriority  systick.o
    0x08000418   0x08000418   0x00000018   Code   RO           98    i.delay_decrement   systick.o
    0x08000430   0x08000430   0x000000a4   Code   RO          382    i.gpio_init         gd32f30x_gpio.o
    0x080004d4   0x080004d4   0x0000002c   Code   RO            4    i.main              main.o
    0x08000500   0x08000500   0x000000c4   Code   RO          504    i.nvic_irq_enable   gd32f30x_misc.o
    0x080005c4   0x080005c4   0x00000014   Code   RO          505    i.nvic_priority_group_set  gd32f30x_misc.o
    0x080005d8   0x080005d8   0x00000158   Code   RO          710    i.rcu_clock_freq_get  gd32f30x_rcu.o
    0x08000730   0x08000730   0x00000020   Code   RO          728    i.rcu_periph_clock_enable  gd32f30x_rcu.o
    0x08000750   0x08000750   0x00000110   Code   RO         1280    i.system_clock_120m_hxtal  system_gd32f30x.o
    0x08000860   0x08000860   0x00000008   Code   RO         1281    i.system_clock_config  system_gd32f30x.o
    0x08000868   0x08000868   0x00000050   Code   RO           99    i.systick_config    systick.o
    0x080008b8   0x080008b8   0x00000090   Code   RO          954    i.usart_baudrate_set  gd32f30x_usart.o
    0x08000948   0x08000948   0x0000000a   Code   RO          957    i.usart_data_receive  gd32f30x_usart.o
    0x08000952   0x08000952   0x00000008   Code   RO          958    i.usart_data_transmit  gd32f30x_usart.o
    0x0800095a   0x0800095a   0x0000000a   Code   RO          963    i.usart_enable      gd32f30x_usart.o
    0x08000964   0x08000964   0x0000001e   Code   RO          965    i.usart_flag_get    gd32f30x_usart.o
    0x08000982   0x08000982   0x0000001a   Code   RO          972    i.usart_interrupt_enable  gd32f30x_usart.o
    0x0800099c   0x0800099c   0x00000038   Code   RO          974    i.usart_interrupt_flag_get  gd32f30x_usart.o
    0x080009d4   0x080009d4   0x00000010   Code   RO          987    i.usart_receive_config  gd32f30x_usart.o
    0x080009e4   0x080009e4   0x00000010   Code   RO         1001    i.usart_transmit_config  gd32f30x_usart.o
    0x080009f4   0x080009f4   0x0000000a   Code   RO         1412    x$fpl$fpinit        fz_wm.l(fpinit.o)
    0x080009fe   0x080009fe   0x00000002   PAD
    0x08000a00   0x08000a00   0x00000020   Data   RO         1482    Region$$Table       anon$$obj.o


    Execution Region RW_IRAM1 (Exec base: 0x20000000, Load base: 0x08000a20, Size: 0x000008d8, Max: 0x0000c000, ABSOLUTE)

    Exec Addr    Load Addr    Size         Type   Attr      Idx    E Section Name        Object

    0x20000000   0x08000a20   0x00000004   Data   RW          100    .data               systick.o
    0x20000004   0x08000a24   0x00000008   Data   RW          156    .data               bts_uart.o
    0x2000000c   0x08000a2c   0x00000004   Data   RW         1282    .data               system_gd32f30x.o
    0x20000010        -       0x00000064   Zero   RW          155    .bss                bts_uart.o
    0x20000074        -       0x00000060   Zero   RW         1354    .bss                c_w.l(libspace.o)
    0x200000d4   0x08000a30   0x00000004   PAD
    0x200000d8        -       0x00000400   Zero   RW         1269    HEAP                startup_gd32f30x_hd.o
    0x200004d8        -       0x00000400   Zero   RW         1268    STACK               startup_gd32f30x_hd.o


==============================================================================

Image component sizes


      Code (inc. data)   RO Data    RW Data    ZI Data      Debug   Object Name

       266         32          0          8        100       4192   bts_uart.o
       164          0          0          0          0        884   gd32f30x_gpio.o
       216         20          0          0          0       1436   gd32f30x_misc.o
       376         38          0          0          0       1843   gd32f30x_rcu.o
       316          8          0          0          0       5895   gd32f30x_usart.o
        44         12          0          0          0      33115   main.o
        64         26        304          0       2048        924   startup_gd32f30x_hd.o
       360         30          0          4          0       1963   system_gd32f30x.o
       152         20          0          4          0      32828   systick.o

    ----------------------------------------------------------------------
      1960        186        336         16       2148      83080   Object Totals
         0          0         32          0          0          0   (incl. Generated)
         2          0          0          0          0          0   (incl. Padding)

    ----------------------------------------------------------------------

      Code (inc. data)   RO Data    RW Data    ZI Data      Debug   Library Member Name

         8          0          0          0          0         68   __main.o
         0          0          0          0          0          0   __rtentry.o
        12          0          0          0          0          0   __rtentry2.o
         6          0          0          0          0          0   __rtentry4.o
        52          8          0          0          0          0   __scatter.o
        26          0          0          0          0          0   __scatter_copy.o
        28          0          0          0          0          0   __scatter_zi.o
        18          0          0          0          0         80   exit.o
         6          0          0          0          0        152   heapauxi.o
         0          0          0          0          0          0   indicate_semi.o
         2          0          0          0          0          0   libinit.o
         6          0          0          0          0          0   libinit2.o
         2          0          0          0          0          0   libshutdown.o
         2          0          0          0          0          0   libshutdown2.o
         8          4          0          0         96         68   libspace.o
         2          0          0          0          0          0   rtexit.o
        10          0          0          0          0          0   rtexit2.o
        12          4          0          0          0         68   sys_exit.o
        74          0          0          0          0         80   sys_stackheap_outer.o
         2          0          0          0          0         68   use_no_semi.o
        10          0          0          0          0        116   fpinit.o

    ----------------------------------------------------------------------
       296         16          0          0        100        700   Library Totals
        10          0          0          0          4          0   (incl. Padding)

    ----------------------------------------------------------------------

      Code (inc. data)   RO Data    RW Data    ZI Data      Debug   Library Name

       276         16          0          0         96        584   c_w.l
        10          0          0          0          0        116   fz_wm.l

    ----------------------------------------------------------------------
       296         16          0          0        100        700   Library Totals

    ----------------------------------------------------------------------

==============================================================================


      Code (inc. data)   RO Data    RW Data    ZI Data      Debug   

      2256        202        336         16       2248      81424   Grand Totals
      2256        202        336         16       2248      81424   ELF Image Totals
      2256        202        336         16          0          0   ROM Totals

==============================================================================

    Total RO  Size (Code + RO Data)                 2592 (   2.53kB)
    Total RW  Size (RW Data + ZI Data)              2264 (   2.21kB)
    Total ROM Size (Code + RO Data + RW Data)       2608 (   2.55kB)

==============================================================================

