<html>
<body>
<pre>
<h1>µVision Build Log</h1>
<h2>Tool Versions:</h2>
IDE-Version: µVision V5.36.0.0
Copyright (C) 2021 ARM Ltd and ARM Germany GmbH. All rights reserved.
License Information: a b, d, LIC=9WSKC-7W9S8-SBKEJ-U20M0-X6RJ2-XJQLI
 
Tool Versions:
Toolchain:       MDK-ARM Plus  Version: 5.36.0.0
Toolchain Path:  C:\Keil_v5\ARM\ARMCC\Bin
C Compiler:      Armcc.exe V5.06 update 7 (build 960)
Assembler:       Armasm.exe V5.06 update 7 (build 960)
Linker/Locator:  ArmLink.exe V5.06 update 7 (build 960)
Library Manager: ArmAr.exe V5.06 update 7 (build 960)
Hex Converter:   FromElf.exe V5.06 update 7 (build 960)
CPU DLL:         SARMCM3.DLL V5.36.0.0
Dialog DLL:      DCM.DLL V1.17.3.0
Target DLL:      STLink\ST-LINKIII-KEIL_SWO.dll V3.0.9.0
Dialog DLL:      TCM.DLL V1.53.0.0
 
<h2>Project:</h2>
F:\Project\1.BTS_Project\2.BTS_Project_Ver2\8.ADC\MDK\gpio.uvprojx
Project File Date:  02/19/2023

<h2>Output:</h2>
*** Using Compiler 'V5.06 update 7 (build 960)', folder: 'C:\Keil_v5\ARM\ARMCC\Bin'
Build target 'Target 1'
compiling bts_adc.c...
..\USER\bts_adc.c(61): warning:  #940-D: missing return statement at end of non-void function "BTS_ADC_Read" 
  }
..\USER\bts_adc.c: 1 warning, 0 errors
linking...
Program Size: Code=8128 RO-data=400 RW-data=20 ZI-data=2244  
FromELF: creating hex file...
".\Objects\gpio.axf" - 0 Error(s), 1 Warning(s).

<h2>Software Packages used:</h2>

Package Vendor: ARM
                http://www.keil.com/pack/ARM.CMSIS.5.9.0.pack
                ARM.CMSIS.5.9.0
                CMSIS (Common Microcontroller Software Interface Standard)
   * Component: CORE Version: 5.6.0

Package Vendor: GigaDevice
                http://gd32mcu.com/data/documents/pack/GigaDevice.GD32F30x_DFP.2.1.0.pack
                GigaDevice.GD32F30x_DFP.2.1.0
                GigaDevice GD32F30x Series Device Support and Examples
   * Component: GD32F30x Version: 2.1.0
   * Component: ADC Version: 2.1.0
   * Component: EXTI Version: 2.1.0
   * Component: FMC Version: 2.1.0
   * Component: GPIO Version: 2.1.0
   * Component: MISC Version: 2.1.0
   * Component: PMU Version: 2.1.0
   * Component: RCU Version: 2.1.0
   * Component: TIMER Version: 2.1.0
   * Component: USART Version: 2.1.0
   * Component: GD32F30x_libopt Version: 2.1.0
   * Component: Startup Version: 2.1.0

<h2>Collection of Component include folders:</h2>
  .\RTE\_Target_1
  C:\Users\nvan0\AppData\Local\Arm\Packs\ARM\CMSIS\5.9.0\CMSIS\Core\Include
  C:\Users\nvan0\AppData\Local\Arm\Packs\GigaDevice\GD32F30x_DFP\2.1.0\Device\Firmware\Peripherals\inc
  C:\Users\nvan0\AppData\Local\Arm\Packs\GigaDevice\GD32F30x_DFP\2.1.0\Device\Include
  C:\Users\nvan0\AppData\Local\Arm\Packs\GigaDevice\GD32F30x_DFP\2.1.0\Device\Template
  C:\Users\nvan0\AppData\Local\Arm\Packs\GigaDevice\GD32F30x_DFP\2.1.0\Device\Utilities

<h2>Collection of Component Files used:</h2>

   * Component: ARM::CMSIS:CORE:5.6.0

   * Component: GigaDevice::Device:EVAL:GD32F30x:2.1.0
      Include file:  Device\Utilities\gd32f30x_eval.h
      Source file:   Device\Utilities\gd32f30x_eval.c

   * Component: GigaDevice::Device:GD32F30x_StdPeripherals:ADC:2.1.0
      Source file:   Device\Firmware\Peripherals\src\gd32f30x_adc.c
      Include file:  Device\Firmware\Peripherals\inc\gd32f30x_adc.h

   * Component: GigaDevice::Device:GD32F30x_StdPeripherals:EXTI:2.1.0
      Include file:  Device\Firmware\Peripherals\inc\gd32f30x_exti.h
      Source file:   Device\Firmware\Peripherals\src\gd32f30x_exti.c

   * Component: GigaDevice::Device:GD32F30x_StdPeripherals:FMC:2.1.0
      Source file:   Device\Firmware\Peripherals\src\gd32f30x_fmc.c
      Include file:  Device\Firmware\Peripherals\inc\gd32f30x_fmc.h

   * Component: GigaDevice::Device:GD32F30x_StdPeripherals:GPIO:2.1.0
      Source file:   Device\Firmware\Peripherals\src\gd32f30x_gpio.c
      Include file:  Device\Firmware\Peripherals\inc\gd32f30x_gpio.h

   * Component: GigaDevice::Device:GD32F30x_StdPeripherals:MISC:2.1.0
      Source file:   Device\Firmware\Peripherals\src\gd32f30x_misc.c
      Include file:  Device\Firmware\Peripherals\inc\gd32f30x_misc.h

   * Component: GigaDevice::Device:GD32F30x_StdPeripherals:PMU:2.1.0
      Include file:  Device\Firmware\Peripherals\inc\gd32f30x_pmu.h
      Source file:   Device\Firmware\Peripherals\src\gd32f30x_pmu.c

   * Component: GigaDevice::Device:GD32F30x_StdPeripherals:RCU:2.1.0
      Include file:  Device\Firmware\Peripherals\inc\gd32f30x_rcu.h
      Source file:   Device\Firmware\Peripherals\src\gd32f30x_rcu.c

   * Component: GigaDevice::Device:GD32F30x_StdPeripherals:TIMER:2.1.0
      Include file:  Device\Firmware\Peripherals\inc\gd32f30x_timer.h
      Source file:   Device\Firmware\Peripherals\src\gd32f30x_timer.c

   * Component: GigaDevice::Device:GD32F30x_StdPeripherals:USART:2.1.0
      Include file:  Device\Firmware\Peripherals\inc\gd32f30x_usart.h
      Source file:   Device\Firmware\Peripherals\src\gd32f30x_usart.c

   * Component: GigaDevice::Device:GD32F30x_libopt:2.1.0
      Include file:  Device\Template\gd32f30x_libopt.h

   * Component: GigaDevice::Device:Startup:2.1.0
      Source file:   Device\Source\system_gd32f30x.c
      Source file:   Device\Source\ARM\startup_gd32f30x_hd.s
      Include file:  Device\Include\gd32f30x.h
Build Time Elapsed:  00:00:00
</pre>
</body>
</html>
